@@GATE-META step=5 cmd_sha=657ddd3ec6b8eb29d8fe7bf165a0a9e139eeda98c7fbec9fcf1ad1853c2b199a run_id=20260807T082935Z git_sha=f6dde005108a1a96dd8e9c1e0a4fc681d816f35f source_sha=f6dde005108a1a96dd8e9c1e0a4fc681d816f35f started_at=2026-08-07T08:29:41Z deployed_base_url=http://127.0.0.1:44121 sourceRevision=f6dde005108a1a96dd8e9c1e0a4fc681d816f35f@@
CMD: bun services/platform/src/cli/holo.ts cutover:rollback-repoint --json --base-url ${HOLO_VERIFY_BASE_URL:?set HOLO_VERIFY_BASE_URL}
{
  "ok": false,
  "repointed": false,
  "target": "convex-frozen",
  "target_kind": "convex",
  "data_plane": "convex",
  "engaged_at": "",
  "engaged_at_ms": 0,
  "configured_target": "/Users/inference1/Projects/holocron/services/platform/config/secrets.yaml",
  "precondition": {
    "ok": false,
    "accepted_post_export_writes": 0,
    "export_watermark_ms": 1786173263558,
    "audit_path": "/Users/inference1/Projects/holocron/.tmp/D06-05/post-export-write-audit.json",
    "ponr_recorded": true,
    "ponr_id": "d2908c02-4ef0-421e-80d1-12f6406abb7c",
    "ponr_recorded_at": "2026-08-07 08:29:41.307372+00"
  },
  "config": {
    "path": "/Users/inference1/Projects/holocron/.tmp/D06-05/data-plane-config.json",
    "digest_sha256": "",
    "prior_target": "convex-frozen"
  },
  "acknowledgements": [],
  "report_path": "/Users/inference1/Projects/holocron/.tmp/D06-05/rollback-repoint-report.json",
  "error": {
    "code": "POST_PONR_INELIGIBLE",
    "message": "cutover:rollback-repoint refuses: data-plane point of no return already recorded (ponr_id=d2908c02-4ef0-421e-80d1-12f6406abb7c, write_row_id=b6db1a5b-c033-4b9d-af1d-283dbe778406). Convex re-point is permanently ineligible; restore from Postgres/blob backups (UC-SYNC-04 / UC-SYNC-05)."
  }
}
@@GATE-EXIT=2@@
