harvest-evidence: task=S31-06 manifest=.tmp/S31-06/verify-manifest.json
  typecheck: pnpm typecheck
  lint: pnpm biome check services/platform/src/inference/probe-capability.ts services/platform/src/inference/extract-structured.ts services/platform/src/cli/holo.ts services/platform/tests/integration/sprint31-probe-driven-extraction.test.ts services/platform/tests/integration/sprint31-manifest-fail-closed.test.ts
  test (suite): PLATFORM_IT=1 pnpm vitest run --project integration services/platform/tests/integration/sprint31-probe-driven-extraction.test.ts services/platform/tests/integration/sprint31-manifest-fail-closed.test.ts
  requirements: 4
  [AC-1] PLATFORM_IT=1 pnpm vitest run --project integration services/platform/tests/integration/sprint31-probe-driven-extraction.test.ts -t extractionConsumesTheBootProbe
  [AC-2] PLATFORM_IT=1 pnpm vitest run --project integration services/platform/tests/integration/sprint31-manifest-fail-closed.test.ts -t manifestFailsClosedOnUnconfirmedCapability
  [AC-3] PLATFORM_IT=1 pnpm vitest run --project integration services/platform/tests/integration/sprint31-manifest-fail-closed.test.ts -t manifestMatchesLiveFleet
  [AC-4] PLATFORM_IT=1 pnpm vitest run --project integration services/platform/tests/integration/sprint31-probe-driven-extraction.test.ts -t repairModeStillFailsExplicitly
  archived prior summary → verification-summary.prev-1f75e0b4a1ae.json

harvest-evidence: done
  task:       S31-06
  commit:     41bd9f1f
  typecheck:  exit=0
  lint:       exit=0 warnings=0
  evidence:   4 pass, 0 fail (of 4 requirements)
  output:     .tmp/S31-06/verification-summary.json

  Manual files still needed (if applicable):
    .tmp/S31-06/red-output.txt                 (if requires_red_evidence)
    .tmp/S31-06/{AC}-red-against-start.txt     (if requires_seeded_evidence)
    .tmp/S31-06/{AC}-green.txt                 (if requires_seeded_evidence)
    .tmp/S31-06/{AC}-seeded-artifact.*          (if requires_seeded_evidence)
    .tmp/S31-06/pre-existing-issues.md         (if pre-existing failures)
