harvest-evidence: task=S31-01 manifest=.tmp/S31-01/verify-manifest.json
  typecheck: pnpm typecheck
  lint: pnpm biome check services/platform/src/db/migrate.ts services/platform/src/db/index.ts services/platform/src/queue/schema.ts services/platform/src/queue/durable-effect.ts services/platform/src/queue/jobs-runner.ts services/platform/src/backup/heartbeat.ts services/platform/src/backup/wal-archive.ts services/platform/src/inference/degraded-mode-controller.ts services/platform/src/inference/escape-degraded-guard.ts services/platform/tests/integration/sprint31-migration-truth.test.ts services/platform/tests/integration/sprint31-no-runtime-ddl.test.ts services/platform/tests/integration/sprint31-escape-guard-row.test.ts services/platform/tests/integration/sprint31-queue-schema-reconciled.test.ts
  test (suite): PLATFORM_IT=1 pnpm vitest run --project integration services/platform/tests/integration/sprint31-migration-truth.test.ts services/platform/tests/integration/sprint31-no-runtime-ddl.test.ts services/platform/tests/integration/sprint31-escape-guard-row.test.ts services/platform/tests/integration/sprint31-queue-schema-reconciled.test.ts
  requirements: 5
  [AC-1] PLATFORM_IT=1 pnpm vitest run --project integration services/platform/tests/integration/sprint31-migration-truth.test.ts -t freshNamespaceMigratesToCompleteSchema
  [AC-2] PLATFORM_IT=1 pnpm vitest run --project integration services/platform/tests/integration/sprint31-migration-truth.test.ts -t ordinalGateRefusesCollisionAndGap
  [AC-3] PLATFORM_IT=1 pnpm vitest run --project integration services/platform/tests/integration/sprint31-no-runtime-ddl.test.ts -t platformOperatesWithoutCreatePrivilege
  [AC-4] PLATFORM_IT=1 pnpm vitest run --project integration services/platform/tests/integration/sprint31-escape-guard-row.test.ts -t escapeGuardFailsLoudlyWithoutRow
  [AC-5] PLATFORM_IT=1 pnpm vitest run --project integration services/platform/tests/integration/sprint31-queue-schema-reconciled.test.ts -t queueSchemaMatchesMigration0010
  archived prior summary → verification-summary.prev-179b7016c835.json

harvest-evidence: done
  task:       S31-01
  commit:     88a3ae64
  typecheck:  exit=0
  lint:       exit=0 warnings=1
  evidence:   5 pass, 0 fail (of 5 requirements)
  output:     .tmp/S31-01/verification-summary.json

  Manual files still needed (if applicable):
    .tmp/S31-01/red-output.txt                 (if requires_red_evidence)
    .tmp/S31-01/{AC}-red-against-start.txt     (if requires_seeded_evidence)
    .tmp/S31-01/{AC}-green.txt                 (if requires_seeded_evidence)
    .tmp/S31-01/{AC}-seeded-artifact.*          (if requires_seeded_evidence)
    .tmp/S31-01/pre-existing-issues.md         (if pre-existing failures)
