@@GATE-META step=2 task=REDHAT-FIX-S29-R3-C01 run_id=20260802T050145Z source_sha=79287567bdc5d1848f53d0bf0aa712419fa37f53 git_sha=79287567bdc5d1848f53d0bf0aa712419fa37f53 started_at=2026-08-02T05:05:49Z deployed_base_url=local-process://holo-cli identity_class=local-process@@
CMD: set -euo pipefail; mkdir -p .tmp/D06-03 .tmp/REDHAT-FIX-S29-H03; bun services/platform/src/cli/holo.ts cutover:freeze --json --output .tmp/D06-03/freeze-report.json --reason "sprint-29-human-gate" | tee .tmp/REDHAT-FIX-S29-H03/step2-freeze.json; jq -e '.ok == true and .env_value == "1" and .fence_armed_at > 0' .tmp/D06-03/freeze-report.json
---
{
  "ok": true,
  "fence_armed_at": 1785647152519,
  "confirmed_at_ms": 1785647152150,
  "cross_process_probe": {
    "rejected": true,
    "message": "migration_read_only: mutation blocked while HOLO_MIGRATION_READ_ONLY is set",
    "surface": "documents.mutations.create",
    "documentsBefore": 1618,
    "documentsAfter": 1618,
    "child_pid": 41257
  },
  "env": "HOLO_MIGRATION_READ_ONLY",
  "env_value": "1",
  "reason": "sprint-29-human-gate",
  "audit_id": "vn759v337670x7hfzdy32h4kgs8bq00z",
  "report_path": "/Users/inference1/Projects/holocron/.tmp/D06-03/freeze-report.json"
}
true
---
@@GATE-EXIT=0@@
@@GATE-ENDED=2026-08-02T05:05:52Z@@
@@GATE-TIMEOUT-CAP=180s@@
