services/platform/src/cutover/convex-fence-client.ts:24:29 lint/suspicious/noExplicitAny ━━━━━━━━━━━

  ! Unexpected any. Specify a different type.
  
    23 │ // anyApi is an open proxy; cast the whole chain through unknown for strict TS.
  > 24 │ const auditApi = (anyApi as any).migrationFence.audit as {
       │                             ^^^
    25 │   recordFenceArmed: FunctionReference<'mutation'>;
    26 │   recordWriteAttempt: FunctionReference<'mutation'>;
  
  i any disables many type checking rules. Its use should be avoided.
  

services/platform/src/cutover/convex-fence-client.ts:31:29 lint/suspicious/noExplicitAny ━━━━━━━━━━━

  ! Unexpected any. Specify a different type.
  
    29 │ };
    30 │ 
  > 31 │ const drainApi = (anyApi as any).migrationFence.drain as {
       │                             ^^^
    32 │   disableAndDrain: FunctionReference<'mutation'>;
    33 │   latestDrain: FunctionReference<'query'>;
  
  i any disables many type checking rules. Its use should be avoided.
  

services/platform/src/cutover/convex-fence-client.ts:38:31 lint/suspicious/noExplicitAny ━━━━━━━━━━━

  ! Unexpected any. Specify a different type.
  
    36 │ };
    37 │ 
  > 38 │ const docsCreate = (anyApi as any).documents.mutations.create as FunctionReference<'mutation'>;
       │                               ^^^
    39 │ const docsCount = (anyApi as any).documents.queries.count as FunctionReference<'query'>;
    40 │ const subsAdd = (anyApi as any).subscriptions.mutations.add as FunctionReference<'mutation'>;
  
  i any disables many type checking rules. Its use should be avoided.
  

services/platform/src/cutover/convex-fence-client.ts:39:30 lint/suspicious/noExplicitAny ━━━━━━━━━━━

  ! Unexpected any. Specify a different type.
  
    38 │ const docsCreate = (anyApi as any).documents.mutations.create as FunctionReference<'mutation'>;
  > 39 │ const docsCount = (anyApi as any).documents.queries.count as FunctionReference<'query'>;
       │                              ^^^
    40 │ const subsAdd = (anyApi as any).subscriptions.mutations.add as FunctionReference<'mutation'>;
    41 │ 
  
  i any disables many type checking rules. Its use should be avoided.
  

services/platform/src/cutover/convex-fence-client.ts:40:28 lint/suspicious/noExplicitAny ━━━━━━━━━━━

  ! Unexpected any. Specify a different type.
  
    38 │ const docsCreate = (anyApi as any).documents.mutations.create as FunctionReference<'mutation'>;
    39 │ const docsCount = (anyApi as any).documents.queries.count as FunctionReference<'query'>;
  > 40 │ const subsAdd = (anyApi as any).subscriptions.mutations.add as FunctionReference<'mutation'>;
       │                            ^^^
    41 │ 
    42 │ /** Cross-process blocked-write probe result (H-05 / AC-2). */
  
  i any disables many type checking rules. Its use should be avoided.
  

services/platform/tests/integration/sprint29-fence-arm-order.test.ts:278:14 lint/style/noNonNullAssertion ━━━━━━━━━━

  ! Forbidden non-null assertion.
  
    276 │     expect(shareToken).toBeTruthy();
    277 │     const baseline = await captureArticleBaseline({
  > 278 │       token: shareToken!,
        │              ^^^^^^^^^^^
    279 │       outputPath: resolve(EVIDENCE, 'article-baseline.json'),
    280 │       freezeReportPath: resolve(D0603, 'freeze-report.json'),
  

services/platform/src/cutover/convex-fence-client.ts:39:7 lint/correctness/noUnusedVariables  FIXABLE  ━━━━━━━━━━

  × This variable docsCount is unused.
  
    38 │ const docsCreate = (anyApi as any).documents.mutations.create as FunctionReference<'mutation'>;
  > 39 │ const docsCount = (anyApi as any).documents.queries.count as FunctionReference<'query'>;
       │       ^^^^^^^^^
    40 │ const subsAdd = (anyApi as any).subscriptions.mutations.add as FunctionReference<'mutation'>;
    41 │ 
  
  i Unused variables are often the result of typos, incomplete refactors, or other sources of bugs.
  
  i Unsafe fix: If this is intentional, prepend docsCount with an underscore.
  
      37   37 │   
      38   38 │   const docsCreate = (anyApi as any).documents.mutations.create as FunctionReference<'mutation'>;
      39      │ - const·docsCount·=·(anyApi·as·any).documents.queries.count·as·FunctionReference<'query'>;
           39 │ + const·_docsCount·=·(anyApi·as·any).documents.queries.count·as·FunctionReference<'query'>;
      40   40 │   const subsAdd = (anyApi as any).subscriptions.mutations.add as FunctionReference<'mutation'>;
      41   41 │   
  

services/platform/src/cutover/convex-fence-client.ts format ━━━━━━━━━━━━━━━━━━━━━━━━━━━━━━━━━━━━━━━━

  × Formatter would have printed the following content:
  
     350  350 │     const spawnError = child.error?.message ?? null;
     351  351 │     const timedOut =
     352      │ - ····child.signal·===·'SIGTERM'·||
     353      │ - ····(child.status·===·null·&&·spawnError·==·null·&&·!stdout);
          352 │ + ····child.signal·===·'SIGTERM'·||·(child.status·===·null·&&·spawnError·==·null·&&·!stdout);
     354  353 │   
     355  354 │     // Last JSON line wins (bun may emit warnings)
  

Checked 2 files in 12ms. No fixes applied.
Found 2 errors.
Found 6 warnings.
check ━━━━━━━━━━━━━━━━━━━━━━━━━━━━━━━━━━━━━━━━━━━━━━━━━━━━━━━━━━━━━━━━━━━━━━━━━━━━━━━━━━━━━━━━━━━━━━

  × Some errors were emitted while running checks.
  

