
 RUN  v4.1.0 /Users/inference1/Projects/holocron/.kb-run-sprint/worktrees/GATE-FIX-S28R3-QA21

 ✓ |integration| services/platform/tests/integration/sprint28-s28r3-qa6-gate-fix.test.ts (13 tests | 1 skipped) 462ms
 ✓ |integration| services/platform/tests/integration/sprint28-gate-fix-qa1.test.ts (14 tests | 1 skipped) 437ms
 ✓ |integration| services/platform/tests/integration/sprint28-s28r3-gate-bind.test.ts (8 tests) 10274ms
     ✓ AC-4: prove-isolation with REQUIRE_LIVE_R2_RO=1 + placeholders → non-zero + DEPENDENCY-S28-R2-RO  10153ms
 ✓ |integration| services/platform/tests/integration/sprint28-s28r3-qa9-gate-fix.test.ts (9 tests) 10524ms
     ✓ verify-restore-creds loads R2_RESTORE_SESSION_TOKEN from secrets and accepts CF shape  587ms
     ✓ provision REQUIRE_LIVE ignores caller-forged proof and succeeds via fixed prover + PATH aws mock  3034ms
     ✓ provision REQUIRE_LIVE fails when live prove fails (forged path cannot skip)  2345ms
     ✓ fire-drill maps session token into child (recorder must execute)  3875ms
 ✓ |integration| services/platform/tests/integration/sprint28-s28r3-qa11-gate-fix.test.ts (8 tests) 11503ms
     ✓ live path uses real prove-r2-readonly with PATH aws mock (producer fixed)  3182ms
     ✓ verify redacts token and fingerprints env restore token (not file)  491ms
     ✓ fire-drill child receives env restore token metadata only (status 0 + parity report)  3749ms
     ✓ tampered proof after prove fails context/tuple/mode checks via real consumer path  1979ms
     ✓ aws canary never appears in prove logs  1187ms
 ✓ |integration| services/platform/tests/integration/sprint28-s28r3-qa10-gate-fix.test.ts (8 tests) 15399ms
     ✓ caller-forged HOLO_R2_RO_PROOF_PATH is never authoritative (fixed prover + PATH aws mock)  3195ms
     ✓ env R2_RESTORE_SESSION_TOKEN wins over file writer R2_SESSION_TOKEN and file restore token  3735ms
     ✓ file restore token used when env R2_RESTORE_SESSION_TOKEN unset (not writer R2_SESSION_TOKEN)  3690ms
     ✓ verify env restore token is not overwritten by file (env-over-file)  618ms
     ✓ canaries never appear in provision/fire-drill stdout for valid path  3560ms
 ✓ |integration| services/platform/tests/integration/sprint28-s28r3-qa16-gate-fix.test.ts (9 tests) 5669ms
     ✓ production refuses env override of versioned in_key (RED→GREEN kill)  391ms
     ✓ production refuses env override of versioned out_key  413ms
     ✓ production refuses path override env HOLO_SCOPE_PROBES_JSON  334ms
     ✓ production refuses R2_RO_SCOPE_PROBES_JSON_OVERRIDE  368ms
     ✓ production binds versioned keys when env probe keys are unset  1585ms
     ✓ malformed versioned artifact fails closed (temporary replace)  340ms
     ✓ harness still allows fixture keys under mock mode only  1750ms
 ✓ |integration| services/platform/tests/integration/sprint28-fire-drill-baseline-consume.test.ts (3 tests) 2656ms
     ✓ fire-drill imports recovery-baseline helpers  504ms
     ✓ runFireDrill fails closed without R2 baseline  2147ms
 ✓ |integration| services/platform/tests/integration/sprint28-fresh-target-creds.test.ts (7 tests) 588ms
 ✓ |integration| services/platform/tests/integration/sprint28-capability-inventory.test.ts (3 tests) 277ms
 ✓ |integration| services/platform/tests/integration/sprint28-fresh-target-fire-drill.test.ts (5 tests | 1 skipped) 50ms
 ✓ |integration| services/platform/tests/integration/sprint28-s28r3-qa1-gate-fix.test.ts (8 tests | 1 skipped) 27ms
 ✓ |integration| services/platform/tests/integration/sprint28-s28r3-qa18-gate-fix.test.ts (7 tests) 9755ms
     ✓ prove (harness) never emits ambient canaries on success  1960ms
     ✓ provision (harness) never emits ambient canaries  3379ms
     ✓ fire-drill (harness) never emits ambient canaries on success path  3892ms
 ✓ |integration| services/platform/tests/integration/sprint28-s28r3-qa3-gate-fix.test.ts (16 tests | 6 skipped) 20649ms
     ✓ H-1: prove-isolation rejects mixed exact+bare object resources (overall RESULT fail)  20597ms
 ✓ |integration| services/platform/tests/integration/sprint28-gate-fix-qa3.test.ts (10 tests | 1 skipped) 16ms
 ✓ |integration| services/platform/tests/integration/sprint28-s28r3-qa17-gate-fix.test.ts (13 tests) 2843ms
     ✓ harness prove succeeds with mock provider  1853ms
 ↓ |integration| services/platform/tests/integration/sprint28-human-gate-oracles.test.ts (5 tests | 5 skipped)
 ✓ |integration| services/platform/tests/integration/sprint28-gate-fix-qa2.test.ts (6 tests | 3 skipped) 7ms
 ✓ |integration| services/platform/tests/integration/sprint28-s28r3-qa8-gate-fix.test.ts (11 tests) 9405ms
     ✓ RED→GREEN: same AK + distinct secret + session token is accepted (shape)  3415ms
     ✓ distinct AK still accepted without session token  3240ms
     ✓ same AK + distinct secret + session reaches live probe (not AK-only refuse)  2039ms
 ✓ |integration| services/platform/tests/integration/sprint28-fire-drill-mission-contract.test.ts (6 tests | 3 skipped) 13ms
 ✓ |integration| services/platform/tests/integration/sprint28-s28r3-qa2-gate-fix.test.ts (20 tests | 6 skipped) 21665ms
     ✓ H2: prove-isolation rejects bare arn:aws:s3:::bucket/* object Resource  21528ms
 ↓ |integration| services/platform/tests/integration/sprint28-pitr-recovery-contract.test.ts (9 tests | 9 skipped)
 ↓ |integration| services/platform/tests/integration/sprint28-restore-fails-closed.test.ts (4 tests | 4 skipped)
 ✓ |integration| services/platform/tests/integration/sprint28-recovery-baseline.test.ts (8 tests | 5 skipped) 5ms
 ✓ |integration| services/platform/tests/integration/sprint28-s28r3-qa21-gate-fix.test.ts (14 tests) 33511ms
     ✓ shadowed date/mktemp/uuidgen do not run in credential-bearing helper path  1798ms
     ✓ gate-plan consumer path with hostile PATH still uses /bin/bash fixed shell  2967ms
     ✓ provision race swap=file fails identity/no-follow; no post-validation effects  3155ms
     ✓ fire-drill race swap=file fails identity; no recorder/report/attestation effects  3303ms
     ✓ provision race swap=parent fails identity/no-follow; no post-validation effects  3588ms
     ✓ fire-drill race swap=parent fails identity; no recorder/report/attestation effects  3225ms
     ✓ requires both consumer success + failure paths and scans raw artifacts  14805ms
 ✓ |integration| services/platform/tests/integration/sprint28-s28r3-qa12-gate-fix.test.ts (17 tests) 35264ms
     ✓ forged PATH aws is never executed when HOLO_TRUSTED_AWS_BIN is fixture  3194ms
     ✓ missing in-prefix object fails closed  2274ms
     ✓ failed in-prefix head fails closed  2190ms
     ✓ proof files are regular 0600 under .tmp/r2-ro-proofs (not symlink)  3288ms
     ✓ provision refuses HOLO_QA_PROOF_MUTATE=stale  3470ms
     ✓ provision refuses HOLO_QA_PROOF_MUTATE=future  3098ms
     ✓ provision refuses HOLO_QA_PROOF_MUTATE=wrong-tuple  3533ms
     ✓ provision refuses HOLO_QA_PROOF_MUTATE=malformed  2725ms
     ✓ provision refuses HOLO_QA_PROOF_MUTATE=wrong-producer  2648ms
     ✓ provision refuses HOLO_QA_PROOF_MUTATE=wrong-context  2719ms
     ✓ fire-drill refuses HOLO_QA_PROOF_MUTATE=wrong-tuple  2631ms
     ✓ aws canary_error never appears in prove logs  956ms
     ✓ aws success path never logs canary or secrets  1501ms
 ✓ |integration| services/platform/tests/integration/sprint28-s28r3-qa5-gate-fix.test.ts (15 tests | 5 skipped) 40622ms
     ✓ H-1: mixed List+GetObject with both resource classes FAILs  10568ms
     ✓ H-1: ListBucket with only object ARN FAILs  10516ms
     ✓ H-1: GetObject with only bucket ARN FAILs  9451ms
     ✓ H-1: split two-Allow exact policy still PASSes r2_readonly  9970ms
 ✓ |integration| services/platform/tests/integration/sprint28-s28r3-qa13-gate-fix.test.ts (24 tests) 47080ms
     ✓ forged PATH aws never runs under production or harness (marker clean)  3160ms
     ✓ broader out-of-prefix head success fails closed at harness prove  1248ms
     ✓ provision refuses mutate=stale  3063ms
     ✓ fire-drill refuses mutate=stale  3181ms
     ✓ provision refuses mutate=future  3483ms
     ✓ fire-drill refuses mutate=future  3129ms
     ✓ provision refuses mutate=wrong-tuple  3473ms
     ✓ fire-drill refuses mutate=wrong-tuple  2815ms
     ✓ provision refuses mutate=malformed  2641ms
     ✓ fire-drill refuses mutate=malformed  2715ms
     ✓ provision refuses mutate=wrong-producer  2630ms
     ✓ fire-drill refuses mutate=wrong-producer  2721ms
     ✓ provision refuses mutate=wrong-context  2481ms
     ✓ fire-drill refuses mutate=wrong-context  2438ms
     ✓ aws canaries absent on success/error; recorder+parity clean  5327ms
     ✓ mint success/error canaries absent from logs (harness curl)  1730ms
 ✓ |integration| services/platform/tests/integration/sprint28-s28r3-qa4-gate-fix.test.ts (18 tests | 5 skipped) 49755ms
     ✓ H-1: NotAction Allow fails overall RESULT  10053ms
     ✓ H-1: NotResource Allow fails overall RESULT  9830ms
     ✓ H-1: s3:* Allow fails overall RESULT  10063ms
     ✓ H-1: separate Allow with PutObject fails overall RESULT  9806ms
     ✓ H-1: exact-only policy still PASSes r2_readonly axis  9920ms
 ✓ |integration| services/platform/tests/integration/sprint28-s28r3-qa14-gate-fix.test.ts (28 tests) 52109ms
     ✓ forged PATH env/python3/aws never execute on harness prove (markers clean)  1838ms
     ✓ 404 out-of-prefix is refused (not treated as AccessDenied)  1004ms
     ✓ broader out-of-prefix head success fails closed  1225ms
     ✓ empty env scope probe keys bind versioned/trusted keys under harness  1714ms
     ✓ production path refuses non-control-plane scope probe keys  410ms
     ✓ successful harness proof binds scope probe keys into attestation  1656ms
     ✓ fire-drill baseline reaches recorder with zero exit  4068ms
     ✓ provision refuses mutate=stale at proof validation  3423ms
     ✓ fire-drill mutate=stale fails at proof validation (no recorder)  3167ms
     ✓ provision refuses mutate=future at proof validation  3374ms
     ✓ fire-drill mutate=future fails at proof validation (no recorder)  2699ms
     ✓ provision refuses mutate=wrong-tuple at proof validation  2683ms
     ✓ fire-drill mutate=wrong-tuple fails at proof validation (no recorder)  2690ms
     ✓ provision refuses mutate=malformed at proof validation  2669ms
     ✓ fire-drill mutate=malformed fails at proof validation (no recorder)  2652ms
     ✓ provision refuses mutate=wrong-producer at proof validation  2449ms
     ✓ fire-drill mutate=wrong-producer fails at proof validation (no recorder)  2419ms
     ✓ provision refuses mutate=wrong-context at proof validation  2513ms
     ✓ fire-drill mutate=wrong-context fails at proof validation (no recorder)  2460ms
     ✓ symlink proof path is rejected by validate  1545ms
     ✓ provider canary never appears in prove logs or proof JSON  2244ms
     ✓ proof-canary mutation is visible in proof JSON and fails validation  2455ms
 ✓ |integration| services/platform/tests/integration/sprint28-s28r3-qa19-gate-fix.test.ts (26 tests) 55305ms
     ✓ provision dry-run baseline succeeds  3163ms
     ✓ fire-drill baseline reaches recorder with zero exit  3896ms
     ✓ provision mutate=stale fails at exact validator (not dependency)  3027ms
     ✓ fire-drill mutate=stale exact fail; no recorder side effects  3432ms
     ✓ provision mutate=future fails at exact validator (not dependency)  3185ms
     ✓ fire-drill mutate=future exact fail; no recorder side effects  3273ms
     ✓ provision mutate=wrong-tuple fails at exact validator (not dependency)  3164ms
     ✓ fire-drill mutate=wrong-tuple exact fail; no recorder side effects  2621ms
     ✓ provision mutate=wrong-context fails at exact validator (not dependency)  2732ms
     ✓ fire-drill mutate=wrong-context exact fail; no recorder side effects  2608ms
     ✓ provision mutate=malformed fails at exact validator (not dependency)  2662ms
     ✓ fire-drill mutate=malformed exact fail; no recorder side effects  2566ms
     ✓ provision mutate=wrong-producer fails at exact validator (not dependency)  2425ms
     ✓ fire-drill mutate=wrong-producer exact fail; no recorder side effects  2413ms
     ✓ symlink proof swap fails with no-follow/identity under correct tuple/context  1652ms
     ✓ parent-directory replacement fails FD/private-dir identity checks  1549ms
     ✓ fire-drill concurrent proof swap yields no recorder side effects  2411ms
     ✓ success + error paths for prove/provision/fire-drill leave no canaries in tree  7838ms

 Test Files  28 passed | 3 skipped (31)
      Tests  296 passed | 56 skipped (352)
   Start at  17:59:50
   Duration  55.83s (transform 2.29s, setup 4.16s, import 5.47s, tests 435.87s, environment 2ms)
