@@GATE-META step=2 task=REDHAT-FIX-S29-R3-C01 run_id=20260805T144416Z source_sha=09319ead2651f336423b34667c14bbd3c6a6b8e0 git_sha=09319ead2651f336423b34667c14bbd3c6a6b8e0 started_at=2026-08-05T14:44:17Z deployed_base_url=http://192.168.1.160:44111 identity_class=deployed-http@@
CMD: set -euo pipefail; : "${HOLO_RELEASE_PATH:?HOLO_RELEASE_PATH is required}"; : "${HOLO_PRODUCTION_BASE_URL:?HOLO_PRODUCTION_BASE_URL is required}"; mkdir -p .tmp/REDHAT-FIX-S29-DEPLOY; bun services/platform/src/cli/holo.ts --help >/dev/null; bash scripts/deploy-inference1.sh --authorize --release "$HOLO_RELEASE_PATH" --base-url "$HOLO_PRODUCTION_BASE_URL" | tee .tmp/REDHAT-FIX-S29-DEPLOY/step2-deploy.json; jq -e --slurpfile lock "$HOLO_RELEASE_PATH" '.authorized == true and .host == "inference1" and .runtime == "container" and (.services == ["postgres","mastra","scheduler","zero-cache"]) and .image == $lock[0].image and .imageDigest == $lock[0].digest and .sourceRevision == $lock[0].sourceRevision and .composeSha256 == $lock[0].composeSha256 and .cutoverActions == 0 and .volumeDeletions == 0 and .baseUrl == env.HOLO_PRODUCTION_BASE_URL' .tmp/REDHAT-FIX-S29-DEPLOY/deployment-record.json
---
{
  "schemaVersion": 1,
  "authorized": true,
  "authorizationScope": "inference1:sha256:336933ee41ae781c0b16a1506c1116dc8e4c9b897f6c2679dd020331c99c9bcd",
  "host": "inference1",
  "runtime": "container",
  "baseUrl": "http://192.168.1.160:44111",
  "project": "holocron-production",
  "image": "127.0.0.1:5000/holocron-platform@sha256:336933ee41ae781c0b16a1506c1116dc8e4c9b897f6c2679dd020331c99c9bcd",
  "imageDigest": "sha256:336933ee41ae781c0b16a1506c1116dc8e4c9b897f6c2679dd020331c99c9bcd",
  "sourceRevision": "09319ead2651f336423b34667c14bbd3c6a6b8e0",
  "composeSha256": "f1787175b4931f88c9ed4188a0ecc5358e09867464f8cc7769c3af36ec8a13ee",
  "composeGeneration": "inference1-7915127217bb3686c7b8c565",
  "deployedAt": "2026-08-05T14:44:17.685Z",
  "services": [
    "postgres",
    "mastra",
    "scheduler",
    "zero-cache"
  ],
  "containers": {
    "postgres": "fdde5eef8b6a45f50f62830f233ece7e0ddb0a164d7eb5e1ef872b45d0a89521",
    "mastra": "402fbe3144d764882e65cc05e6f99ffe1322e8e952cbfbcc37d28534ae5f61eb",
    "scheduler": "c4bbf2166147ce0f573346b0ebc420a611a1af8e0170b97341bba7c7ad570863",
    "zero-cache": "e4285bb49eaa843df0ac2ab792afe0aeaed5bf13f0207c8a1fa89edcf6263730"
  },
  "previousImage": "127.0.0.1:5000/holocron-platform@sha256:20bff5990fafb8ddb981a35b6b2ceadd42cccf017ee9ac97eff5cf901dd52634",
  "previousDigest": "sha256:20bff5990fafb8ddb981a35b6b2ceadd42cccf017ee9ac97eff5cf901dd52634",
  "durableVolumes": [
    "holocron-postgres",
    "holocron-blobs"
  ],
  "coldRecreate": true,
  "cutoverActions": 0,
  "volumeDeletions": 0,
  "releasePath": "/tmp/holocron-s29-release-09319ead/image-lock.json",
  "composePath": "/Users/inference1/Projects/holocron/services/platform/deploy/compose/compose.yaml",
  "overridePath": "/Users/inference1/Projects/holocron/.tmp/REDHAT-FIX-S29-DEPLOY/compose.inference1.generated.yaml"
}
true
---
@@GATE-EXIT=0@@
@@GATE-ENDED=2026-08-05T14:44:47Z@@
@@GATE-TIMEOUT-CAP=600s@@
