{
  "ac1": {
    "role": "inference1",
    "session_user": "inference1",
    "is_superuser": true,
    "table_owner": "inference1",
    "is_table_owner": true,
    "ponr_row_count_before": 1,
    "triggers_enabled_before": true,
    "probe_mode": "product_libpq_pguser",
    "probe_current_user": "holocron_app",
    "disable_denied": true,
    "disable_trigger_exit": 1,
    "disable_trigger_stderr": "42501:permission denied for schema zero_0",
    "sqlstate": "42501",
    "ponr_row_count_after": 1,
    "triggers_enabled_after": true,
    "rows_preserved": true,
    "triggers_restored": true,
    "production_sqlstate_claim": true
  },
  "ac2": {
    "role": "inference1",
    "session_user": "inference1",
    "is_superuser": true,
    "table_owner": "inference1",
    "is_table_owner": true,
    "ponr_row_count_before": 1,
    "triggers_enabled_before": true,
    "probe_mode": "product_libpq_pguser",
    "probe_current_user": "holocron_app",
    "truncate_fail_closed": true,
    "update_fail_closed": true,
    "delete_fail_closed": true,
    "truncate_exit": 1,
    "update_exit": 1,
    "delete_exit": 1,
    "truncate_stderr": "42501:permission denied for table data_plane_ponr",
    "update_stderr": "42501:permission denied for table data_plane_ponr",
    "delete_stderr": "42501:permission denied for table data_plane_ponr",
    "truncate_sqlstate": "42501",
    "update_sqlstate": "42501",
    "delete_sqlstate": "42501",
    "rows_preserved": true,
    "production_sqlstate_claim": true
  },
  "preflight": {
    "role": "inference1",
    "session_user": "inference1",
    "is_superuser": true,
    "table_owner": "inference1",
    "is_table_owner": true,
    "ponr_row_count_before": 1,
    "triggers_enabled_before": true
  },
  "postflight": {
    "role": "inference1",
    "session_user": "inference1",
    "is_superuser": true,
    "table_owner": "inference1",
    "is_table_owner": true,
    "ponr_row_count_before": 1,
    "triggers_enabled_before": true
  },
  "probe_mode": "product_libpq_pguser"
}
