@@GATE-META step=5 cmd_sha=657ddd3ec6b8eb29d8fe7bf165a0a9e139eeda98c7fbec9fcf1ad1853c2b199a run_id=20260807T091354Z git_sha=09aae0dd2f5293b617a476fc8df585272f37b04a source_sha=09aae0dd2f5293b617a476fc8df585272f37b04a started_at=2026-08-07T09:14:30Z deployed_base_url=http://127.0.0.1:44121 sourceRevision=09aae0dd2f5293b617a476fc8df585272f37b04a@@
CMD: bun services/platform/src/cli/holo.ts cutover:rollback-repoint --json --base-url ${HOLO_VERIFY_BASE_URL:?set HOLO_VERIFY_BASE_URL}
{
  "ok": false,
  "repointed": false,
  "target": "convex-frozen",
  "target_kind": "convex",
  "data_plane": "convex",
  "engaged_at": "",
  "engaged_at_ms": 0,
  "configured_target": "/Users/inference1/Projects/holocron/services/platform/config/secrets.yaml",
  "precondition": {
    "ok": false,
    "accepted_post_export_writes": 1,
    "export_watermark_ms": 1786093971538,
    "audit_path": "/Users/inference1/Projects/holocron/.tmp/D06-05/post-export-write-audit.json",
    "ponr_recorded": true,
    "ponr_id": "6b87d112-3918-4784-9c60-d32a0ab020cc",
    "ponr_recorded_at": "2026-08-07 09:14:29.993818+00"
  },
  "config": {
    "path": "/Users/inference1/Projects/holocron/.tmp/D06-05/data-plane-config.json",
    "digest_sha256": "",
    "prior_target": "convex-frozen"
  },
  "acknowledgements": [],
  "report_path": "/Users/inference1/Projects/holocron/.tmp/D06-05/rollback-repoint-report.json",
  "error": {
    "code": "POST_PONR_INELIGIBLE",
    "message": "cutover:rollback-repoint refuses: data-plane point of no return already recorded (ponr_id=6b87d112-3918-4784-9c60-d32a0ab020cc, write_row_id=cf965418-5b9e-432c-a3cb-8541b117f46f). Convex re-point is permanently ineligible; restore from Postgres/blob backups (UC-SYNC-04 / UC-SYNC-05)."
  }
}
@@GATE-EXIT=2@@
