harvest-evidence: task=REDHAT-FIX-09 manifest=.tmp/REDHAT-FIX-09/verify-manifest.json
  typecheck: pnpm typecheck
  lint: pnpm lint
  test (suite): pnpm test:unit
  requirements: 11
  [AC-1] PLATFORM_IT=1 DATABASE_URL=postgres://127.0.0.1:5432/holocron_nonprod pnpm vitest run services/platform/tests/integration/redhat-fix-02-research-iteration-writer.test.ts -t 'AC-concurrency|REDHAT-FIX-09|concurrent'
  [AC-2] test -f .tmp/sprint-25/redhat-fix-09-concurrency-mutation.log && rg -q 'mutant-d-guard-removed' .tmp/sprint-25/redhat-fix-09-concurrency-mutation.log && rg -E 'mutant-d-guard-removed.*(exit=[1-9]|exit_nonzero|failures=[1-9])' .tmp/sprint-25/redhat-fix-09-concurrency-mutation.log && rg -q 'correct.*exit=0' .tmp/sprint-25/redhat-fix-09-concurrency-mutation.log
  [AC-3] PLATFORM_IT=1 DATABASE_URL=postgres://127.0.0.1:5432/holocron_nonprod pnpm vitest run services/platform/tests/integration/redhat-fix-02-research-iteration-writer.test.ts && pnpm vitest run tests/integration/s-reactive-02-research-progress-zero.test.ts
  [AC-4] test -f .tmp/sprint-25/redhat-fix-09-red.log && test -f .tmp/sprint-25/redhat-fix-09-concurrency-mutation.log && test -f .tmp/sprint-25/redhat-fix-09-path.json && jq -e '.path=="A" and .agent=="mastra-implementer"' .tmp/sprint-25/redhat-fix-09-path.json
  [AC-5] PLATFORM_IT=1 DATABASE_URL=postgres://127.0.0.1:5432/holocron_nonprod pnpm vitest run services/platform/tests/integration/redhat-fix-02-research-iteration-writer.test.ts -t 'AC-concurrency|REDHAT-FIX-09'
  [TC-1] PLATFORM_IT=1 DATABASE_URL=postgres://127.0.0.1:5432/holocron_nonprod pnpm vitest run services/platform/tests/integration/redhat-fix-02-research-iteration-writer.test.ts -t 'AC-concurrency|REDHAT-FIX-09|concurrent'
  [TC-2] test -f .tmp/sprint-25/redhat-fix-09-concurrency-mutation.log && rg -E 'mutant-d-guard-removed.*(failures=[1-9]|exit=[1-9]|exit_nonzero)' .tmp/sprint-25/redhat-fix-09-concurrency-mutation.log && rg -q 'correct.*exit=0' .tmp/sprint-25/redhat-fix-09-concurrency-mutation.log
  [TC-3] PLATFORM_IT=1 DATABASE_URL=postgres://127.0.0.1:5432/holocron_nonprod pnpm vitest run services/platform/tests/integration/redhat-fix-02-research-iteration-writer.test.ts && pnpm vitest run tests/integration/s-reactive-02-research-progress-zero.test.ts
  [TC-4] test -f .tmp/sprint-25/redhat-fix-09-red.log && test -f .tmp/sprint-25/redhat-fix-09-concurrency-mutation.log && test -f .tmp/sprint-25/redhat-fix-09-path.json && jq -e '.path=="A" and .agent=="mastra-implementer"' .tmp/sprint-25/redhat-fix-09-path.json
  [TC-5] pnpm biome check services/platform/src/research/progress.ts services/platform/tests/integration/redhat-fix-02-research-iteration-writer.test.ts
  [TC-6] rg -n 'Promise\.all|RESEARCH_SESSION_UPDATE_FAILED|advanceResearchSessionIteration' services/platform/tests/integration/redhat-fix-02-research-iteration-writer.test.ts

harvest-evidence: done
  task:       REDHAT-FIX-09
  commit:     57167d27
  typecheck:  exit=2
  lint:       exit=1 warnings=1
  evidence:   11 pass, 0 fail (of 11 requirements)
  output:     .tmp/REDHAT-FIX-09/verification-summary.json

  Manual files still needed (if applicable):
    .tmp/REDHAT-FIX-09/red-output.txt                 (if requires_red_evidence)
    .tmp/REDHAT-FIX-09/{AC}-red-against-start.txt     (if requires_seeded_evidence)
    .tmp/REDHAT-FIX-09/{AC}-green.txt                 (if requires_seeded_evidence)
    .tmp/REDHAT-FIX-09/{AC}-seeded-artifact.*          (if requires_seeded_evidence)
    .tmp/REDHAT-FIX-09/pre-existing-issues.md         (if pre-existing failures)
