@@GATE-META step=4 cmd_sha=866ce03286bc80c45523d3470be8a087663de8a6389af57327ad0484a5b83cba run_id=20260807T095843Z git_sha=324ce9045c0ced0ee39686cbec603afcf1116551 source_sha=324ce9045c0ced0ee39686cbec603afcf1116551 started_at=2026-08-07T09:59:13Z deployed_base_url=http://127.0.0.1:44121 sourceRevision=324ce9045c0ced0ee39686cbec603afcf1116551@@
CMD: bun services/platform/src/cli/holo.ts cutover:enable-writes --json --base-url ${HOLO_VERIFY_BASE_URL:?set HOLO_VERIFY_BASE_URL}
{
  "ok": true,
  "already_recorded": false,
  "ponr_id": "a937f4cd-aef2-49b1-98f7-305d13b0d83b",
  "write_row_id": "dbfa53f8-bbc6-4ca9-911d-c6c93dcf71ea",
  "write_row_digest_sha256": "bff8cf82001609437827a81085ae2e93b63dd9339e557eb33b849398a96dbae1",
  "write_surface": "hono.POST /api/documents",
  "write_table": "documents",
  "fence_lifted_at": "2026-08-07T09:59:16.214Z",
  "write_committed_at": "2026-08-07T09:59:16.223Z",
  "base_url": "http://127.0.0.1:44121",
  "export_watermark_ms": 1786096599816,
  "convex_fence_audit_id": "vn750swtvq28332gb4xm67qgc98bxkst",
  "convex_documents_total": 1623,
  "convex_accepted_writes_since_watermark": 0,
  "report_path": "/Users/inference1/Projects/holocron/.tmp/D07-04/enable-writes-report.json"
}
@@GATE-EXIT=0@@
