@@GATE-META step=4 cmd_sha=866ce03286bc80c45523d3470be8a087663de8a6389af57327ad0484a5b83cba run_id=20260807T084614Z git_sha=2ff0e6c40e9ec49bcae821b45c1d7eff19a29925 source_sha=2ff0e6c40e9ec49bcae821b45c1d7eff19a29925 started_at=2026-08-07T08:46:43Z deployed_base_url=http://127.0.0.1:44121 sourceRevision=2ff0e6c40e9ec49bcae821b45c1d7eff19a29925@@
CMD: bun services/platform/src/cli/holo.ts cutover:enable-writes --json --base-url ${HOLO_VERIFY_BASE_URL:?set HOLO_VERIFY_BASE_URL}
{
  "ok": true,
  "already_recorded": false,
  "ponr_id": "9c793b9d-ab69-4a35-bab9-13f82ca97b7f",
  "write_row_id": "33e58683-156b-44bc-8d7d-63d79ed055d3",
  "write_row_digest_sha256": "b5e8a31e3364e6b48f03e25d9b5a4ba1786a7c5c8822b462507dcf14a4e6e515",
  "write_surface": "hono.POST /api/documents",
  "write_table": "documents",
  "fence_lifted_at": "2026-08-07T08:46:46.175Z",
  "write_committed_at": "2026-08-07T08:46:46.185Z",
  "base_url": "http://127.0.0.1:44121",
  "export_watermark_ms": 1786092311942,
  "convex_fence_audit_id": "vn750swtvq28332gb4xm67qgc98bxkst",
  "convex_documents_total": 1623,
  "convex_accepted_writes_since_watermark": 0,
  "report_path": "/Users/inference1/Projects/holocron/.tmp/D07-04/enable-writes-report.json"
}
@@GATE-EXIT=0@@
