run-reconnect-exactly-once: holo=/Users/inference1/Projects/holocron/.kb-run-sprint/worktrees/GATE-FIX-01/bin/holo
run-reconnect-exactly-once: seed:e2e --reset
holo seed:e2e --reset
  database holocron_nonprod already exists
  current_user: inference1
  role_mode: owner/admin
  extension vector: ok
  skip (already applied): 0000_groovy_stellaris.sql
  skip (already applied): 0001_schema3_indexes_search_vector.sql
  skip (already applied): 0002_zero_pub.sql
  skip (already applied): 0003_evidence_one_open_belief.sql
  skip (already applied): 0004_beliefs_immutability_revise.sql
  skip (already applied): 0005_belief_asof_net_support.sql
  skip (already applied): 0006_beliefs_insert_authenticity.sql
  skip (already applied): 0007_app_role_seed_operability_grants.sql
  skip (already applied): 0008_budget_ledger.sql
  skip (already applied): 0009_budget_ledger_allow_escape.sql
  skip (already applied): 0010_queue_leased.sql
  skip (already applied): 0011_outbox_inbox.sql
  skip (already applied): 0012_job_runs.sql
  skip (already applied): 0013_inference_telemetry.sql
  skip (already applied): 0014_evals.sql
  skip (already applied): 0015_sprint14_etl_uploads.sql
  skip (already applied): 0016_sprint14_etl_uploads_hardening.sql
  skip (already applied): 0017_mission_contracts.sql
  skip (already applied): 0018_mission_run_status_suspended.sql
  skip (already applied): 0019_mission_http_control_auth_idempotency.sql
  skip (already applied): 0020_public_article_assets.sql
  skip (already applied): 0021_chat_runs_sse.sql
  skip (already applied): 0022_assimilation_manifest_statuses.sql
  skip (already applied): 0023_mission_evidence_research.sql
  skip (already applied): 0024_mission_pipeline_publish.sql
  skip (already applied): 0025_deterministic_human_gate.sql
  skip (already applied): 0026_mission_verdict_rejections.sql
  skip (already applied): 0027_mission_human_gate_crash_boundary.sql
  zero_pub present on holocron_nonprod
  truncated 124 public tables
  seeded 3 conversations + 6 messages
  seeded Streaming conversation + 2 messages
  seeded Sprint 20 reference conversation
  seeded 17 documents across 17 categories
  seeded 5 feed_items
  seeded 4 subscription_sources + 4 researched subscription_content rows
  seeded 3 research_sessions + 5 research_iterations
  seeded 3 pending assimilation_sessions
  seeded 2 improvement_requests
  seeded 1 whats_new_report
  database: holocron_nonprod
  seed_fingerprint: a26f1d28ecdab3cd4869b147cf939678
  conversations: 5
  messages: 8
  documents: 17
  categories: 17
  feed_items: 5
  subscription_sources: 4
  subscription_content: 4
  assimilation_sessions: 3
  whats_new_reports: 1
  status: OK
run-reconnect-exactly-once: maestro test reconnect-exactly-once.yml
WARNING: Final field parent in class maestro.cli.command.TestCommand has been mutated reflectively by class picocli.CommandLine$Model$FieldBinding in unnamed module @58326051 (file:/opt/homebrew/Cellar/maestro/2.6.1/libexec/lib/picocli-4.6.3.jar)
WARNING: Use --enable-final-field-mutation=ALL-UNNAMED to avoid a warning
WARNING: Mutating final fields will be blocked in a future release unless final field mutation is enabled
WARNING: A restricted method in java.lang.System has been called
WARNING: java.lang.System::load has been called by org.fusesource.jansi.internal.JansiLoader in an unnamed module (file:/opt/homebrew/Cellar/maestro/2.6.1/libexec/lib/jansi-2.4.1.jar)
WARNING: Use --enable-native-access=ALL-UNNAMED to avoid a warning for callers in this module
WARNING: Restricted methods will be blocked in a future release unless native access is enabled

Running on iPhone 17 - iOS 26.5 - C79BF38C-D353-46A2-A1ED-CCA6D68E1B04
 > Flow reconnect-exactly-once
WARNING: A terminally deprecated method in sun.misc.Unsafe has been called
WARNING: sun.misc.Unsafe::objectFieldOffset has been called by com.oracle.truffle.api.dsl.InlineSupport$UnsafeField (file:/opt/homebrew/Cellar/maestro/2.6.1/libexec/lib/truffle-api-24.2.0.jar)
WARNING: Please consider reporting this to the maintainers of class com.oracle.truffle.api.dsl.InlineSupport$UnsafeField
WARNING: sun.misc.Unsafe::objectFieldOffset will be removed in a future release
Launch app "${MAESTRO_APP_ID}"... COMPLETED
Wait for animation to end... COMPLETED
Open ${MAESTRO_DEV_CLIENT_OPEN_URL}... COMPLETED
Wait for animation to end... COMPLETED
Assert that (Optional) "DEVELOPMENT SERVERS" is visible... WARNED


 Warning: Assertion is false: "DEVELOPMENT SERVERS" is visible
Run flow when "DEVELOPMENT SERVERS" is visible...
Run flow when "DEVELOPMENT SERVERS" is visible... SKIPPED
Run flow when "Continue" is visible...
Run flow when "Continue" is visible... SKIPPED
Assert that (Optional) "Downloading" is not visible... COMPLETED
Open holocron://chat/00000000-0000-4000-8000-0000000000e4... COMPLETED
Wait for animation to end... COMPLETED
Run flow when id: chat-screen is not visible...
Run flow when id: chat-screen is not visible... SKIPPED
Run flow when id: chat-screen is not visible...
Run flow when id: chat-screen is not visible... SKIPPED
Open holocron://chat/00000000-0000-4000-8000-0000000000e4... COMPLETED
Wait for animation to end... COMPLETED
Assert that id: chat-screen is visible... COMPLETED
Assert that id: chat-screen is visible... COMPLETED
Run flow when "Dismiss" is visible...
Run flow when "Dismiss" is visible... SKIPPED
Run flow when "Minimize" is visible...
Run flow when "Minimize" is visible... SKIPPED
Assert that id: chat-input-field is visible... COMPLETED
Run flow when "Dismiss" is visible...
Run flow when "Dismiss" is visible... SKIPPED
Run flow when "Minimize" is visible...
Run flow when "Minimize" is visible... SKIPPED
Run flow when "Console Error" is visible...
Run flow when "Console Error" is visible... SKIPPED
Tap on id: chat-input-field... COMPLETED
Erase text... COMPLETED
Input text Write a detailed multi-sentence answer about the number five with at least eight words.... COMPLETED
Assert that (Optional) id: chat-input-send-button is visible... COMPLETED
Run flow when id: chat-input-send-button is not visible...
Run flow when id: chat-input-send-button is not visible... SKIPPED
Run flow when id: chat-input-send-button is not visible...
Run flow when id: chat-input-send-button is not visible... SKIPPED
Run flow when id: chat-input-send-button is not visible...
Run flow when id: chat-input-send-button is not visible... SKIPPED
Assert that id: chat-input-send-button is visible... COMPLETED
Tap on id: chat-input-send-button... COMPLETED
Assert that (Optional) id: stop-generating-button is visible... COMPLETED
Assert that (Optional) id: stop-generating-oracle is visible... COMPLETED
Assert that id: chat-stream-token-count-at-least-1 is visible... COMPLETED
Assert that id: chat-stream-token-count-at-least-1 is visible... COMPLETED
Run flow when id: stop-generating-button is visible...
  Assert that (Optional) id: stop-generating-button is visible... WARNED
Run flow when id: stop-generating-button is visible... COMPLETED
Assert that id: chat-stream-token-count-at-least-3 is visible... COMPLETED
Assert that id: chat-stream-last-seq-at-least-3 is visible... COMPLETED
Assert that (Optional) id: chat-assistant-message-streaming is visible... WARNED


 Warning: Assertion is false: id: chat-assistant-message-streaming is visible
Assert that id: chat-stream-last-seq-at-least-3 is visible... COMPLETED
Assert that id: chat-stream-token-count-at-least-3 is visible... COMPLETED
Enable airplane mode... COMPLETED
Wait for animation to end within 1000 ms... COMPLETED
Assert that (Optional) id: chat-reconnecting-indicator is visible... WARNED


 Warning: Assertion is false: id: chat-reconnecting-indicator is visible
Wait for animation to end within 3000 ms... COMPLETED
Disable airplane mode... COMPLETED
Assert that (Optional) id: chat-reconnecting-indicator is not visible... COMPLETED
Assert that id: stop-generating-button is not visible... COMPLETED
Assert that id: stop-generating-button is not visible... COMPLETED
Assert that id: chat-assistant-message-latest is visible... COMPLETED
Assert that id: chat-assistant-message-latest is visible... COMPLETED
Assert that ".*Rivers.*" is visible... COMPLETED
Assert that ".*Rivers.*" is visible... COMPLETED
Assert that ".*clouds.*" is visible... COMPLETED
Assert that ".*clouds.*" is visible... COMPLETED
Assert that (Optional) ".*One two three.*" is visible... COMPLETED
Assert that ".*detailed multi-sentence.*" is visible... COMPLETED
Assert that ".*detailed multi-sentence.*" is visible... COMPLETED
Assert that id: chat-stream-last-seq-at-least-3 is visible... COMPLETED
Assert that id: chat-stream-token-count-at-least-3 is visible... COMPLETED
Assert that id: chat-assistant-bubble-count-1 is visible... COMPLETED
Assert that id: chat-assistant-message-streaming is not visible... COMPLETED
Assert that "Streaming" is visible... COMPLETED
Assert that "Streaming" is visible... COMPLETED
Take screenshot S-REACTIVE-01-AC-2-reconnect-exactly-once... COMPLETED
