
 RUN  v4.1.0 /Users/inference1/Projects/holocron/.kb-run-sprint/worktrees/GATE-FIX-S28R3-QA25

 ✓ |integration| services/platform/tests/integration/sprint28-s28r3-qa9-gate-fix.test.ts (9 tests) 10226ms
     ✓ verify-restore-creds loads R2_RESTORE_SESSION_TOKEN from secrets and accepts CF shape  406ms
     ✓ provision REQUIRE_LIVE ignores caller-forged proof and succeeds via fixed prover + PATH aws mock  3156ms
     ✓ provision REQUIRE_LIVE fails when live prove fails (forged path cannot skip)  2157ms
     ✓ fire-drill maps session token into child (recorder must execute)  3979ms
 ✓ |integration| services/platform/tests/integration/sprint28-s28r3-qa11-gate-fix.test.ts (8 tests) 11840ms
     ✓ live path uses real prove-r2-readonly with PATH aws mock (producer fixed)  3180ms
     ✓ verify redacts token and fingerprints env restore token (not file)  406ms
     ✓ fire-drill child receives env restore token metadata only (status 0 + parity report)  3848ms
     ✓ tampered proof after prove fails context/tuple/mode checks via real consumer path  2268ms
     ✓ aws canary never appears in prove logs  994ms
     ✓ mint API error path never logs canary secrets  501ms
 ✓ |integration| services/platform/tests/integration/sprint28-s28r3-qa10-gate-fix.test.ts (8 tests) 15300ms
     ✓ caller-forged HOLO_R2_RO_PROOF_PATH is never authoritative (fixed prover + PATH aws mock)  3185ms
     ✓ env R2_RESTORE_SESSION_TOKEN wins over file writer R2_SESSION_TOKEN and file restore token  3872ms
     ✓ file restore token used when env R2_RESTORE_SESSION_TOKEN unset (not writer R2_SESSION_TOKEN)  4014ms
     ✓ verify env restore token is not overwritten by file (env-over-file)  418ms
     ✓ canaries never appear in provision/fire-drill stdout for valid path  3267ms
 ✓ |integration| services/platform/tests/integration/sprint28-s28r3-qa2-gate-fix.test.ts (20 tests | 6 skipped) 19283ms
     ✓ H2: prove-isolation rejects bare arn:aws:s3:::bucket/* object Resource  19222ms
 ✓ |integration| services/platform/tests/integration/sprint28-s28r3-gate-bind.test.ts (8 tests) 9572ms
     ✓ AC-4: prove-isolation with REQUIRE_LIVE_R2_RO=1 + placeholders → non-zero + DEPENDENCY-S28-R2-RO  9499ms
 ✓ |integration| services/platform/tests/integration/sprint28-s28r3-qa3-gate-fix.test.ts (16 tests | 6 skipped) 20064ms
     ✓ H-1: prove-isolation rejects mixed exact+bare object resources (overall RESULT fail)  20044ms
 ✓ |integration| services/platform/tests/integration/sprint28-s28r3-qa18-gate-fix.test.ts (7 tests) 9814ms
     ✓ prove (harness) never emits ambient canaries on success  1998ms
     ✓ provision (harness) never emits ambient canaries  3290ms
     ✓ fire-drill (harness) never emits ambient canaries on success path  4154ms
 ✓ |integration| services/platform/tests/integration/sprint28-s28r3-qa23-gate-fix.test.ts (10 tests) 3755ms
     ✓ r2_ro_exec_isolated production path: canaries never appear on launcher argv  507ms
     ✓ fingerprint path: r2_ro_tuple_fp16 canaries never appear on python argv  2267ms
     ✓ fire-drill production child launch path: dynamic canary (shared exec-env-from-fd)  497ms
     ✓ records hermetic probe hash before/after focused suite phases (no .qa16bak)  317ms
 ✓ |integration| services/platform/tests/integration/sprint28-s28r3-qa8-gate-fix.test.ts (11 tests) 9777ms
     ✓ RED→GREEN: same AK + distinct secret + session token is accepted (shape)  3230ms
     ✓ distinct AK still accepted without session token  3716ms
     ✓ same AK + distinct secret + session reaches live probe (not AK-only refuse)  2291ms
 ✓ |integration| services/platform/tests/integration/sprint28-s28r3-qa22-gate-fix.test.ts (8 tests) 3336ms
     ✓ executes credential-ambient gate fragment with shadow utils — no shadow markers  2302ms
     ✓ isolated-tree malformed probes never mutates tracked probes or leaves .qa16bak  357ms
 ✓ |integration| services/platform/tests/integration/sprint28-s28r3-qa16-gate-fix.test.ts (9 tests) 5831ms
     ✓ production refuses env override of versioned in_key (RED→GREEN kill)  334ms
     ✓ production refuses env override of versioned out_key  356ms
     ✓ production binds versioned keys when env probe keys are unset  1513ms
     ✓ malformed versioned artifact fails closed (isolated tree — never mutates tracked probes)  335ms
     ✓ harness still allows fixture keys under mock mode only  2314ms
 ✓ |integration| services/platform/tests/integration/sprint28-fresh-target-creds.test.ts (7 tests) 545ms
 ✓ |integration| services/platform/tests/integration/sprint28-s28r3-qa6-gate-fix.test.ts (13 tests | 1 skipped) 454ms
 ✓ |integration| services/platform/tests/integration/sprint28-capability-inventory.test.ts (3 tests) 200ms
 ✓ |integration| services/platform/tests/integration/sprint28-fire-drill-baseline-consume.test.ts (3 tests) 1776ms
     ✓ fire-drill imports recovery-baseline helpers  513ms
     ✓ runFireDrill fails closed without R2 baseline  1260ms
 ✓ |integration| services/platform/tests/integration/sprint28-fresh-target-fire-drill.test.ts (5 tests | 1 skipped) 42ms
 ✓ |integration| services/platform/tests/integration/sprint28-s28r3-qa24-gate-fix.test.ts (12 tests) 7820ms
     ✓ mint canary: observes real mint child argv — token never appears  1121ms
     ✓ production fire-drill / r2_ro_run_provider boundary with canaries — no exclusions scan  3949ms
     ✓ production r2_ro_validate_proof fails closed on proof-file and parent-dir symlink races  2008ms
 ✓ |integration| services/platform/tests/integration/sprint28-s28r3-qa17-gate-fix.test.ts (13 tests) 3142ms
     ✓ harness prove succeeds with mock provider  2345ms
 ✓ |integration| services/platform/tests/integration/sprint28-s28r3-qa1-gate-fix.test.ts (8 tests | 1 skipped) 25ms
 ✓ |integration| services/platform/tests/integration/sprint28-gate-fix-qa1.test.ts (14 tests | 1 skipped) 182ms
 ↓ |integration| services/platform/tests/integration/sprint28-human-gate-oracles.test.ts (5 tests | 5 skipped)
 ↓ |integration| services/platform/tests/integration/sprint28-pitr-recovery-contract.test.ts (9 tests | 9 skipped)
 ✓ |integration| services/platform/tests/integration/sprint28-gate-fix-qa2.test.ts (6 tests | 3 skipped) 6ms
 ↓ |integration| services/platform/tests/integration/sprint28-restore-fails-closed.test.ts (4 tests | 4 skipped)
 ✓ |integration| services/platform/tests/integration/sprint28-recovery-baseline.test.ts (8 tests | 5 skipped) 4ms
 ✓ |integration| services/platform/tests/integration/sprint28-fire-drill-mission-contract.test.ts (6 tests | 3 skipped) 7ms
 ✓ |integration| services/platform/tests/integration/sprint28-gate-fix-qa3.test.ts (10 tests | 1 skipped) 1085ms
     ✓ AC-1 inject: coherent emit when cover proves stop >= capture (no upload without restic)  1075ms
 ✓ |integration| services/platform/tests/integration/sprint28-s28r3-qa25-gate-fix.test.ts (13 tests) 30606ms
     ✓ reaches real fire-drill FD launcher + credentialed child; races; scans artifacts  30172ms
 ✓ |integration| services/platform/tests/integration/sprint28-s28r3-qa21-gate-fix.test.ts (15 tests) 36379ms
     ✓ shadowed date/mktemp/uuidgen do not run in credential-bearing helper path  1963ms
     ✓ gate-plan consumer path with hostile PATH still uses /bin/bash fixed shell  3115ms
     ✓ provision race swap=file fails identity/no-follow; no post-validation effects  3238ms
     ✓ fire-drill race swap=file fails identity; no recorder/report/attestation effects  3332ms
     ✓ provision race swap=parent fails identity/no-follow; no post-validation effects  3364ms
     ✓ fire-drill race swap=parent fails identity; no recorder/report/attestation effects  3293ms
     ✓ requires both consumer success + failure paths and scans raw artifacts  17457ms
 ✓ |integration| services/platform/tests/integration/sprint28-s28r3-qa12-gate-fix.test.ts (17 tests) 38047ms
     ✓ forged PATH aws is never executed when HOLO_TRUSTED_AWS_BIN is fixture  3185ms
     ✓ missing in-prefix object fails closed  2158ms
     ✓ failed in-prefix head fails closed  1983ms
     ✓ proof files are regular 0600 under .tmp/r2-ro-proofs (not symlink)  3336ms
     ✓ provision refuses HOLO_QA_PROOF_MUTATE=stale  3221ms
     ✓ provision refuses HOLO_QA_PROOF_MUTATE=future  3235ms
     ✓ provision refuses HOLO_QA_PROOF_MUTATE=wrong-tuple  3345ms
     ✓ provision refuses HOLO_QA_PROOF_MUTATE=malformed  3701ms
     ✓ provision refuses HOLO_QA_PROOF_MUTATE=wrong-producer  3687ms
     ✓ provision refuses HOLO_QA_PROOF_MUTATE=wrong-context  3063ms
     ✓ fire-drill refuses HOLO_QA_PROOF_MUTATE=wrong-tuple  3014ms
     ✓ aws canary_error never appears in prove logs  921ms
     ✓ aws success path never logs canary or secrets  1870ms
     ✓ mint error path never logs canaries  576ms
 ✓ |integration| services/platform/tests/integration/sprint28-s28r3-qa5-gate-fix.test.ts (15 tests | 5 skipped) 38800ms
     ✓ H-1: mixed List+GetObject with both resource classes FAILs  9708ms
     ✓ H-1: ListBucket with only object ARN FAILs  9310ms
     ✓ H-1: GetObject with only bucket ARN FAILs  9999ms
     ✓ H-1: split two-Allow exact policy still PASSes r2_readonly  9680ms
 ✓ |integration| services/platform/tests/integration/sprint28-s28r3-qa4-gate-fix.test.ts (18 tests | 5 skipped) 48757ms
     ✓ H-1: NotAction Allow fails overall RESULT  9772ms
     ✓ H-1: NotResource Allow fails overall RESULT  9914ms
     ✓ H-1: s3:* Allow fails overall RESULT  9665ms
     ✓ H-1: separate Allow with PutObject fails overall RESULT  9869ms
     ✓ H-1: exact-only policy still PASSes r2_readonly axis  9471ms
 ✓ |integration| services/platform/tests/integration/sprint28-s28r3-qa13-gate-fix.test.ts (24 tests) 50673ms
     ✓ forged PATH aws never runs under production or harness (marker clean)  3135ms
     ✓ broader out-of-prefix head success fails closed at harness prove  1385ms
     ✓ provision refuses mutate=stale  3186ms
     ✓ fire-drill refuses mutate=stale  3270ms
     ✓ provision refuses mutate=future  3246ms
     ✓ fire-drill refuses mutate=future  3240ms
     ✓ provision refuses mutate=wrong-tuple  3448ms
     ✓ fire-drill refuses mutate=wrong-tuple  3657ms
     ✓ provision refuses mutate=malformed  3637ms
     ✓ fire-drill refuses mutate=malformed  3053ms
     ✓ provision refuses mutate=wrong-producer  3002ms
     ✓ fire-drill refuses mutate=wrong-producer  2959ms
     ✓ provision refuses mutate=wrong-context  2830ms
     ✓ fire-drill refuses mutate=wrong-context  2815ms
     ✓ aws canaries absent on success/error; recorder+parity clean  6121ms
     ✓ mint success/error canaries absent from logs (harness curl)  932ms
 ✓ |integration| services/platform/tests/integration/sprint28-s28r3-qa14-gate-fix.test.ts (28 tests) 57983ms
     ✓ forged PATH env/python3/aws never execute on harness prove (markers clean)  1965ms
     ✓ 404 out-of-prefix is refused (not treated as AccessDenied)  948ms
     ✓ broader out-of-prefix head success fails closed  1400ms
     ✓ empty env scope probe keys bind versioned/trusted keys under harness  1981ms
     ✓ successful harness proof binds scope probe keys into attestation  1992ms
     ✓ fire-drill baseline reaches recorder with zero exit  4125ms
     ✓ provision refuses mutate=stale at proof validation  3289ms
     ✓ fire-drill mutate=stale fails at proof validation (no recorder)  3202ms
     ✓ provision refuses mutate=future at proof validation  3708ms
     ✓ fire-drill mutate=future fails at proof validation (no recorder)  3709ms
     ✓ provision refuses mutate=wrong-tuple at proof validation  3289ms
     ✓ fire-drill mutate=wrong-tuple fails at proof validation (no recorder)  3002ms
     ✓ provision refuses mutate=malformed at proof validation  3012ms
     ✓ fire-drill mutate=malformed fails at proof validation (no recorder)  2903ms
     ✓ provision refuses mutate=wrong-producer at proof validation  2834ms
     ✓ fire-drill mutate=wrong-producer fails at proof validation (no recorder)  2844ms
     ✓ provision refuses mutate=wrong-context at proof validation  2824ms
     ✓ fire-drill mutate=wrong-context fails at proof validation (no recorder)  2809ms
     ✓ symlink proof path is rejected by validate  1893ms
     ✓ provider canary never appears in prove logs or proof JSON  2544ms
     ✓ proof-canary mutation is visible in proof JSON and fails validation  2745ms
 ✓ |integration| services/platform/tests/integration/sprint28-s28r3-qa19-gate-fix.test.ts (26 tests) 61254ms
     ✓ provision dry-run baseline succeeds  3183ms
     ✓ fire-drill baseline reaches recorder with zero exit  3955ms
     ✓ provision mutate=stale fails at exact validator (not dependency)  3280ms
     ✓ fire-drill mutate=stale exact fail; no recorder side effects  3196ms
     ✓ provision mutate=future fails at exact validator (not dependency)  3254ms
     ✓ fire-drill mutate=future exact fail; no recorder side effects  3293ms
     ✓ provision mutate=wrong-tuple fails at exact validator (not dependency)  3726ms
     ✓ fire-drill mutate=wrong-tuple exact fail; no recorder side effects  3787ms
     ✓ provision mutate=wrong-context fails at exact validator (not dependency)  3082ms
     ✓ fire-drill mutate=wrong-context exact fail; no recorder side effects  3011ms
     ✓ provision mutate=malformed fails at exact validator (not dependency)  2978ms
     ✓ fire-drill mutate=malformed exact fail; no recorder side effects  2848ms
     ✓ provision mutate=wrong-producer fails at exact validator (not dependency)  2815ms
     ✓ fire-drill mutate=wrong-producer exact fail; no recorder side effects  2846ms
     ✓ symlink proof swap fails with no-follow/identity under correct tuple/context  1923ms
     ✓ parent-directory replacement fails FD/private-dir identity checks  1906ms
     ✓ fire-drill concurrent proof swap yields no recorder side effects  2745ms
     ✓ success + error paths for prove/provision/fire-drill leave no canaries in tree  8818ms

 Test Files  32 passed | 3 skipped (35)
      Tests  340 passed | 56 skipped (396)
   Start at  23:09:21
   Duration  61.61s (transform 1.95s, setup 3.23s, import 4.22s, tests 496.59s, environment 2ms)
