@@GATE-META step=2 task=REDHAT-FIX-S29-R3-C01 run_id=20260802T034713Z source_sha=0b10964a4abc902b7eea51206e4f84ca66dfc620 git_sha=0b10964a4abc902b7eea51206e4f84ca66dfc620 started_at=2026-08-02T03:47:19Z deployed_base_url=local-process://holo-cli identity_class=local-process@@
CMD: set -euo pipefail; mkdir -p .tmp/D06-03 .tmp/REDHAT-FIX-S29-H03; bun services/platform/src/cli/holo.ts cutover:freeze --json --output .tmp/D06-03/freeze-report.json --reason "sprint-29-human-gate" | tee .tmp/REDHAT-FIX-S29-H03/step2-freeze.json; jq -e '.ok == true and .env_value == "1" and .fence_armed_at > 0' .tmp/D06-03/freeze-report.json
---
{
  "ok": true,
  "fence_armed_at": 1785642443379,
  "confirmed_at_ms": 1785642442694,
  "cross_process_probe": {
    "rejected": true,
    "message": "migration_read_only: mutation blocked while HOLO_MIGRATION_READ_ONLY is set",
    "surface": "documents.mutations.create",
    "documentsBefore": 1614,
    "documentsAfter": 1614,
    "child_pid": 25211
  },
  "env": "HOLO_MIGRATION_READ_ONLY",
  "env_value": "1",
  "reason": "sprint-29-human-gate",
  "audit_id": "vn76c4jdnjfhvhpc1wrxk9s5gh8bpqjp",
  "report_path": "/Users/inference1/Projects/holocron/.worktrees/sprint-29-cutover-write-freeze-etl-and-read-only-soak-flip/REDHAT-FIX-S29-R3-C01/.tmp/D06-03/freeze-report.json"
}
true
---
@@GATE-EXIT=0@@
@@GATE-ENDED=2026-08-02T03:47:23Z@@
@@GATE-TIMEOUT-CAP=180s@@
