@@GATE-META step=3 task=REDHAT-FIX-S29-R3-C01 run_id=20260802T035458Z source_sha=adb64463e9107dfc24acdb399651593c4a5436c1 git_sha=adb64463e9107dfc24acdb399651593c4a5436c1 started_at=2026-08-02T03:56:44Z deployed_base_url=local-process://holo-cli identity_class=local-process@@
CMD: set -euo pipefail; mkdir -p .tmp/D06-03 .tmp/REDHAT-FIX-S29-H03; QUIET_WINDOW_SECONDS="${QUIET_WINDOW_SECONDS:-30}"; bun services/platform/src/cli/holo.ts cutover:quiet-check --json --window-seconds "$QUIET_WINDOW_SECONDS" --output .tmp/D06-03/quiet-check-report.json | tee .tmp/REDHAT-FIX-S29-H03/step3-quiet-check.json; jq -e --argjson minWindow "${QUIET_WINDOW_SECONDS:-30}" '.ok == true and .acceptedWriteCount == 0 and .rejectedWriteCount > 0 and .windowSeconds >= $minWindow' .tmp/D06-03/quiet-check-report.json
---
{
  "ok": false,
  "acceptedWriteCount": 0,
  "rejectedWriteCount": 2,
  "windowSeconds": 30,
  "sinceMs": 1785643009672,
  "untilMs": 1785643039674,
  "quietSinceMs": 1785643009672,
  "quietUntilMs": 1785643039674,
  "elapsedMs": 30002,
  "drainCompletedAtMs": 1785643008846,
  "drain": {
    "ok": false,
    "surfaces": [
      "crons",
      "queues",
      "outbox",
      "scheduled_jobs"
    ],
    "completedAtMs": 1785643008846,
    "disabledEnv": "HOLO_CUTOVER_SCHEDULES_DISABLED",
    "disabledEnvValue": "1",
    "convexDrainOk": false,
    "consumersHonored": true,
    "samples": {
      "activeTasks": 0,
      "afterActiveTasks": 0,
      "afterQueuedSubscriptionContent": 0,
      "afterRunningTasks": 0,
      "batchesProcessed": 0,
      "contentSkipped": 0,
      "drainBatches": 0,
      "measuredSurfaces": [
        "tasks",
        "subscriptionContent"
      ],
      "queuedSubscriptionContent": 0,
      "runningTasks": 0,
      "tasksCancelled": 0,
      "unknownSurfaces": [
        "crons",
        "queues",
        "outbox",
        "scheduled_jobs"
      ]
    },
    "probe": {
      "env": "HOLO_CUTOVER_SCHEDULES_DISABLED",
      "honored": true,
      "reason": "schedules_disabled: cutover:quiet-check skipped while HOLO_CUTOVER_SCHEDULES_DISABLED is set",
      "skipped": true,
      "surface": "cutover:quiet-check"
    },
    "error": "unknown residual inventory for surface(s): crons, queues, outbox, scheduled_jobs (measured-only: tasks, subscriptionContent). Refuse unmeasured drain claims (REDHAT-FIX-S29-R3-H01)."
  },
  "probes": [
    {
      "surface": "documents.mutations.create",
      "rejected": true,
      "message": "migration_read_only: mutation blocked while HOLO_MIGRATION_READ_ONLY is set"
    },
    {
      "surface": "subscriptions.mutations.add",
      "rejected": true,
      "message": "migration_read_only: mutation blocked while HOLO_MIGRATION_READ_ONLY is set"
    }
  ],
  "oracle": "mixed",
  "auditAcceptedWriteCount": 0,
  "auditRejectedWriteCount": 2,
  "report_path": "/Users/inference1/Projects/holocron/.worktrees/sprint-29-cutover-write-freeze-etl-and-read-only-soak-flip/REDHAT-FIX-S29-R3-C01/.tmp/D06-03/quiet-check-report.json"
}
---
@@GATE-EXIT=1@@
@@GATE-ENDED=2026-08-02T03:57:20Z@@
@@GATE-TIMEOUT-CAP=180s@@
