@@GATE-META step=4 task=REDHAT-FIX-S29-R3-C01 run_id=20260802T035458Z source_sha=adb64463e9107dfc24acdb399651593c4a5436c1 git_sha=adb64463e9107dfc24acdb399651593c4a5436c1 started_at=2026-08-02T03:57:20Z deployed_base_url=local-process://holo-cli identity_class=local-process@@
CMD: set -euo pipefail; mkdir -p .tmp/D06-04 .tmp/REDHAT-FIX-S29-H03; bun services/platform/src/cli/holo.ts cutover:run-etl --json --output .tmp/D06-04/watermark-report.json | tee .tmp/REDHAT-FIX-S29-H03/step4-run-etl.json; jq -e '.ok == true and .unexplainedVariance == 0 and .stages.nonEmpty == true and ((.loadedByTable.documents // 0) > 0 or ((.archive.exportData.rowCounts.documents // 0) > 0)) and (.fkAudit.ok == true) and (.vectors.ok == true)' .tmp/D06-04/watermark-report.json
---
{
  "ok": false,
  "error": {
    "code": "QUIET_CHECK_REQUIRED",
    "message": "Quiet-check not confirmed (path=/Users/inference1/Projects/holocron/.worktrees/sprint-29-cutover-write-freeze-etl-and-read-only-soak-flip/REDHAT-FIX-S29-R3-C01/.tmp/D06-03/quiet-check-report.json, quiet_ok=false). Run holo cutover:quiet-check first."
  },
  "watermarkAt": "2026-08-02T03:57:21.778Z",
  "watermarkAtMs": 1785643041778,
  "lastWriteAuditCount": 0,
  "report_path": "/Users/inference1/Projects/holocron/.worktrees/sprint-29-cutover-write-freeze-etl-and-read-only-soak-flip/REDHAT-FIX-S29-R3-C01/.tmp/D06-04/watermark-report.json",
  "stages": {
    "fence": true,
    "watermark": true,
    "export": false
  }
}
---
@@GATE-EXIT=1@@
@@GATE-ENDED=2026-08-02T03:57:23Z@@
@@GATE-TIMEOUT-CAP=360s@@
