
 RUN  v4.1.0 /Users/inference1/Projects/holocron/.kb-run-sprint/worktrees/REDHAT-FIX-01

 ❯ tests/integration/redhat-fix-01-streaming-seed.test.ts (3 tests | 3 failed) 1216ms
     × AC-1: after seed:e2e --reset, PATH-A Streaming count==1 with messages>=1 (or PATH-B recorded) 1212ms
     × AC-2: PATH-A Maestro Streaming asserts are required (optional:true count==0) 1ms
     × AC-3: fixture + gate language matches seed reality for chosen path 2ms

⎯⎯⎯⎯⎯⎯⎯ Failed Tests 3 ⎯⎯⎯⎯⎯⎯⎯

 FAIL  tests/integration/redhat-fix-01-streaming-seed.test.ts > REDHAT-FIX-01 Streaming seed closeout > AC-1: after seed:e2e --reset, PATH-A Streaming count==1 with messages>=1 (or PATH-B recorded)
AssertionError: PATH-A: conversations title=Streaming must equal 1 after seed:e2e --reset: expected +0 to be 1 // Object.is equality

- Expected
+ Received

- 1
+ 0

 ❯ tests/integration/redhat-fix-01-streaming-seed.test.ts:143:9
    141|         streamingCount,
    142|         'PATH-A: conversations title=Streaming must equal 1 after seed…
    143|       ).toBe(1);
       |         ^
    144|
    145|       const msgCount = psqlScalar(

⎯⎯⎯⎯⎯⎯⎯⎯⎯⎯⎯⎯⎯⎯⎯⎯⎯⎯⎯⎯⎯⎯⎯⎯[1/3]⎯

 FAIL  tests/integration/redhat-fix-01-streaming-seed.test.ts > REDHAT-FIX-01 Streaming seed closeout > AC-2: PATH-A Maestro Streaming asserts are required (optional:true count==0)
AssertionError: PATH-A: reconnect-exactly-once.yml must have >=1 required Streaming assert: expected 0 to be greater than or equal to 1
 ❯ tests/integration/redhat-fix-01-streaming-seed.test.ts:181:9
    179|         requiredInReconnect,
    180|         'PATH-A: reconnect-exactly-once.yml must have >=1 required Str…
    181|       ).toBeGreaterThanOrEqual(1);
       |         ^
    182|
    183|       let optionalTotal = 0;

⎯⎯⎯⎯⎯⎯⎯⎯⎯⎯⎯⎯⎯⎯⎯⎯⎯⎯⎯⎯⎯⎯⎯⎯[2/3]⎯

 FAIL  tests/integration/redhat-fix-01-streaming-seed.test.ts > REDHAT-FIX-01 Streaming seed closeout > AC-3: fixture + gate language matches seed reality for chosen path
AssertionError: PATH-A: seed-e2e.ts must contain title 'Streaming' at least once: expected 0 to be greater than or equal to 1
 ❯ tests/integration/redhat-fix-01-streaming-seed.test.ts:216:9
    214|         titleMatches,
    215|         "PATH-A: seed-e2e.ts must contain title 'Streaming' at least o…
    216|       ).toBeGreaterThanOrEqual(1);
       |         ^
    217|       expect(seedSrc).toMatch(/E2E_STREAMING_CONVERSATION_ID/);
    218|       // SPRINT step 1 must still claim Streaming is seeded (agrees wi…

⎯⎯⎯⎯⎯⎯⎯⎯⎯⎯⎯⎯⎯⎯⎯⎯⎯⎯⎯⎯⎯⎯⎯⎯[3/3]⎯


 Test Files  1 failed (1)
      Tests  3 failed (3)
   Start at  11:27:04
   Duration  1.46s (transform 64ms, setup 141ms, import 5ms, tests 1.22s, environment 0ms)

