WARNING: Final field parent in class maestro.cli.command.TestCommand has been mutated reflectively by class picocli.CommandLine$Model$FieldBinding in unnamed module @58326051 (file:/opt/homebrew/Cellar/maestro/2.6.1/libexec/lib/picocli-4.6.3.jar)
WARNING: Use --enable-final-field-mutation=ALL-UNNAMED to avoid a warning
WARNING: Mutating final fields will be blocked in a future release unless final field mutation is enabled
WARNING: A restricted method in java.lang.System has been called
WARNING: java.lang.System::load has been called by org.fusesource.jansi.internal.JansiLoader in an unnamed module (file:/opt/homebrew/Cellar/maestro/2.6.1/libexec/lib/jansi-2.4.1.jar)
WARNING: Use --enable-native-access=ALL-UNNAMED to avoid a warning for callers in this module
WARNING: Restricted methods will be blocked in a future release unless native access is enabled

Running on iPhone 17 - iOS 26.5 - C79BF38C-D353-46A2-A1ED-CCA6D68E1B04
 > Flow list-loads
Launch app "com.holocron.app"... COMPLETED
Assert that (Optional) "DEVELOPMENT SERVERS" is visible... WARNED


 Warning: Assertion is false: "DEVELOPMENT SERVERS" is visible
Run flow when "DEVELOPMENT SERVERS" is visible...
Run flow when "DEVELOPMENT SERVERS" is visible... SKIPPED
Run flow when "Continue" is visible...
Run flow when "Continue" is visible... SKIPPED
Open holocron://articles... COMPLETED
Assert that id: articles-route is visible... COMPLETED
Assert that id: articles-route is visible... COMPLETED
Assert that id: article-card-pressable is visible... COMPLETED
Assert that id: article-card-pressable is visible... COMPLETED
Assert that id: article-card-pressable, Index: 0 is visible... COMPLETED
Assert that id: article-card-pressable, Index: 1 is visible... COMPLETED
Assert that (Optional) id: articles-list is visible... COMPLETED
Assert that (Optional) id: articles-count-header is visible... COMPLETED
Assert that id: articles-empty-state is not visible... COMPLETED
Take screenshot articles-list-loads... COMPLETED
