@@GATE-META n=1 type=cli source=step1-seed.log
@@GATE-META run_id=s24-htg-20260724T074452Z-1877 bridged=sprint24-htg-reconcile
=== seed root plan (dep-bearing first) ===
repo_root=/Users/inference1/Projects/holocron
HOLO_PRIMARY_ROOT=
HOLO_ROOT=
seed_roots_ordered (dep-bearing first):
  1. /Users/inference1/Projects/holocron (deps=yes)
preferred_seed_cwd=/Users/inference1/Projects/holocron
plan: prefer first dep-bearing root; only break on seed_rc==0
=== end plan ===
=== seed attempt: bun /Users/inference1/Projects/holocron/services/platform/src/cli/holo.ts seed:e2e --reset (cwd=/Users/inference1/Projects/holocron deps=yes) ===
holo seed:e2e --reset
  database holocron_nonprod already exists
  current_user: inference1
  role_mode: owner/admin
  extension vector: ok
  skip (already applied): 0000_groovy_stellaris.sql
  skip (already applied): 0001_schema3_indexes_search_vector.sql
  skip (already applied): 0002_zero_pub.sql
  skip (already applied): 0003_evidence_one_open_belief.sql
  skip (already applied): 0004_beliefs_immutability_revise.sql
  skip (already applied): 0005_belief_asof_net_support.sql
  skip (already applied): 0006_beliefs_insert_authenticity.sql
  skip (already applied): 0007_app_role_seed_operability_grants.sql
  skip (already applied): 0008_budget_ledger.sql
  skip (already applied): 0009_budget_ledger_allow_escape.sql
  skip (already applied): 0010_queue_leased.sql
  skip (already applied): 0011_outbox_inbox.sql
  skip (already applied): 0012_job_runs.sql
  skip (already applied): 0013_inference_telemetry.sql
  skip (already applied): 0014_evals.sql
  skip (already applied): 0015_sprint14_etl_uploads.sql
  skip (already applied): 0016_sprint14_etl_uploads_hardening.sql
  skip (already applied): 0017_mission_contracts.sql
  skip (already applied): 0018_mission_run_status_suspended.sql
  skip (already applied): 0019_mission_http_control_auth_idempotency.sql
  skip (already applied): 0020_public_article_assets.sql
  skip (already applied): 0021_chat_runs_sse.sql
  skip (already applied): 0022_assimilation_manifest_statuses.sql
  skip (already applied): 0023_mission_evidence_research.sql
  skip (already applied): 0024_mission_pipeline_publish.sql
  skip (already applied): 0025_deterministic_human_gate.sql
  skip (already applied): 0026_mission_verdict_rejections.sql
  skip (already applied): 0027_mission_human_gate_crash_boundary.sql
  zero_pub present on holocron_nonprod
  truncated 124 public tables
  seeded 3 conversations + 6 messages
  seeded 12 documents across 12 categories
  seeded 5 feed_items
  seeded 1 whats_new_report
  database: holocron_nonprod
  seed_fingerprint: e8276abe68862bff7925814c3ae96a5a
  conversations: 3
  messages: 6
  documents: 12
  categories: 12
  feed_items: 5
  whats_new_reports: 1
  status: OK

@@GATE-EXIT=0@@
