WARNING: Final field parent in class maestro.cli.command.TestCommand has been mutated reflectively by class picocli.CommandLine$Model$FieldBinding in unnamed module @58326051 (file:/opt/homebrew/Cellar/maestro/2.6.1/libexec/lib/picocli-4.6.3.jar)
WARNING: Use --enable-final-field-mutation=ALL-UNNAMED to avoid a warning
WARNING: Mutating final fields will be blocked in a future release unless final field mutation is enabled
WARNING: A restricted method in java.lang.System has been called
WARNING: java.lang.System::load has been called by org.fusesource.jansi.internal.JansiLoader in an unnamed module (file:/opt/homebrew/Cellar/maestro/2.6.1/libexec/lib/jansi-2.4.1.jar)
WARNING: Use --enable-native-access=ALL-UNNAMED to avoid a warning for callers in this module
WARNING: Restricted methods will be blocked in a future release unless native access is enabled

Running on iPhone 17 - iOS 26.5 - C79BF38C-D353-46A2-A1ED-CCA6D68E1B04
 > Flow whats-new-loads
Launch app "com.holocron.app"... COMPLETED
Open holocron://whats-new... COMPLETED
Run flow when id: whats-new-layout is not visible...
  Open holocron:///whats-new... COMPLETED
Run flow when id: whats-new-layout is not visible... COMPLETED
Run flow when id: whats-new-layout is not visible...
  Tap on (Optional) id: screen-header-back-button... COMPLETED
  Tap on (Optional) id: articles-route-layout-back-button... WARNED
  Tap on (Optional) id: chat-header-menu-button... WARNED
  Tap on (Optional) id: screen-header-menu-button... WARNED
  Assert that (Optional) id: drawer-content is visible... COMPLETED
  Tap on (Optional) id: drawer-section-whats-new... COMPLETED
  Tap on (Optional) "What's New"... COMPLETED
Run flow when id: whats-new-layout is not visible... COMPLETED
Assert that id: whats-new-feed is visible... COMPLETED
Assert that id: whats-new-feed is visible... COMPLETED
Assert that id: whats-new-feed-finding-0 is visible... COMPLETED
Assert that id: whats-new-feed-finding-0 is visible... COMPLETED
Assert that id: whats-new-feed-empty is not visible... COMPLETED
Take screenshot whats-new-loads-seeded... COMPLETED
