@@GATE-META step=4 cmd_sha=866ce03286bc80c45523d3470be8a087663de8a6389af57327ad0484a5b83cba run_id=20260807T103459Z git_sha=ed18edf7936145dc3d6b2a842193abc11f78bc60 source_sha=ed18edf7936145dc3d6b2a842193abc11f78bc60 started_at=2026-08-07T10:35:31Z deployed_base_url=http://127.0.0.1:44121 sourceRevision=ed18edf7936145dc3d6b2a842193abc11f78bc60@@
CMD: bun services/platform/src/cli/holo.ts cutover:enable-writes --json --base-url ${HOLO_VERIFY_BASE_URL:?set HOLO_VERIFY_BASE_URL}
{
  "ok": true,
  "already_recorded": false,
  "ponr_id": "1fe892bd-9fe6-4972-9cf6-0572a29b0b8c",
  "write_row_id": "4b7c49e0-633c-4265-b12b-0fe58420c1fe",
  "write_row_digest_sha256": "d33934793970d72bb5e1377e8ea0d94ff5dfedd7f950892a9f58b2bc2feba721",
  "write_surface": "hono.POST /api/documents",
  "write_table": "documents",
  "fence_lifted_at": "2026-08-07T10:35:33.846Z",
  "write_committed_at": "2026-08-07T10:35:33.856Z",
  "base_url": "http://127.0.0.1:44121",
  "export_watermark_ms": 1786098775550,
  "convex_fence_audit_id": "vn750swtvq28332gb4xm67qgc98bxkst",
  "convex_documents_total": 1623,
  "convex_accepted_writes_since_watermark": 0,
  "report_path": "/Users/inference1/Projects/holocron/.tmp/D07-04/enable-writes-report.json"
}
@@GATE-EXIT=0@@
