@@GATE-META step=5 cmd_sha=657ddd3ec6b8eb29d8fe7bf165a0a9e139eeda98c7fbec9fcf1ad1853c2b199a run_id=20260807T103459Z git_sha=ed18edf7936145dc3d6b2a842193abc11f78bc60 source_sha=ed18edf7936145dc3d6b2a842193abc11f78bc60 started_at=2026-08-07T10:35:33Z deployed_base_url=http://127.0.0.1:44121 sourceRevision=ed18edf7936145dc3d6b2a842193abc11f78bc60@@
CMD: bun services/platform/src/cli/holo.ts cutover:rollback-repoint --json --base-url ${HOLO_VERIFY_BASE_URL:?set HOLO_VERIFY_BASE_URL}
{
  "ok": false,
  "repointed": false,
  "target": "convex-frozen",
  "target_kind": "convex",
  "data_plane": "convex",
  "engaged_at": "",
  "engaged_at_ms": 0,
  "configured_target": "/Users/inference1/Projects/holocron/services/platform/config/secrets.yaml",
  "precondition": {
    "ok": false,
    "accepted_post_export_writes": 1,
    "export_watermark_ms": 1786098775550,
    "audit_path": "/Users/inference1/Projects/holocron/.tmp/D06-05/post-export-write-audit.json",
    "ponr_recorded": true,
    "ponr_id": "1fe892bd-9fe6-4972-9cf6-0572a29b0b8c",
    "ponr_recorded_at": "2026-08-07 10:35:33.888102+00"
  },
  "config": {
    "path": "/Users/inference1/Projects/holocron/.tmp/D06-05/data-plane-config.json",
    "digest_sha256": "",
    "prior_target": "convex-frozen"
  },
  "acknowledgements": [],
  "report_path": "/Users/inference1/Projects/holocron/.tmp/D06-05/rollback-repoint-report.json",
  "error": {
    "code": "POST_PONR_INELIGIBLE",
    "message": "cutover:rollback-repoint refuses: data-plane point of no return already recorded (ponr_id=1fe892bd-9fe6-4972-9cf6-0572a29b0b8c, write_row_id=4b7c49e0-633c-4265-b12b-0fe58420c1fe). Convex re-point is permanently ineligible; restore from Postgres/blob backups (UC-SYNC-04 / UC-SYNC-05)."
  }
}
@@GATE-EXIT=2@@
