@@GATE-META step=4 cmd_sha=3ff7582bd10ec4074888e669d89d3568411877c9f5ae2e3bc68a176032e9f686 run_id=20260807T082710Z git_sha=439c15ad57c0b0b28b205c220937596d8a0834f2 source_sha=439c15ad57c0b0b28b205c220937596d8a0834f2 started_at=2026-08-07T08:27:13Z deployed_base_url=http://127.0.0.1:44121 sourceRevision=439c15ad57c0b0b28b205c220937596d8a0834f2@@
CMD: bun services/platform/src/cli/holo.ts cutover:enable-writes --json --base-url http://127.0.0.1:44121
{
  "ok": true,
  "already_recorded": false,
  "ponr_id": "62b284cb-5184-452d-b7c7-67833dae8a21",
  "write_row_id": "d1709488-7910-4f08-8765-a355973c1afc",
  "write_row_digest_sha256": "df4a8506772db9dd6aee79f6084f9648e636dd4be827cd9d47222587bdba1678",
  "write_surface": "hono.POST /api/documents",
  "write_table": "documents",
  "fence_lifted_at": "2026-08-07T08:27:16.153Z",
  "write_committed_at": "2026-08-07T08:27:16.162Z",
  "base_url": "http://127.0.0.1:44121",
  "export_watermark_ms": 1786173263558,
  "convex_fence_audit_id": "vn750swtvq28332gb4xm67qgc98bxkst",
  "convex_documents_total": 1623,
  "convex_accepted_writes_since_watermark": 0,
  "report_path": "/Users/inference1/Projects/holocron/.tmp/D07-04/enable-writes-report.json"
}
@@GATE-EXIT=0@@
