# catalog:coverage
fields_mapped: 797
storage_refs: 6/6

## fields
agentPlans._creationTime → preserve owner=platform-data approval=APR-MIG-2026-S02-001
agentPlans._id → preserve owner=platform-data approval=APR-MIG-2026-S02-001
agentPlans.completedAt → preserve owner=platform-data approval=APR-MIG-2026-S02-001
agentPlans.conversationId → preserve owner=platform-data approval=APR-MIG-2026-S02-001
agentPlans.createdAt → preserve owner=platform-data approval=APR-MIG-2026-S02-001
agentPlans.currentStepIndex → preserve owner=platform-data approval=APR-MIG-2026-S02-001
agentPlans.messageId → preserve owner=platform-data approval=APR-MIG-2026-S02-001
agentPlans.status → preserve owner=platform-data approval=APR-MIG-2026-S02-001
agentPlans.title → preserve owner=platform-data approval=APR-MIG-2026-S02-001
agentPlans.totalSteps → preserve owner=platform-data approval=APR-MIG-2026-S02-001
agentPlans.updatedAt → preserve owner=platform-data approval=APR-MIG-2026-S02-001
agentPlanSteps._creationTime → preserve owner=platform-data approval=APR-MIG-2026-S02-001
agentPlanSteps._id → preserve owner=platform-data approval=APR-MIG-2026-S02-001
agentPlanSteps.completedAt → preserve owner=platform-data approval=APR-MIG-2026-S02-001
agentPlanSteps.description → preserve owner=platform-data approval=APR-MIG-2026-S02-001
agentPlanSteps.errorMessage → preserve owner=platform-data approval=APR-MIG-2026-S02-001
agentPlanSteps.planId → preserve owner=platform-data approval=APR-MIG-2026-S02-001
agentPlanSteps.requiresApproval → preserve owner=platform-data approval=APR-MIG-2026-S02-001
agentPlanSteps.resultSummary → preserve owner=platform-data approval=APR-MIG-2026-S02-001
agentPlanSteps.startedAt → preserve owner=platform-data approval=APR-MIG-2026-S02-001
agentPlanSteps.status → preserve owner=platform-data approval=APR-MIG-2026-S02-001
agentPlanSteps.stepIndex → preserve owner=platform-data approval=APR-MIG-2026-S02-001
agentPlanSteps.toolArgs → preserve owner=platform-data approval=APR-MIG-2026-S02-001
agentPlanSteps.toolCallId → preserve owner=platform-data approval=APR-MIG-2026-S02-001
agentPlanSteps.toolDisplayName → preserve owner=platform-data approval=APR-MIG-2026-S02-001
agentPlanSteps.toolName → preserve owner=platform-data approval=APR-MIG-2026-S02-001
agentTelemetry._creationTime → preserve owner=platform-data approval=APR-MIG-2026-S02-001
agentTelemetry._id → preserve owner=platform-data approval=APR-MIG-2026-S02-001
agentTelemetry.ambiguousIntents → preserve owner=platform-data approval=APR-MIG-2026-S02-001
agentTelemetry.clarificationQuestion → preserve owner=platform-data approval=APR-MIG-2026-S02-001
agentTelemetry.classificationSource → preserve owner=platform-data approval=APR-MIG-2026-S02-001
agentTelemetry.confidence → preserve owner=platform-data approval=APR-MIG-2026-S02-001
agentTelemetry.conversationId → preserve owner=platform-data approval=APR-MIG-2026-S02-001
agentTelemetry.createdAt → preserve owner=platform-data approval=APR-MIG-2026-S02-001
agentTelemetry.intent → preserve owner=platform-data approval=APR-MIG-2026-S02-001
agentTelemetry.llmDurationMs → preserve owner=platform-data approval=APR-MIG-2026-S02-001
agentTelemetry.messageId → preserve owner=platform-data approval=APR-MIG-2026-S02-001
agentTelemetry.queryShape → preserve owner=platform-data approval=APR-MIG-2026-S02-001
agentTelemetry.rawLlmResponse → preserve owner=platform-data approval=APR-MIG-2026-S02-001
agentTelemetry.reasoning → preserve owner=platform-data approval=APR-MIG-2026-S02-001
agentTelemetry.regexMatchPattern → preserve owner=platform-data approval=APR-MIG-2026-S02-001
agentTelemetry.specialistUsed → preserve owner=platform-data approval=APR-MIG-2026-S02-001
agentTelemetry.toolsCalled → preserve owner=platform-data approval=APR-MIG-2026-S02-001
agentTelemetry.totalDurationMs → preserve owner=platform-data approval=APR-MIG-2026-S02-001
aiRoiEvidence._creationTime → merge owner=platform-data approval=APR-MIG-MERGE-BUSINESS-12-3
aiRoiEvidence._id → merge owner=platform-data approval=APR-MIG-MERGE-BUSINESS-12-3
aiRoiEvidence.challengeStatus → merge owner=platform-data approval=APR-MIG-MERGE-BUSINESS-12-3
aiRoiEvidence.claim → merge owner=platform-data approval=APR-MIG-MERGE-BUSINESS-12-3
aiRoiEvidence.createdAt → merge owner=platform-data approval=APR-MIG-MERGE-BUSINESS-12-3
aiRoiEvidence.opportunityId → merge owner=platform-data approval=APR-MIG-MERGE-BUSINESS-12-3
aiRoiEvidence.sessionId → merge owner=platform-data approval=APR-MIG-MERGE-BUSINESS-12-3
aiRoiEvidence.source → merge owner=platform-data approval=APR-MIG-MERGE-BUSINESS-12-3
aiRoiEvidence.sourceUrl → merge owner=platform-data approval=APR-MIG-MERGE-BUSINESS-12-3
aiRoiEvidence.tier → merge owner=platform-data approval=APR-MIG-MERGE-BUSINESS-12-3
aiRoiOpportunities._creationTime → merge owner=platform-data approval=APR-MIG-MERGE-BUSINESS-12-3
aiRoiOpportunities._id → merge owner=platform-data approval=APR-MIG-MERGE-BUSINESS-12-3
aiRoiOpportunities.automatedCostPerYear → merge owner=platform-data approval=APR-MIG-MERGE-BUSINESS-12-3
aiRoiOpportunities.automatedTimePerWeek → merge owner=platform-data approval=APR-MIG-MERGE-BUSINESS-12-3
aiRoiOpportunities.confidence → merge owner=platform-data approval=APR-MIG-MERGE-BUSINESS-12-3
aiRoiOpportunities.createdAt → merge owner=platform-data approval=APR-MIG-MERGE-BUSINESS-12-3
aiRoiOpportunities.currentCostPerYear → merge owner=platform-data approval=APR-MIG-MERGE-BUSINESS-12-3
aiRoiOpportunities.currentProcess → merge owner=platform-data approval=APR-MIG-MERGE-BUSINESS-12-3
aiRoiOpportunities.currentTimePerWeek → merge owner=platform-data approval=APR-MIG-MERGE-BUSINESS-12-3
aiRoiOpportunities.errorRateAfter → merge owner=platform-data approval=APR-MIG-MERGE-BUSINESS-12-3
aiRoiOpportunities.errorRateBefore → merge owner=platform-data approval=APR-MIG-MERGE-BUSINESS-12-3
aiRoiOpportunities.name → merge owner=platform-data approval=APR-MIG-MERGE-BUSINESS-12-3
aiRoiOpportunities.phase → merge owner=platform-data approval=APR-MIG-MERGE-BUSINESS-12-3
aiRoiOpportunities.proposedAutomation → merge owner=platform-data approval=APR-MIG-MERGE-BUSINESS-12-3
aiRoiOpportunities.rank → merge owner=platform-data approval=APR-MIG-MERGE-BUSINESS-12-3
aiRoiOpportunities.savingsPerYear → merge owner=platform-data approval=APR-MIG-MERGE-BUSINESS-12-3
aiRoiOpportunities.sessionId → merge owner=platform-data approval=APR-MIG-MERGE-BUSINESS-12-3
aiRoiSessions._creationTime → merge owner=platform-data approval=APR-MIG-MERGE-BUSINESS-12-3
aiRoiSessions._id → merge owner=platform-data approval=APR-MIG-MERGE-BUSINESS-12-3
aiRoiSessions.company → merge owner=platform-data approval=APR-MIG-MERGE-BUSINESS-12-3
aiRoiSessions.completedAt → merge owner=platform-data approval=APR-MIG-MERGE-BUSINESS-12-3
aiRoiSessions.createdAt → merge owner=platform-data approval=APR-MIG-MERGE-BUSINESS-12-3
aiRoiSessions.documentId → merge owner=platform-data approval=APR-MIG-MERGE-BUSINESS-12-3
aiRoiSessions.errorReason → merge owner=platform-data approval=APR-MIG-MERGE-BUSINESS-12-3
aiRoiSessions.executiveSummary → merge owner=platform-data approval=APR-MIG-MERGE-BUSINESS-12-3
aiRoiSessions.sourceCount → merge owner=platform-data approval=APR-MIG-MERGE-BUSINESS-12-3
aiRoiSessions.status → merge owner=platform-data approval=APR-MIG-MERGE-BUSINESS-12-3
aiRoiSessions.topOpportunityConfidence → merge owner=platform-data approval=APR-MIG-MERGE-BUSINESS-12-3
aiRoiSessions.topOpportunityName → merge owner=platform-data approval=APR-MIG-MERGE-BUSINESS-12-3
aiRoiSessions.topOpportunitySavings → merge owner=platform-data approval=APR-MIG-MERGE-BUSINESS-12-3
aiRoiSessions.updatedAt → merge owner=platform-data approval=APR-MIG-MERGE-BUSINESS-12-3
assimilationIterations._creationTime → preserve owner=platform-data approval=APR-MIG-2026-S02-001
assimilationIterations._id → preserve owner=platform-data approval=APR-MIG-2026-S02-001
assimilationIterations.createdAt → preserve owner=platform-data approval=APR-MIG-2026-S02-001
assimilationIterations.dimension → preserve owner=platform-data approval=APR-MIG-2026-S02-001
assimilationIterations.dimensionCoverageScore → preserve owner=platform-data approval=APR-MIG-2026-S02-001
assimilationIterations.durationMs → preserve owner=platform-data approval=APR-MIG-2026-S02-001
assimilationIterations.estimatedCostUsd → preserve owner=platform-data approval=APR-MIG-2026-S02-001
assimilationIterations.findings → preserve owner=platform-data approval=APR-MIG-2026-S02-001
assimilationIterations.gapsIdentified → preserve owner=platform-data approval=APR-MIG-2026-S02-001
assimilationIterations.iterationNumber → preserve owner=platform-data approval=APR-MIG-2026-S02-001
assimilationIterations.iterationType → preserve owner=platform-data approval=APR-MIG-2026-S02-001
assimilationIterations.nextAction → preserve owner=platform-data approval=APR-MIG-2026-S02-001
assimilationIterations.notesContribution → preserve owner=platform-data approval=APR-MIG-2026-S02-001
assimilationIterations.noveltyScore → preserve owner=platform-data approval=APR-MIG-2026-S02-001
assimilationIterations.sessionId → preserve owner=platform-data approval=APR-MIG-2026-S02-001
assimilationIterations.status → preserve owner=platform-data approval=APR-MIG-2026-S02-001
assimilationIterations.summary → preserve owner=platform-data approval=APR-MIG-2026-S02-001
assimilationMetadata._creationTime → preserve owner=platform-data approval=APR-MIG-2026-S02-001
assimilationMetadata._id → preserve owner=platform-data approval=APR-MIG-2026-S02-001
assimilationMetadata.createdAt → preserve owner=platform-data approval=APR-MIG-2026-S02-001
assimilationMetadata.documentId → preserve owner=platform-data approval=APR-MIG-2026-S02-001
assimilationMetadata.primaryLanguage → preserve owner=platform-data approval=APR-MIG-2026-S02-001
assimilationMetadata.repositoryName → preserve owner=platform-data approval=APR-MIG-2026-S02-001
assimilationMetadata.repositoryUrl → preserve owner=platform-data approval=APR-MIG-2026-S02-001
assimilationMetadata.sophisticationRating → preserve owner=platform-data approval=APR-MIG-2026-S02-001
assimilationMetadata.stars → preserve owner=platform-data approval=APR-MIG-2026-S02-001
assimilationMetadata.trackRatings → preserve owner=platform-data approval=APR-MIG-2026-S02-001
assimilationSessions._creationTime → preserve owner=platform-data approval=APR-MIG-2026-S02-001
assimilationSessions._id → preserve owner=platform-data approval=APR-MIG-2026-S02-001
assimilationSessions.accumulatedNotes → preserve owner=platform-data approval=APR-MIG-2026-S02-001
assimilationSessions.autoApprove → preserve owner=platform-data approval=APR-MIG-2026-S02-001
assimilationSessions.completedAt → preserve owner=platform-data approval=APR-MIG-2026-S02-001
assimilationSessions.conversationId → preserve owner=platform-data approval=APR-MIG-2026-S02-001
assimilationSessions.coveragePlan → preserve owner=platform-data approval=APR-MIG-2026-S02-001
assimilationSessions.createdAt → preserve owner=platform-data approval=APR-MIG-2026-S02-001
assimilationSessions.currentIteration → preserve owner=platform-data approval=APR-MIG-2026-S02-001
assimilationSessions.dimensionScores → preserve owner=platform-data approval=APR-MIG-2026-S02-001
assimilationSessions.documentId → preserve owner=platform-data approval=APR-MIG-2026-S02-001
assimilationSessions.errorReason → preserve owner=platform-data approval=APR-MIG-2026-S02-001
assimilationSessions.estimatedCostUsd → preserve owner=platform-data approval=APR-MIG-2026-S02-001
assimilationSessions.failureConstraints → preserve owner=platform-data approval=APR-MIG-2026-S02-001
assimilationSessions.maxIterations → preserve owner=platform-data approval=APR-MIG-2026-S02-001
assimilationSessions.metadataId → preserve owner=platform-data approval=APR-MIG-2026-S02-001
assimilationSessions.nextDimension → preserve owner=platform-data approval=APR-MIG-2026-S02-001
assimilationSessions.planContent → preserve owner=platform-data approval=APR-MIG-2026-S02-001
assimilationSessions.planFeedback → preserve owner=platform-data approval=APR-MIG-2026-S02-001
assimilationSessions.planSummary → preserve owner=platform-data approval=APR-MIG-2026-S02-001
assimilationSessions.profile → preserve owner=platform-data approval=APR-MIG-2026-S02-001
assimilationSessions.repositoryName → preserve owner=platform-data approval=APR-MIG-2026-S02-001
assimilationSessions.repositoryUrl → preserve owner=platform-data approval=APR-MIG-2026-S02-001
assimilationSessions.startedAt → preserve owner=platform-data approval=APR-MIG-2026-S02-001
assimilationSessions.status → preserve owner=platform-data approval=APR-MIG-2026-S02-001
assimilationSessions.steeringNote → preserve owner=platform-data approval=APR-MIG-2026-S02-001
assimilationSessions.terminationCriteria → preserve owner=platform-data approval=APR-MIG-2026-S02-001
assimilationSessions.updatedAt → preserve owner=platform-data approval=APR-MIG-2026-S02-001
audioJobs._creationTime → preserve owner=platform-data approval=APR-MIG-2026-S02-001
audioJobs._id → preserve owner=platform-data approval=APR-MIG-2026-S02-001
audioJobs.completedSegments → preserve owner=platform-data approval=APR-MIG-2026-S02-001
audioJobs.createdAt → preserve owner=platform-data approval=APR-MIG-2026-S02-001
audioJobs.documentId → preserve owner=platform-data approval=APR-MIG-2026-S02-001
audioJobs.errorMessage → preserve owner=platform-data approval=APR-MIG-2026-S02-001
audioJobs.failedSegments → preserve owner=platform-data approval=APR-MIG-2026-S02-001
audioJobs.status → preserve owner=platform-data approval=APR-MIG-2026-S02-001
audioJobs.totalSegments → preserve owner=platform-data approval=APR-MIG-2026-S02-001
audioJobs.updatedAt → preserve owner=platform-data approval=APR-MIG-2026-S02-001
audioJobs.voiceId → preserve owner=platform-data approval=APR-MIG-2026-S02-001
audioSegments._creationTime → preserve owner=platform-data approval=APR-MIG-2026-S02-001
audioSegments._id → preserve owner=platform-data approval=APR-MIG-2026-S02-001
audioSegments.createdAt → preserve owner=platform-data approval=APR-MIG-2026-S02-001
audioSegments.documentId → preserve owner=platform-data approval=APR-MIG-2026-S02-001
audioSegments.durationMs → preserve owner=platform-data approval=APR-MIG-2026-S02-001
audioSegments.errorMessage → preserve owner=platform-data approval=APR-MIG-2026-S02-001
audioSegments.jobId → preserve owner=platform-data approval=APR-MIG-2026-S02-001
audioSegments.paragraphHash → preserve owner=platform-data approval=APR-MIG-2026-S02-001
audioSegments.paragraphIndex → preserve owner=platform-data approval=APR-MIG-2026-S02-001
audioSegments.retryCount → preserve owner=platform-data approval=APR-MIG-2026-S02-001
audioSegments.status → preserve owner=platform-data approval=APR-MIG-2026-S02-001
audioSegments.storageId → preserve owner=platform-data approval=APR-MIG-STORAGE-001
audioSegments.updatedAt → preserve owner=platform-data approval=APR-MIG-2026-S02-001
audioSegments.voiceId → preserve owner=platform-data approval=APR-MIG-2026-S02-001
audioTranscriptJobs._creationTime → preserve owner=platform-data approval=APR-MIG-2026-S02-001
audioTranscriptJobs._id → preserve owner=platform-data approval=APR-MIG-2026-S02-001
audioTranscriptJobs.audioStorageId → drop owner=platform-data approval=APR-MIG-DROP-TEMP-AUDIO-001
audioTranscriptJobs.completedAt → preserve owner=platform-data approval=APR-MIG-2026-S02-001
audioTranscriptJobs.contentId → preserve owner=platform-data approval=APR-MIG-2026-S02-001
audioTranscriptJobs.createdAt → preserve owner=platform-data approval=APR-MIG-2026-S02-001
audioTranscriptJobs.errorMessage → preserve owner=platform-data approval=APR-MIG-2026-S02-001
audioTranscriptJobs.platform → preserve owner=platform-data approval=APR-MIG-2026-S02-001
audioTranscriptJobs.priority → preserve owner=platform-data approval=APR-MIG-2026-S02-001
audioTranscriptJobs.retryCount → preserve owner=platform-data approval=APR-MIG-2026-S02-001
audioTranscriptJobs.sourceUrl → preserve owner=platform-data approval=APR-MIG-2026-S02-001
audioTranscriptJobs.startedAt → preserve owner=platform-data approval=APR-MIG-2026-S02-001
audioTranscriptJobs.status → preserve owner=platform-data approval=APR-MIG-2026-S02-001
audioTranscriptJobs.transcriptId → preserve owner=platform-data approval=APR-MIG-2026-S02-001
audioTranscripts._creationTime → preserve owner=platform-data approval=APR-MIG-2026-S02-001
audioTranscripts._id → preserve owner=platform-data approval=APR-MIG-2026-S02-001
audioTranscripts.contentId → preserve owner=platform-data approval=APR-MIG-2026-S02-001
audioTranscripts.createdAt → preserve owner=platform-data approval=APR-MIG-2026-S02-001
audioTranscripts.durationMs → preserve owner=platform-data approval=APR-MIG-2026-S02-001
audioTranscripts.generatedAt → preserve owner=platform-data approval=APR-MIG-2026-S02-001
audioTranscripts.language → preserve owner=platform-data approval=APR-MIG-2026-S02-001
audioTranscripts.metadataJson → preserve owner=platform-data approval=APR-MIG-2026-S02-001
audioTranscripts.previewText → preserve owner=platform-data approval=APR-MIG-2026-S02-001
audioTranscripts.sourceUrl → preserve owner=platform-data approval=APR-MIG-2026-S02-001
audioTranscripts.storageId → preserve owner=platform-data approval=APR-MIG-STORAGE-003
audioTranscripts.transcriptSource → preserve owner=platform-data approval=APR-MIG-2026-S02-001
audioTranscripts.transcriptType → preserve owner=platform-data approval=APR-MIG-2026-S02-001
audioTranscripts.wordCount → preserve owner=platform-data approval=APR-MIG-2026-S02-001
chatMessages._creationTime → preserve owner=platform-data approval=APR-MIG-2026-S02-001
chatMessages._id → preserve owner=platform-data approval=APR-MIG-2026-S02-001
chatMessages.cardData → preserve owner=platform-data approval=APR-MIG-2026-S02-001
chatMessages.content → preserve owner=platform-data approval=APR-MIG-2026-S02-001
chatMessages.conversationId → preserve owner=platform-data approval=APR-MIG-2026-S02-001
chatMessages.createdAt → preserve owner=platform-data approval=APR-MIG-2026-S02-001
chatMessages.deleted → preserve owner=platform-data approval=APR-MIG-2026-S02-001
chatMessages.documentId → preserve owner=platform-data approval=APR-MIG-2026-S02-001
chatMessages.messageType → preserve owner=platform-data approval=APR-MIG-2026-S02-001
chatMessages.reasoning → preserve owner=platform-data approval=APR-MIG-2026-S02-001
chatMessages.role → preserve owner=platform-data approval=APR-MIG-2026-S02-001
chatMessages.sessionId → preserve owner=platform-data approval=APR-MIG-2026-S02-001
chatMessages.toolCallId → preserve owner=platform-data approval=APR-MIG-2026-S02-001
chatMessages.voiceSessionId → preserve owner=platform-data approval=APR-MIG-2026-S02-001
citations._creationTime → preserve owner=platform-data approval=APR-MIG-2026-S02-001
citations._id → preserve owner=platform-data approval=APR-MIG-2026-S02-001
citations.authorCredentials → preserve owner=platform-data approval=APR-MIG-2026-S02-001
citations.claimMarker → preserve owner=platform-data approval=APR-MIG-2026-S02-001
citations.claimText → preserve owner=platform-data approval=APR-MIG-2026-S02-001
citations.credibilityScore → preserve owner=platform-data approval=APR-MIG-2026-S02-001
citations.deepResearchSessionId → preserve owner=platform-data approval=APR-MIG-2026-S02-001
citations.documentId → preserve owner=platform-data approval=APR-MIG-2026-S02-001
citations.evidenceType → preserve owner=platform-data approval=APR-MIG-2026-S02-001
citations.publishedDate → preserve owner=platform-data approval=APR-MIG-2026-S02-001
citations.retrievedAt → preserve owner=platform-data approval=APR-MIG-2026-S02-001
citations.sessionId → preserve owner=platform-data approval=APR-MIG-2026-S02-001
citations.sourceDomain → preserve owner=platform-data approval=APR-MIG-2026-S02-001
citations.sourceTitle → preserve owner=platform-data approval=APR-MIG-2026-S02-001
citations.sourceType → preserve owner=platform-data approval=APR-MIG-2026-S02-001
citations.sourceUrl → preserve owner=platform-data approval=APR-MIG-2026-S02-001
competitiveAnalysisCompetitors._creationTime → merge owner=platform-data approval=APR-MIG-MERGE-BUSINESS-12-3
competitiveAnalysisCompetitors._id → merge owner=platform-data approval=APR-MIG-MERGE-BUSINESS-12-3
competitiveAnalysisCompetitors.createdAt → merge owner=platform-data approval=APR-MIG-MERGE-BUSINESS-12-3
competitiveAnalysisCompetitors.focus → merge owner=platform-data approval=APR-MIG-MERGE-BUSINESS-12-3
competitiveAnalysisCompetitors.founded → merge owner=platform-data approval=APR-MIG-MERGE-BUSINESS-12-3
competitiveAnalysisCompetitors.funding → merge owner=platform-data approval=APR-MIG-MERGE-BUSINESS-12-3
competitiveAnalysisCompetitors.name → merge owner=platform-data approval=APR-MIG-MERGE-BUSINESS-12-3
competitiveAnalysisCompetitors.sessionId → merge owner=platform-data approval=APR-MIG-MERGE-BUSINESS-12-3
competitiveAnalysisCompetitors.strengths → merge owner=platform-data approval=APR-MIG-MERGE-BUSINESS-12-3
competitiveAnalysisCompetitors.url → merge owner=platform-data approval=APR-MIG-MERGE-BUSINESS-12-3
competitiveAnalysisCompetitors.weaknesses → merge owner=platform-data approval=APR-MIG-MERGE-BUSINESS-12-3
competitiveAnalysisFeatures._creationTime → merge owner=platform-data approval=APR-MIG-MERGE-BUSINESS-12-3
competitiveAnalysisFeatures._id → merge owner=platform-data approval=APR-MIG-MERGE-BUSINESS-12-3
competitiveAnalysisFeatures.competitorSupport → merge owner=platform-data approval=APR-MIG-MERGE-BUSINESS-12-3
competitiveAnalysisFeatures.createdAt → merge owner=platform-data approval=APR-MIG-MERGE-BUSINESS-12-3
competitiveAnalysisFeatures.featureName → merge owner=platform-data approval=APR-MIG-MERGE-BUSINESS-12-3
competitiveAnalysisFeatures.ourSupport → merge owner=platform-data approval=APR-MIG-MERGE-BUSINESS-12-3
competitiveAnalysisFeatures.sessionId → merge owner=platform-data approval=APR-MIG-MERGE-BUSINESS-12-3
competitiveAnalysisSessions._creationTime → merge owner=platform-data approval=APR-MIG-MERGE-BUSINESS-12-3
competitiveAnalysisSessions._id → merge owner=platform-data approval=APR-MIG-MERGE-BUSINESS-12-3
competitiveAnalysisSessions.completedAt → merge owner=platform-data approval=APR-MIG-MERGE-BUSINESS-12-3
competitiveAnalysisSessions.createdAt → merge owner=platform-data approval=APR-MIG-MERGE-BUSINESS-12-3
competitiveAnalysisSessions.documentId → merge owner=platform-data approval=APR-MIG-MERGE-BUSINESS-12-3
competitiveAnalysisSessions.errorReason → merge owner=platform-data approval=APR-MIG-MERGE-BUSINESS-12-3
competitiveAnalysisSessions.market → merge owner=platform-data approval=APR-MIG-MERGE-BUSINESS-12-3
competitiveAnalysisSessions.marketVerdict → merge owner=platform-data approval=APR-MIG-MERGE-BUSINESS-12-3
competitiveAnalysisSessions.porterBuyerPower → merge owner=platform-data approval=APR-MIG-MERGE-BUSINESS-12-3
competitiveAnalysisSessions.porterNewEntrants → merge owner=platform-data approval=APR-MIG-MERGE-BUSINESS-12-3
competitiveAnalysisSessions.porterRivalry → merge owner=platform-data approval=APR-MIG-MERGE-BUSINESS-12-3
competitiveAnalysisSessions.porterSubstitutes → merge owner=platform-data approval=APR-MIG-MERGE-BUSINESS-12-3
competitiveAnalysisSessions.porterSupplierPower → merge owner=platform-data approval=APR-MIG-MERGE-BUSINESS-12-3
competitiveAnalysisSessions.sourceCount → merge owner=platform-data approval=APR-MIG-MERGE-BUSINESS-12-3
competitiveAnalysisSessions.status → merge owner=platform-data approval=APR-MIG-MERGE-BUSINESS-12-3
competitiveAnalysisSessions.updatedAt → merge owner=platform-data approval=APR-MIG-MERGE-BUSINESS-12-3
conversations._creationTime → preserve owner=platform-data approval=APR-MIG-2026-S02-001
conversations._id → preserve owner=platform-data approval=APR-MIG-2026-S02-001
conversations.agentBusy → preserve owner=platform-data approval=APR-MIG-2026-S02-001
conversations.agentBusySince → preserve owner=platform-data approval=APR-MIG-2026-S02-001
conversations.createdAt → preserve owner=platform-data approval=APR-MIG-2026-S02-001
conversations.lastMessagePreview → preserve owner=platform-data approval=APR-MIG-2026-S02-001
conversations.pendingIntent → preserve owner=platform-data approval=APR-MIG-2026-S02-001
conversations.pendingQueryShape → preserve owner=platform-data approval=APR-MIG-2026-S02-001
conversations.pendingSince → preserve owner=platform-data approval=APR-MIG-2026-S02-001
conversations.title → preserve owner=platform-data approval=APR-MIG-2026-S02-001
conversations.titleSetByUser → preserve owner=platform-data approval=APR-MIG-2026-S02-001
conversations.updatedAt → preserve owner=platform-data approval=APR-MIG-2026-S02-001
creatorProfiles._creationTime → preserve owner=platform-data approval=APR-MIG-2026-S02-001
creatorProfiles._id → preserve owner=platform-data approval=APR-MIG-2026-S02-001
creatorProfiles.avatarUrl → preserve owner=platform-data approval=APR-MIG-2026-S02-001
creatorProfiles.bio → preserve owner=platform-data approval=APR-MIG-2026-S02-001
creatorProfiles.canonicalType → preserve owner=platform-data approval=APR-MIG-2026-S02-001
creatorProfiles.createdAt → preserve owner=platform-data approval=APR-MIG-2026-S02-001
creatorProfiles.handle → preserve owner=platform-data approval=APR-MIG-2026-S02-001
creatorProfiles.lastVerifiedAt → preserve owner=platform-data approval=APR-MIG-2026-S02-001
creatorProfiles.name → preserve owner=platform-data approval=APR-MIG-2026-S02-001
creatorProfiles.platforms → preserve owner=platform-data approval=APR-MIG-2026-S02-001
creatorProfiles.updatedAt → preserve owner=platform-data approval=APR-MIG-2026-S02-001
deepResearchIterations._creationTime → merge owner=platform-data approval=APR-MIG-MERGE-RESEARCH-5-3
deepResearchIterations._id → merge owner=platform-data approval=APR-MIG-MERGE-RESEARCH-5-3
deepResearchIterations.confidenceStats → merge owner=platform-data approval=APR-MIG-MERGE-RESEARCH-5-3
deepResearchIterations.coverageScore → merge owner=platform-data approval=APR-MIG-MERGE-RESEARCH-5-3
deepResearchIterations.createdAt → merge owner=platform-data approval=APR-MIG-MERGE-RESEARCH-5-3
deepResearchIterations.embedding → merge owner=platform-data approval=APR-MIG-MERGE-RESEARCH-5-3
deepResearchIterations.feedback → merge owner=platform-data approval=APR-MIG-MERGE-RESEARCH-5-3
deepResearchIterations.findings → merge owner=platform-data approval=APR-MIG-MERGE-RESEARCH-5-3
deepResearchIterations.iterationNumber → merge owner=platform-data approval=APR-MIG-MERGE-RESEARCH-5-3
deepResearchIterations.refinedQueries → merge owner=platform-data approval=APR-MIG-MERGE-RESEARCH-5-3
deepResearchIterations.sessionId → merge owner=platform-data approval=APR-MIG-MERGE-RESEARCH-5-3
deepResearchIterations.status → merge owner=platform-data approval=APR-MIG-MERGE-RESEARCH-5-3
deepResearchIterations.summary → merge owner=platform-data approval=APR-MIG-MERGE-RESEARCH-5-3
deepResearchSessions._creationTime → merge owner=platform-data approval=APR-MIG-MERGE-RESEARCH-5-3
deepResearchSessions._id → merge owner=platform-data approval=APR-MIG-MERGE-RESEARCH-5-3
deepResearchSessions.completedAt → merge owner=platform-data approval=APR-MIG-MERGE-RESEARCH-5-3
deepResearchSessions.conversationId → merge owner=platform-data approval=APR-MIG-MERGE-RESEARCH-5-3
deepResearchSessions.createdAt → merge owner=platform-data approval=APR-MIG-MERGE-RESEARCH-5-3
deepResearchSessions.currentCoverageScore → merge owner=platform-data approval=APR-MIG-MERGE-RESEARCH-5-3
deepResearchSessions.currentIteration → merge owner=platform-data approval=APR-MIG-MERGE-RESEARCH-5-3
deepResearchSessions.documentId → merge owner=platform-data approval=APR-MIG-MERGE-RESEARCH-5-3
deepResearchSessions.errorReason → merge owner=platform-data approval=APR-MIG-MERGE-RESEARCH-5-3
deepResearchSessions.finalConfidenceSummary → merge owner=platform-data approval=APR-MIG-MERGE-RESEARCH-5-3
deepResearchSessions.maxIterations → merge owner=platform-data approval=APR-MIG-MERGE-RESEARCH-5-3
deepResearchSessions.outputConfidenceFilter → merge owner=platform-data approval=APR-MIG-MERGE-RESEARCH-5-3
deepResearchSessions.refinedTopic → merge owner=platform-data approval=APR-MIG-MERGE-RESEARCH-5-3
deepResearchSessions.researchMode → merge owner=platform-data approval=APR-MIG-MERGE-RESEARCH-5-3
deepResearchSessions.researchType → merge owner=platform-data approval=APR-MIG-MERGE-RESEARCH-5-3
deepResearchSessions.status → merge owner=platform-data approval=APR-MIG-MERGE-RESEARCH-5-3
deepResearchSessions.taskId → merge owner=platform-data approval=APR-MIG-MERGE-RESEARCH-5-3
deepResearchSessions.topic → merge owner=platform-data approval=APR-MIG-MERGE-RESEARCH-5-3
deepResearchSessions.updatedAt → merge owner=platform-data approval=APR-MIG-MERGE-RESEARCH-5-3
documentCounters._creationTime → drop owner=platform-data approval=APR-MIG-DROP-DOC-COUNTERS-001
documentCounters._id → drop owner=platform-data approval=APR-MIG-DROP-DOC-COUNTERS-001
documentCounters.count → drop owner=platform-data approval=APR-MIG-DROP-DOC-COUNTERS-001
documentCounters.name → drop owner=platform-data approval=APR-MIG-DROP-DOC-COUNTERS-001
documents._creationTime → preserve owner=platform-data approval=APR-MIG-2026-S02-001
documents._id → preserve owner=platform-data approval=APR-MIG-2026-S02-001
documents.category → preserve owner=platform-data approval=APR-MIG-2026-S02-001
documents.content → preserve owner=platform-data approval=APR-MIG-2026-S02-001
documents.createdAt → preserve owner=platform-data approval=APR-MIG-2026-S02-001
documents.date → preserve owner=platform-data approval=APR-MIG-2026-S02-001
documents.embedding → preserve owner=platform-data approval=APR-MIG-2026-S02-001
documents.filePath → preserve owner=platform-data approval=APR-MIG-2026-S02-001
documents.fileType → preserve owner=platform-data approval=APR-MIG-2026-S02-001
documents.isPublic → preserve owner=platform-data approval=APR-MIG-2026-S02-001
documents.iterations → preserve owner=platform-data approval=APR-MIG-2026-S02-001
documents.researchType → preserve owner=platform-data approval=APR-MIG-2026-S02-001
documents.shareToken → preserve owner=platform-data approval=APR-MIG-2026-S02-001
documents.status → preserve owner=platform-data approval=APR-MIG-2026-S02-001
documents.time → preserve owner=platform-data approval=APR-MIG-2026-S02-001
documents.title → preserve owner=platform-data approval=APR-MIG-2026-S02-001
executionPlans._creationTime → preserve owner=platform-data approval=APR-MIG-2026-S02-001
executionPlans._id → preserve owner=platform-data approval=APR-MIG-2026-S02-001
executionPlans.content → preserve owner=platform-data approval=APR-MIG-2026-S02-001
executionPlans.createdAt → preserve owner=platform-data approval=APR-MIG-2026-S02-001
executionPlans.metadata → preserve owner=platform-data approval=APR-MIG-2026-S02-001
executionPlans.status → preserve owner=platform-data approval=APR-MIG-2026-S02-001
executionPlans.type → preserve owner=platform-data approval=APR-MIG-2026-S02-001
executionPlans.updatedAt → preserve owner=platform-data approval=APR-MIG-2026-S02-001
feedItems._creationTime → preserve owner=platform-data approval=APR-MIG-2026-S02-001
feedItems._id → preserve owner=platform-data approval=APR-MIG-2026-S02-001
feedItems.authorHandle → preserve owner=platform-data approval=APR-MIG-2026-S02-001
feedItems.contentType → preserve owner=platform-data approval=APR-MIG-2026-S02-001
feedItems.createdAt → preserve owner=platform-data approval=APR-MIG-2026-S02-001
feedItems.creatorName → preserve owner=platform-data approval=APR-MIG-2026-S02-001
feedItems.creatorProfileId → preserve owner=platform-data approval=APR-MIG-2026-S02-001
feedItems.discoveredAt → preserve owner=platform-data approval=APR-MIG-2026-S02-001
feedItems.groupKey → preserve owner=platform-data approval=APR-MIG-2026-S02-001
feedItems.itemCount → preserve owner=platform-data approval=APR-MIG-2026-S02-001
feedItems.itemIds → preserve owner=platform-data approval=APR-MIG-2026-S02-001
feedItems.publishedAt → preserve owner=platform-data approval=APR-MIG-2026-S02-001
feedItems.subscriptionIds → preserve owner=platform-data approval=APR-MIG-2026-S02-001
feedItems.summary → preserve owner=platform-data approval=APR-MIG-2026-S02-001
feedItems.thumbnailUrl → preserve owner=platform-data approval=APR-MIG-2026-S02-001
feedItems.title → preserve owner=platform-data approval=APR-MIG-2026-S02-001
feedItems.userFeedback → preserve owner=platform-data approval=APR-MIG-2026-S02-001
feedItems.userFeedbackAt → preserve owner=platform-data approval=APR-MIG-2026-S02-001
feedItems.viewed → preserve owner=platform-data approval=APR-MIG-2026-S02-001
feedItems.viewedAt → preserve owner=platform-data approval=APR-MIG-2026-S02-001
feedSessions._creationTime → preserve owner=platform-data approval=APR-MIG-2026-S02-001
feedSessions._id → preserve owner=platform-data approval=APR-MIG-2026-S02-001
feedSessions.endTime → preserve owner=platform-data approval=APR-MIG-2026-S02-001
feedSessions.itemsConsumed → preserve owner=platform-data approval=APR-MIG-2026-S02-001
feedSessions.itemsViewed → preserve owner=platform-data approval=APR-MIG-2026-S02-001
feedSessions.sessionSource → preserve owner=platform-data approval=APR-MIG-2026-S02-001
feedSessions.startTime → preserve owner=platform-data approval=APR-MIG-2026-S02-001
feedSettings._creationTime → preserve owner=platform-data approval=APR-MIG-2026-S02-001
feedSettings._id → preserve owner=platform-data approval=APR-MIG-2026-S02-001
feedSettings.autoPlayVideos → preserve owner=platform-data approval=APR-MIG-2026-S02-001
feedSettings.contentFilter → preserve owner=platform-data approval=APR-MIG-2026-S02-001
feedSettings.enableInAppNotifications → preserve owner=platform-data approval=APR-MIG-2026-S02-001
feedSettings.enablePushNotifications → preserve owner=platform-data approval=APR-MIG-2026-S02-001
feedSettings.showThumbnails → preserve owner=platform-data approval=APR-MIG-2026-S02-001
feedSettings.updatedAt → preserve owner=platform-data approval=APR-MIG-2026-S02-001
flightsPriceCalendar._creationTime → merge owner=platform-data approval=APR-MIG-MERGE-BUSINESS-12-3
flightsPriceCalendar._id → merge owner=platform-data approval=APR-MIG-MERGE-BUSINESS-12-3
flightsPriceCalendar.createdAt → merge owner=platform-data approval=APR-MIG-MERGE-BUSINESS-12-3
flightsPriceCalendar.date → merge owner=platform-data approval=APR-MIG-MERGE-BUSINESS-12-3
flightsPriceCalendar.dayOfWeek → merge owner=platform-data approval=APR-MIG-MERGE-BUSINESS-12-3
flightsPriceCalendar.isCheapest → merge owner=platform-data approval=APR-MIG-MERGE-BUSINESS-12-3
flightsPriceCalendar.price → merge owner=platform-data approval=APR-MIG-MERGE-BUSINESS-12-3
flightsPriceCalendar.sessionId → merge owner=platform-data approval=APR-MIG-MERGE-BUSINESS-12-3
flightsPriceCalendar.weekNumber → merge owner=platform-data approval=APR-MIG-MERGE-BUSINESS-12-3
flightsRoutes._creationTime → merge owner=platform-data approval=APR-MIG-MERGE-BUSINESS-12-3
flightsRoutes._id → merge owner=platform-data approval=APR-MIG-MERGE-BUSINESS-12-3
flightsRoutes.airline → merge owner=platform-data approval=APR-MIG-MERGE-BUSINESS-12-3
flightsRoutes.bookingUrl → merge owner=platform-data approval=APR-MIG-MERGE-BUSINESS-12-3
flightsRoutes.createdAt → merge owner=platform-data approval=APR-MIG-MERGE-BUSINESS-12-3
flightsRoutes.departDate → merge owner=platform-data approval=APR-MIG-MERGE-BUSINESS-12-3
flightsRoutes.duration → merge owner=platform-data approval=APR-MIG-MERGE-BUSINESS-12-3
flightsRoutes.isBestDeal → merge owner=platform-data approval=APR-MIG-MERGE-BUSINESS-12-3
flightsRoutes.price → merge owner=platform-data approval=APR-MIG-MERGE-BUSINESS-12-3
flightsRoutes.returnDate → merge owner=platform-data approval=APR-MIG-MERGE-BUSINESS-12-3
flightsRoutes.sessionId → merge owner=platform-data approval=APR-MIG-MERGE-BUSINESS-12-3
flightsRoutes.stops → merge owner=platform-data approval=APR-MIG-MERGE-BUSINESS-12-3
flightsSessions._creationTime → merge owner=platform-data approval=APR-MIG-MERGE-BUSINESS-12-3
flightsSessions._id → merge owner=platform-data approval=APR-MIG-MERGE-BUSINESS-12-3
flightsSessions.bestDealAirline → merge owner=platform-data approval=APR-MIG-MERGE-BUSINESS-12-3
flightsSessions.bestDealDates → merge owner=platform-data approval=APR-MIG-MERGE-BUSINESS-12-3
flightsSessions.bestDealPrice → merge owner=platform-data approval=APR-MIG-MERGE-BUSINESS-12-3
flightsSessions.bookBy → merge owner=platform-data approval=APR-MIG-MERGE-BUSINESS-12-3
flightsSessions.cheapestDay → merge owner=platform-data approval=APR-MIG-MERGE-BUSINESS-12-3
flightsSessions.completedAt → merge owner=platform-data approval=APR-MIG-MERGE-BUSINESS-12-3
flightsSessions.createdAt → merge owner=platform-data approval=APR-MIG-MERGE-BUSINESS-12-3
flightsSessions.dateRange → merge owner=platform-data approval=APR-MIG-MERGE-BUSINESS-12-3
flightsSessions.destination → merge owner=platform-data approval=APR-MIG-MERGE-BUSINESS-12-3
flightsSessions.documentId → merge owner=platform-data approval=APR-MIG-MERGE-BUSINESS-12-3
flightsSessions.errorReason → merge owner=platform-data approval=APR-MIG-MERGE-BUSINESS-12-3
flightsSessions.origin → merge owner=platform-data approval=APR-MIG-MERGE-BUSINESS-12-3
flightsSessions.season → merge owner=platform-data approval=APR-MIG-MERGE-BUSINESS-12-3
flightsSessions.shoulderSeason → merge owner=platform-data approval=APR-MIG-MERGE-BUSINESS-12-3
flightsSessions.status → merge owner=platform-data approval=APR-MIG-MERGE-BUSINESS-12-3
flightsSessions.updatedAt → merge owner=platform-data approval=APR-MIG-MERGE-BUSINESS-12-3
imports._creationTime → preserve owner=platform-data approval=APR-MIG-2026-S02-001
imports._id → preserve owner=platform-data approval=APR-MIG-2026-S02-001
imports.documentId → preserve owner=platform-data approval=APR-MIG-2026-S02-001
imports.importedAt → preserve owner=platform-data approval=APR-MIG-2026-S02-001
imports.source → preserve owner=platform-data approval=APR-MIG-2026-S02-001
imports.text → preserve owner=platform-data approval=APR-MIG-2026-S02-001
improvementImages._creationTime → preserve owner=platform-data approval=APR-MIG-2026-S02-001
improvementImages._id → preserve owner=platform-data approval=APR-MIG-2026-S02-001
improvementImages.caption → preserve owner=platform-data approval=APR-MIG-2026-S02-001
improvementImages.createdAt → preserve owner=platform-data approval=APR-MIG-2026-S02-001
improvementImages.requestId → preserve owner=platform-data approval=APR-MIG-2026-S02-001
improvementImages.storageId → preserve owner=platform-data approval=APR-MIG-STORAGE-004
improvementRequests._creationTime → preserve owner=platform-data approval=APR-MIG-2026-S02-001
improvementRequests._id → preserve owner=platform-data approval=APR-MIG-2026-S02-001
improvementRequests.agentDecision → preserve owner=platform-data approval=APR-MIG-2026-S02-001
improvementRequests.closedAt → preserve owner=platform-data approval=APR-MIG-2026-S02-001
improvementRequests.closureEvidence → preserve owner=platform-data approval=APR-MIG-2026-S02-001
improvementRequests.closureReason → preserve owner=platform-data approval=APR-MIG-2026-S02-001
improvementRequests.createdAt → preserve owner=platform-data approval=APR-MIG-2026-S02-001
improvementRequests.description → preserve owner=platform-data approval=APR-MIG-2026-S02-001
improvementRequests.embedding → preserve owner=platform-data approval=APR-MIG-2026-S02-001
improvementRequests.mergedFromIds → preserve owner=platform-data approval=APR-MIG-2026-S02-001
improvementRequests.mergedIntoId → preserve owner=platform-data approval=APR-MIG-2026-S02-001
improvementRequests.processedAt → preserve owner=platform-data approval=APR-MIG-2026-S02-001
improvementRequests.sourceComponent → preserve owner=platform-data approval=APR-MIG-2026-S02-001
improvementRequests.sourceScreen → preserve owner=platform-data approval=APR-MIG-2026-S02-001
improvementRequests.status → preserve owner=platform-data approval=APR-MIG-2026-S02-001
improvementRequests.summary → preserve owner=platform-data approval=APR-MIG-2026-S02-001
improvementRequests.title → preserve owner=platform-data approval=APR-MIG-2026-S02-001
improvementRequests.updatedAt → preserve owner=platform-data approval=APR-MIG-2026-S02-001
improvementRequests.userFeedback → preserve owner=platform-data approval=APR-MIG-2026-S02-001
notifications._creationTime → preserve owner=platform-data approval=APR-MIG-2026-S02-001
notifications._id → preserve owner=platform-data approval=APR-MIG-2026-S02-001
notifications.body → preserve owner=platform-data approval=APR-MIG-2026-S02-001
notifications.createdAt → preserve owner=platform-data approval=APR-MIG-2026-S02-001
notifications.digestCount → preserve owner=platform-data approval=APR-MIG-2026-S02-001
notifications.digestSummary → preserve owner=platform-data approval=APR-MIG-2026-S02-001
notifications.feedItemIds → preserve owner=platform-data approval=APR-MIG-2026-S02-001
notifications.importance → preserve owner=platform-data approval=APR-MIG-2026-S02-001
notifications.read → preserve owner=platform-data approval=APR-MIG-2026-S02-001
notifications.referenceId → preserve owner=platform-data approval=APR-MIG-2026-S02-001
notifications.route → preserve owner=platform-data approval=APR-MIG-2026-S02-001
notifications.title → preserve owner=platform-data approval=APR-MIG-2026-S02-001
notifications.type → preserve owner=platform-data approval=APR-MIG-2026-S02-001
planApprovals._creationTime → preserve owner=platform-data approval=APR-MIG-2026-S02-001
planApprovals._id → preserve owner=platform-data approval=APR-MIG-2026-S02-001
planApprovals.approvedAt → preserve owner=platform-data approval=APR-MIG-2026-S02-001
planApprovals.approvedBy → preserve owner=platform-data approval=APR-MIG-2026-S02-001
planApprovals.decision → preserve owner=platform-data approval=APR-MIG-2026-S02-001
planApprovals.feedback → preserve owner=platform-data approval=APR-MIG-2026-S02-001
planApprovals.planId → preserve owner=platform-data approval=APR-MIG-2026-S02-001
planApprovals.rejectionReason → preserve owner=platform-data approval=APR-MIG-2026-S02-001
rateLimits._creationTime → preserve owner=platform-data approval=APR-MIG-2026-S02-001
rateLimits._id → preserve owner=platform-data approval=APR-MIG-2026-S02-001
rateLimits.key → preserve owner=platform-data approval=APR-MIG-2026-S02-001
rateLimits.timestamp → preserve owner=platform-data approval=APR-MIG-2026-S02-001
rateLimitTracking._creationTime → preserve owner=platform-data approval=APR-MIG-2026-S02-001
rateLimitTracking._id → preserve owner=platform-data approval=APR-MIG-2026-S02-001
rateLimitTracking.concurrentRequests → preserve owner=platform-data approval=APR-MIG-2026-S02-001
rateLimitTracking.createdAt → preserve owner=platform-data approval=APR-MIG-2026-S02-001
rateLimitTracking.lastError → preserve owner=platform-data approval=APR-MIG-2026-S02-001
rateLimitTracking.lastErrorTime → preserve owner=platform-data approval=APR-MIG-2026-S02-001
rateLimitTracking.maxConcurrent → preserve owner=platform-data approval=APR-MIG-2026-S02-001
rateLimitTracking.provider → preserve owner=platform-data approval=APR-MIG-2026-S02-001
rateLimitTracking.quotaLimit → preserve owner=platform-data approval=APR-MIG-2026-S02-001
rateLimitTracking.quotaResetAt → preserve owner=platform-data approval=APR-MIG-2026-S02-001
rateLimitTracking.quotaUsed → preserve owner=platform-data approval=APR-MIG-2026-S02-001
rateLimitTracking.status → preserve owner=platform-data approval=APR-MIG-2026-S02-001
rateLimitTracking.tokenBudget → preserve owner=platform-data approval=APR-MIG-2026-S02-001
rateLimitTracking.tokensUsed → preserve owner=platform-data approval=APR-MIG-2026-S02-001
rateLimitTracking.updatedAt → preserve owner=platform-data approval=APR-MIG-2026-S02-001
researchFindings._creationTime → merge owner=platform-data approval=APR-MIG-MERGE-RESEARCH-5-3
researchFindings._id → merge owner=platform-data approval=APR-MIG-MERGE-RESEARCH-5-3
researchFindings.caveats → merge owner=platform-data approval=APR-MIG-MERGE-RESEARCH-5-3
researchFindings.citationIds → merge owner=platform-data approval=APR-MIG-MERGE-RESEARCH-5-3
researchFindings.claimCategory → merge owner=platform-data approval=APR-MIG-MERGE-RESEARCH-5-3
researchFindings.claimText → merge owner=platform-data approval=APR-MIG-MERGE-RESEARCH-5-3
researchFindings.confidenceFactors → merge owner=platform-data approval=APR-MIG-MERGE-RESEARCH-5-3
researchFindings.confidenceLevel → merge owner=platform-data approval=APR-MIG-MERGE-RESEARCH-5-3
researchFindings.confidenceScore → merge owner=platform-data approval=APR-MIG-MERGE-RESEARCH-5-3
researchFindings.corroborationScore → merge owner=platform-data approval=APR-MIG-MERGE-RESEARCH-5-3
researchFindings.createdAt → merge owner=platform-data approval=APR-MIG-MERGE-RESEARCH-5-3
researchFindings.embedding → merge owner=platform-data approval=APR-MIG-MERGE-RESEARCH-5-3
researchFindings.evidenceQualityScore → merge owner=platform-data approval=APR-MIG-MERGE-RESEARCH-5-3
researchFindings.expertConsensusScore → merge owner=platform-data approval=APR-MIG-MERGE-RESEARCH-5-3
researchFindings.iterationId → merge owner=platform-data approval=APR-MIG-MERGE-RESEARCH-5-3
researchFindings.recencyScore → merge owner=platform-data approval=APR-MIG-MERGE-RESEARCH-5-3
researchFindings.sessionId → merge owner=platform-data approval=APR-MIG-MERGE-RESEARCH-5-3
researchFindings.sourceCredibilityScore → merge owner=platform-data approval=APR-MIG-MERGE-RESEARCH-5-3
researchFindings.warnings → merge owner=platform-data approval=APR-MIG-MERGE-RESEARCH-5-3
researchIterations._creationTime → merge owner=platform-data approval=APR-MIG-MERGE-RESEARCH-5-3
researchIterations._id → merge owner=platform-data approval=APR-MIG-MERGE-RESEARCH-5-3
researchIterations.createdAt → merge owner=platform-data approval=APR-MIG-MERGE-RESEARCH-5-3
researchIterations.findingsSummary → merge owner=platform-data approval=APR-MIG-MERGE-RESEARCH-5-3
researchIterations.iterationNumber → merge owner=platform-data approval=APR-MIG-MERGE-RESEARCH-5-3
researchIterations.refinedQueries → merge owner=platform-data approval=APR-MIG-MERGE-RESEARCH-5-3
researchIterations.reviewFeedback → merge owner=platform-data approval=APR-MIG-MERGE-RESEARCH-5-3
researchIterations.reviewGaps → merge owner=platform-data approval=APR-MIG-MERGE-RESEARCH-5-3
researchIterations.reviewScore → merge owner=platform-data approval=APR-MIG-MERGE-RESEARCH-5-3
researchIterations.sessionId → merge owner=platform-data approval=APR-MIG-MERGE-RESEARCH-5-3
researchIterations.sources → merge owner=platform-data approval=APR-MIG-MERGE-RESEARCH-5-3
researchSessions._creationTime → merge owner=platform-data approval=APR-MIG-MERGE-RESEARCH-5-3
researchSessions._id → merge owner=platform-data approval=APR-MIG-MERGE-RESEARCH-5-3
researchSessions.completedAt → merge owner=platform-data approval=APR-MIG-MERGE-RESEARCH-5-3
researchSessions.coverageScore → merge owner=platform-data approval=APR-MIG-MERGE-RESEARCH-5-3
researchSessions.createdAt → merge owner=platform-data approval=APR-MIG-MERGE-RESEARCH-5-3
researchSessions.currentIteration → merge owner=platform-data approval=APR-MIG-MERGE-RESEARCH-5-3
researchSessions.documentId → merge owner=platform-data approval=APR-MIG-MERGE-RESEARCH-5-3
researchSessions.errorText → merge owner=platform-data approval=APR-MIG-MERGE-RESEARCH-5-3
researchSessions.findings → merge owner=platform-data approval=APR-MIG-MERGE-RESEARCH-5-3
researchSessions.inputType → merge owner=platform-data approval=APR-MIG-MERGE-RESEARCH-5-3
researchSessions.maxIterations → merge owner=platform-data approval=APR-MIG-MERGE-RESEARCH-5-3
researchSessions.plan → merge owner=platform-data approval=APR-MIG-MERGE-RESEARCH-5-3
researchSessions.query → merge owner=platform-data approval=APR-MIG-MERGE-RESEARCH-5-3
researchSessions.researchType → merge owner=platform-data approval=APR-MIG-MERGE-RESEARCH-5-3
researchSessions.status → merge owner=platform-data approval=APR-MIG-MERGE-RESEARCH-5-3
researchSessions.updatedAt → merge owner=platform-data approval=APR-MIG-MERGE-RESEARCH-5-3
revenueValidationCompetitors._creationTime → merge owner=platform-data approval=APR-MIG-MERGE-BUSINESS-12-3
revenueValidationCompetitors._id → merge owner=platform-data approval=APR-MIG-MERGE-BUSINESS-12-3
revenueValidationCompetitors.createdAt → merge owner=platform-data approval=APR-MIG-MERGE-BUSINESS-12-3
revenueValidationCompetitors.differentiator → merge owner=platform-data approval=APR-MIG-MERGE-BUSINESS-12-3
revenueValidationCompetitors.name → merge owner=platform-data approval=APR-MIG-MERGE-BUSINESS-12-3
revenueValidationCompetitors.pricing → merge owner=platform-data approval=APR-MIG-MERGE-BUSINESS-12-3
revenueValidationCompetitors.sessionId → merge owner=platform-data approval=APR-MIG-MERGE-BUSINESS-12-3
revenueValidationCompetitors.url → merge owner=platform-data approval=APR-MIG-MERGE-BUSINESS-12-3
revenueValidationEvidence._creationTime → merge owner=platform-data approval=APR-MIG-MERGE-BUSINESS-12-3
revenueValidationEvidence._id → merge owner=platform-data approval=APR-MIG-MERGE-BUSINESS-12-3
revenueValidationEvidence.challengeStatus → merge owner=platform-data approval=APR-MIG-MERGE-BUSINESS-12-3
revenueValidationEvidence.claim → merge owner=platform-data approval=APR-MIG-MERGE-BUSINESS-12-3
revenueValidationEvidence.createdAt → merge owner=platform-data approval=APR-MIG-MERGE-BUSINESS-12-3
revenueValidationEvidence.dimension → merge owner=platform-data approval=APR-MIG-MERGE-BUSINESS-12-3
revenueValidationEvidence.sessionId → merge owner=platform-data approval=APR-MIG-MERGE-BUSINESS-12-3
revenueValidationEvidence.sourceTitle → merge owner=platform-data approval=APR-MIG-MERGE-BUSINESS-12-3
revenueValidationEvidence.sourceUrl → merge owner=platform-data approval=APR-MIG-MERGE-BUSINESS-12-3
revenueValidationEvidence.tier → merge owner=platform-data approval=APR-MIG-MERGE-BUSINESS-12-3
revenueValidationSessions._creationTime → merge owner=platform-data approval=APR-MIG-MERGE-BUSINESS-12-3
revenueValidationSessions._id → merge owner=platform-data approval=APR-MIG-MERGE-BUSINESS-12-3
revenueValidationSessions.agentCount → merge owner=platform-data approval=APR-MIG-MERGE-BUSINESS-12-3
revenueValidationSessions.codebaseUrl → merge owner=platform-data approval=APR-MIG-MERGE-BUSINESS-12-3
revenueValidationSessions.completedAt → merge owner=platform-data approval=APR-MIG-MERGE-BUSINESS-12-3
revenueValidationSessions.confidenceLevel → merge owner=platform-data approval=APR-MIG-MERGE-BUSINESS-12-3
revenueValidationSessions.createdAt → merge owner=platform-data approval=APR-MIG-MERGE-BUSINESS-12-3
revenueValidationSessions.desirabilityScore → merge owner=platform-data approval=APR-MIG-MERGE-BUSINESS-12-3
revenueValidationSessions.documentId → merge owner=platform-data approval=APR-MIG-MERGE-BUSINESS-12-3
revenueValidationSessions.errorReason → merge owner=platform-data approval=APR-MIG-MERGE-BUSINESS-12-3
revenueValidationSessions.executiveSummary → merge owner=platform-data approval=APR-MIG-MERGE-BUSINESS-12-3
revenueValidationSessions.feasibilityScore → merge owner=platform-data approval=APR-MIG-MERGE-BUSINESS-12-3
revenueValidationSessions.productName → merge owner=platform-data approval=APR-MIG-MERGE-BUSINESS-12-3
revenueValidationSessions.sam → merge owner=platform-data approval=APR-MIG-MERGE-BUSINESS-12-3
revenueValidationSessions.som → merge owner=platform-data approval=APR-MIG-MERGE-BUSINESS-12-3
revenueValidationSessions.status → merge owner=platform-data approval=APR-MIG-MERGE-BUSINESS-12-3
revenueValidationSessions.tam → merge owner=platform-data approval=APR-MIG-MERGE-BUSINESS-12-3
revenueValidationSessions.totalScore → merge owner=platform-data approval=APR-MIG-MERGE-BUSINESS-12-3
revenueValidationSessions.unitEconomics → merge owner=platform-data approval=APR-MIG-MERGE-BUSINESS-12-3
revenueValidationSessions.updatedAt → merge owner=platform-data approval=APR-MIG-MERGE-BUSINESS-12-3
revenueValidationSessions.verdict → merge owner=platform-data approval=APR-MIG-MERGE-BUSINESS-12-3
revenueValidationSessions.viabilityScore → merge owner=platform-data approval=APR-MIG-MERGE-BUSINESS-12-3
shopListings._creationTime → preserve owner=platform-data approval=APR-MIG-2026-S02-001
shopListings._id → preserve owner=platform-data approval=APR-MIG-2026-S02-001
shopListings.condition → preserve owner=platform-data approval=APR-MIG-2026-S02-001
shopListings.createdAt → preserve owner=platform-data approval=APR-MIG-2026-S02-001
shopListings.currency → preserve owner=platform-data approval=APR-MIG-2026-S02-001
shopListings.dealScore → preserve owner=platform-data approval=APR-MIG-2026-S02-001
shopListings.imageUrl → preserve owner=platform-data approval=APR-MIG-2026-S02-001
shopListings.inStock → preserve owner=platform-data approval=APR-MIG-2026-S02-001
shopListings.isDuplicate → preserve owner=platform-data approval=APR-MIG-2026-S02-001
shopListings.isVerifiedSeller → preserve owner=platform-data approval=APR-MIG-2026-S02-001
shopListings.originalPrice → preserve owner=platform-data approval=APR-MIG-2026-S02-001
shopListings.price → preserve owner=platform-data approval=APR-MIG-2026-S02-001
shopListings.productHash → preserve owner=platform-data approval=APR-MIG-2026-S02-001
shopListings.retailer → preserve owner=platform-data approval=APR-MIG-2026-S02-001
shopListings.seller → preserve owner=platform-data approval=APR-MIG-2026-S02-001
shopListings.sellerRating → preserve owner=platform-data approval=APR-MIG-2026-S02-001
shopListings.sellerTrustScore → preserve owner=platform-data approval=APR-MIG-2026-S02-001
shopListings.sessionId → preserve owner=platform-data approval=APR-MIG-2026-S02-001
shopListings.title → preserve owner=platform-data approval=APR-MIG-2026-S02-001
shopListings.trustTier → preserve owner=platform-data approval=APR-MIG-2026-S02-001
shopListings.url → preserve owner=platform-data approval=APR-MIG-2026-S02-001
shopSessions._creationTime → preserve owner=platform-data approval=APR-MIG-2026-S02-001
shopSessions._id → preserve owner=platform-data approval=APR-MIG-2026-S02-001
shopSessions.bestDealId → preserve owner=platform-data approval=APR-MIG-2026-S02-001
shopSessions.completedAt → preserve owner=platform-data approval=APR-MIG-2026-S02-001
shopSessions.condition → preserve owner=platform-data approval=APR-MIG-2026-S02-001
shopSessions.conversationId → preserve owner=platform-data approval=APR-MIG-2026-S02-001
shopSessions.createdAt → preserve owner=platform-data approval=APR-MIG-2026-S02-001
shopSessions.errorReason → preserve owner=platform-data approval=APR-MIG-2026-S02-001
shopSessions.planId → preserve owner=platform-data approval=APR-MIG-2026-S02-001
shopSessions.priceMax → preserve owner=platform-data approval=APR-MIG-2026-S02-001
shopSessions.priceMin → preserve owner=platform-data approval=APR-MIG-2026-S02-001
shopSessions.query → preserve owner=platform-data approval=APR-MIG-2026-S02-001
shopSessions.retailers → preserve owner=platform-data approval=APR-MIG-2026-S02-001
shopSessions.status → preserve owner=platform-data approval=APR-MIG-2026-S02-001
shopSessions.totalListings → preserve owner=platform-data approval=APR-MIG-2026-S02-001
shopSessions.updatedAt → preserve owner=platform-data approval=APR-MIG-2026-S02-001
shopSessions.verifiedOnly → preserve owner=platform-data approval=APR-MIG-2026-S02-001
subscriptionContent._creationTime → preserve owner=platform-data approval=APR-MIG-2026-S02-001
subscriptionContent._id → preserve owner=platform-data approval=APR-MIG-2026-S02-001
subscriptionContent.aiRelevanceReason → preserve owner=platform-data approval=APR-MIG-2026-S02-001
subscriptionContent.aiRelevanceScore → preserve owner=platform-data approval=APR-MIG-2026-S02-001
subscriptionContent.authorHandle → preserve owner=platform-data approval=APR-MIG-2026-S02-001
subscriptionContent.commentsCount → preserve owner=platform-data approval=APR-MIG-2026-S02-001
subscriptionContent.contentCategory → preserve owner=platform-data approval=APR-MIG-2026-S02-001
subscriptionContent.contentId → preserve owner=platform-data approval=APR-MIG-2026-S02-001
subscriptionContent.discoveredAt → preserve owner=platform-data approval=APR-MIG-2026-S02-001
subscriptionContent.documentId → preserve owner=platform-data approval=APR-MIG-2026-S02-001
subscriptionContent.duration → preserve owner=platform-data approval=APR-MIG-2026-S02-001
subscriptionContent.embedding → preserve owner=platform-data approval=APR-MIG-2026-S02-001
subscriptionContent.feedItemId → preserve owner=platform-data approval=APR-MIG-2026-S02-001
subscriptionContent.filterReason → preserve owner=platform-data approval=APR-MIG-2026-S02-001
subscriptionContent.inFeed → preserve owner=platform-data approval=APR-MIG-2026-S02-001
subscriptionContent.likesCount → preserve owner=platform-data approval=APR-MIG-2026-S02-001
subscriptionContent.metadataJson → preserve owner=platform-data approval=APR-MIG-2026-S02-001
subscriptionContent.passedFilter → preserve owner=platform-data approval=APR-MIG-2026-S02-001
subscriptionContent.researchedAt → preserve owner=platform-data approval=APR-MIG-2026-S02-001
subscriptionContent.researchStatus → preserve owner=platform-data approval=APR-MIG-2026-S02-001
subscriptionContent.sourceId → preserve owner=platform-data approval=APR-MIG-2026-S02-001
subscriptionContent.thumbnailUrl → preserve owner=platform-data approval=APR-MIG-2026-S02-001
subscriptionContent.title → preserve owner=platform-data approval=APR-MIG-2026-S02-001
subscriptionContent.url → preserve owner=platform-data approval=APR-MIG-2026-S02-001
subscriptionFilters._creationTime → preserve owner=platform-data approval=APR-MIG-2026-S02-001
subscriptionFilters._id → preserve owner=platform-data approval=APR-MIG-2026-S02-001
subscriptionFilters.createdAt → preserve owner=platform-data approval=APR-MIG-2026-S02-001
subscriptionFilters.ruleName → preserve owner=platform-data approval=APR-MIG-2026-S02-001
subscriptionFilters.ruleType → preserve owner=platform-data approval=APR-MIG-2026-S02-001
subscriptionFilters.ruleValue → preserve owner=platform-data approval=APR-MIG-2026-S02-001
subscriptionFilters.sourceId → preserve owner=platform-data approval=APR-MIG-2026-S02-001
subscriptionFilters.sourceType → preserve owner=platform-data approval=APR-MIG-2026-S02-001
subscriptionFilters.weight → preserve owner=platform-data approval=APR-MIG-2026-S02-001
subscriptionLinks._creationTime → preserve owner=platform-data approval=APR-MIG-2026-S02-001
subscriptionLinks._id → preserve owner=platform-data approval=APR-MIG-2026-S02-001
subscriptionLinks.clickCount → preserve owner=platform-data approval=APR-MIG-2026-S02-001
subscriptionLinks.createdAt → preserve owner=platform-data approval=APR-MIG-2026-S02-001
subscriptionLinks.createdBy → preserve owner=platform-data approval=APR-MIG-2026-S02-001
subscriptionLinks.creatorProfileId → preserve owner=platform-data approval=APR-MIG-2026-S02-001
subscriptionLinks.expiresAt → preserve owner=platform-data approval=APR-MIG-2026-S02-001
subscriptionLinks.subscriptions → preserve owner=platform-data approval=APR-MIG-2026-S02-001
subscriptionLinks.token → preserve owner=platform-data approval=APR-MIG-2026-S02-001
subscriptionSources._creationTime → preserve owner=platform-data approval=APR-MIG-2026-S02-001
subscriptionSources._id → preserve owner=platform-data approval=APR-MIG-2026-S02-001
subscriptionSources.autoResearch → preserve owner=platform-data approval=APR-MIG-2026-S02-001
subscriptionSources.configJson → preserve owner=platform-data approval=APR-MIG-2026-S02-001
subscriptionSources.createdAt → preserve owner=platform-data approval=APR-MIG-2026-S02-001
subscriptionSources.creatorProfileId → preserve owner=platform-data approval=APR-MIG-2026-S02-001
subscriptionSources.feedUrl → preserve owner=platform-data approval=APR-MIG-2026-S02-001
subscriptionSources.fetchMethod → preserve owner=platform-data approval=APR-MIG-2026-S02-001
subscriptionSources.identifier → preserve owner=platform-data approval=APR-MIG-2026-S02-001
subscriptionSources.lastChecked → preserve owner=platform-data approval=APR-MIG-2026-S02-001
subscriptionSources.name → preserve owner=platform-data approval=APR-MIG-2026-S02-001
subscriptionSources.sourceType → preserve owner=platform-data approval=APR-MIG-2026-S02-001
subscriptionSources.updatedAt → preserve owner=platform-data approval=APR-MIG-2026-S02-001
subscriptionSources.url → preserve owner=platform-data approval=APR-MIG-2026-S02-001
tasks._creationTime → preserve owner=platform-data approval=APR-MIG-2026-S02-001
tasks._id → preserve owner=platform-data approval=APR-MIG-2026-S02-001
tasks.completedAt → preserve owner=platform-data approval=APR-MIG-2026-S02-001
tasks.config → preserve owner=platform-data approval=APR-MIG-2026-S02-001
tasks.conversationId → preserve owner=platform-data approval=APR-MIG-2026-S02-001
tasks.createdAt → preserve owner=platform-data approval=APR-MIG-2026-S02-001
tasks.currentStep → preserve owner=platform-data approval=APR-MIG-2026-S02-001
tasks.errorDetails → preserve owner=platform-data approval=APR-MIG-2026-S02-001
tasks.errorMessage → preserve owner=platform-data approval=APR-MIG-2026-S02-001
tasks.progressMessage → preserve owner=platform-data approval=APR-MIG-2026-S02-001
tasks.result → preserve owner=platform-data approval=APR-MIG-2026-S02-001
tasks.startedAt → preserve owner=platform-data approval=APR-MIG-2026-S02-001
tasks.status → preserve owner=platform-data approval=APR-MIG-2026-S02-001
tasks.taskType → preserve owner=platform-data approval=APR-MIG-2026-S02-001
tasks.totalSteps → preserve owner=platform-data approval=APR-MIG-2026-S02-001
tasks.updatedAt → preserve owner=platform-data approval=APR-MIG-2026-S02-001
toolbeltTools._creationTime → preserve owner=platform-data approval=APR-MIG-2026-S02-001
toolbeltTools._id → preserve owner=platform-data approval=APR-MIG-2026-S02-001
toolbeltTools.category → preserve owner=platform-data approval=APR-MIG-2026-S02-001
toolbeltTools.content → preserve owner=platform-data approval=APR-MIG-2026-S02-001
toolbeltTools.createdAt → preserve owner=platform-data approval=APR-MIG-2026-S02-001
toolbeltTools.date → preserve owner=platform-data approval=APR-MIG-2026-S02-001
toolbeltTools.description → preserve owner=platform-data approval=APR-MIG-2026-S02-001
toolbeltTools.embedding → preserve owner=platform-data approval=APR-MIG-2026-S02-001
toolbeltTools.keywords → preserve owner=platform-data approval=APR-MIG-2026-S02-001
toolbeltTools.language → preserve owner=platform-data approval=APR-MIG-2026-S02-001
toolbeltTools.sourceType → preserve owner=platform-data approval=APR-MIG-2026-S02-001
toolbeltTools.sourceUrl → preserve owner=platform-data approval=APR-MIG-2026-S02-001
toolbeltTools.status → preserve owner=platform-data approval=APR-MIG-2026-S02-001
toolbeltTools.tags → preserve owner=platform-data approval=APR-MIG-2026-S02-001
toolbeltTools.time → preserve owner=platform-data approval=APR-MIG-2026-S02-001
toolbeltTools.title → preserve owner=platform-data approval=APR-MIG-2026-S02-001
toolbeltTools.updatedAt → preserve owner=platform-data approval=APR-MIG-2026-S02-001
toolbeltTools.useCases → preserve owner=platform-data approval=APR-MIG-2026-S02-001
toolCalls._creationTime → preserve owner=platform-data approval=APR-MIG-2026-S02-001
toolCalls._id → preserve owner=platform-data approval=APR-MIG-2026-S02-001
toolCalls.conversationId → preserve owner=platform-data approval=APR-MIG-2026-S02-001
toolCalls.createdAt → preserve owner=platform-data approval=APR-MIG-2026-S02-001
toolCalls.error → preserve owner=platform-data approval=APR-MIG-2026-S02-001
toolCalls.messageId → preserve owner=platform-data approval=APR-MIG-2026-S02-001
toolCalls.reasoning → preserve owner=platform-data approval=APR-MIG-2026-S02-001
toolCalls.resolvedAt → preserve owner=platform-data approval=APR-MIG-2026-S02-001
toolCalls.resultMessageId → preserve owner=platform-data approval=APR-MIG-2026-S02-001
toolCalls.status → preserve owner=platform-data approval=APR-MIG-2026-S02-001
toolCalls.toolArgs → preserve owner=platform-data approval=APR-MIG-2026-S02-001
toolCalls.toolDisplayName → preserve owner=platform-data approval=APR-MIG-2026-S02-001
toolCalls.toolName → preserve owner=platform-data approval=APR-MIG-2026-S02-001
transcriptJobs._creationTime → preserve owner=platform-data approval=APR-MIG-2026-S02-001
transcriptJobs._id → preserve owner=platform-data approval=APR-MIG-2026-S02-001
transcriptJobs.completedAt → preserve owner=platform-data approval=APR-MIG-2026-S02-001
transcriptJobs.contentId → preserve owner=platform-data approval=APR-MIG-2026-S02-001
transcriptJobs.createdAt → preserve owner=platform-data approval=APR-MIG-2026-S02-001
transcriptJobs.errorMessage → preserve owner=platform-data approval=APR-MIG-2026-S02-001
transcriptJobs.priority → preserve owner=platform-data approval=APR-MIG-2026-S02-001
transcriptJobs.retryCount → preserve owner=platform-data approval=APR-MIG-2026-S02-001
transcriptJobs.sourceUrl → preserve owner=platform-data approval=APR-MIG-2026-S02-001
transcriptJobs.startedAt → preserve owner=platform-data approval=APR-MIG-2026-S02-001
transcriptJobs.status → preserve owner=platform-data approval=APR-MIG-2026-S02-001
transcriptJobs.transcriptId → preserve owner=platform-data approval=APR-MIG-2026-S02-001
userPreferences._creationTime → preserve owner=platform-data approval=APR-MIG-2026-S02-001
userPreferences._id → preserve owner=platform-data approval=APR-MIG-2026-S02-001
userPreferences.hasSeenNavTooltip → preserve owner=platform-data approval=APR-MIG-2026-S02-001
userPreferences.notificationsLastSeenAt → preserve owner=platform-data approval=APR-MIG-2026-S02-001
userPreferences.updatedAt → preserve owner=platform-data approval=APR-MIG-2026-S02-001
userPreferences.voiceLanguage → preserve owner=platform-data approval=APR-MIG-2026-S02-001
videoTranscripts._creationTime → preserve owner=platform-data approval=APR-MIG-2026-S02-001
videoTranscripts._id → preserve owner=platform-data approval=APR-MIG-2026-S02-001
videoTranscripts.contentId → preserve owner=platform-data approval=APR-MIG-2026-S02-001
videoTranscripts.createdAt → preserve owner=platform-data approval=APR-MIG-2026-S02-001
videoTranscripts.durationMs → preserve owner=platform-data approval=APR-MIG-2026-S02-001
videoTranscripts.generatedAt → preserve owner=platform-data approval=APR-MIG-2026-S02-001
videoTranscripts.language → preserve owner=platform-data approval=APR-MIG-2026-S02-001
videoTranscripts.metadataJson → preserve owner=platform-data approval=APR-MIG-2026-S02-001
videoTranscripts.previewText → preserve owner=platform-data approval=APR-MIG-2026-S02-001
videoTranscripts.sourceUrl → preserve owner=platform-data approval=APR-MIG-2026-S02-001
videoTranscripts.storageId → preserve owner=platform-data approval=APR-MIG-STORAGE-002
videoTranscripts.transcriptSource → preserve owner=platform-data approval=APR-MIG-2026-S02-001
videoTranscripts.transcriptType → preserve owner=platform-data approval=APR-MIG-2026-S02-001
videoTranscripts.wordCount → preserve owner=platform-data approval=APR-MIG-2026-S02-001
voiceCommands._creationTime → preserve owner=platform-data approval=APR-MIG-2026-S02-001
voiceCommands._id → preserve owner=platform-data approval=APR-MIG-2026-S02-001
voiceCommands.actionParams → preserve owner=platform-data approval=APR-MIG-2026-S02-001
voiceCommands.actionType → preserve owner=platform-data approval=APR-MIG-2026-S02-001
voiceCommands.createdAt → preserve owner=platform-data approval=APR-MIG-2026-S02-001
voiceCommands.entities → preserve owner=platform-data approval=APR-MIG-2026-S02-001
voiceCommands.intent → preserve owner=platform-data approval=APR-MIG-2026-S02-001
voiceCommands.result → preserve owner=platform-data approval=APR-MIG-2026-S02-001
voiceCommands.sessionId → preserve owner=platform-data approval=APR-MIG-2026-S02-001
voiceCommands.success → preserve owner=platform-data approval=APR-MIG-2026-S02-001
voiceCommands.transcript → preserve owner=platform-data approval=APR-MIG-2026-S02-001
voiceCommands.updatedAt → preserve owner=platform-data approval=APR-MIG-2026-S02-001
voiceSessions._creationTime → preserve owner=platform-data approval=APR-MIG-2026-S02-001
voiceSessions._id → preserve owner=platform-data approval=APR-MIG-2026-S02-001
voiceSessions.audioStorageId → preserve owner=platform-data approval=APR-MIG-STORAGE-005
voiceSessions.completedAt → preserve owner=platform-data approval=APR-MIG-2026-S02-001
voiceSessions.conversationId → preserve owner=platform-data approval=APR-MIG-2026-S02-001
voiceSessions.createdAt → preserve owner=platform-data approval=APR-MIG-2026-S02-001
voiceSessions.errorMessage → preserve owner=platform-data approval=APR-MIG-2026-S02-001
voiceSessions.metadata → preserve owner=platform-data approval=APR-MIG-2026-S02-001
voiceSessions.startedAt → preserve owner=platform-data approval=APR-MIG-2026-S02-001
voiceSessions.totalDurationMs → preserve owner=platform-data approval=APR-MIG-2026-S02-001
voiceSessions.turnCount → preserve owner=platform-data approval=APR-MIG-2026-S02-001
voiceSessions.updatedAt → preserve owner=platform-data approval=APR-MIG-2026-S02-001
whatsNewReports._creationTime → preserve owner=platform-data approval=APR-MIG-2026-S02-001
whatsNewReports._id → preserve owner=platform-data approval=APR-MIG-2026-S02-001
whatsNewReports.createdAt → preserve owner=platform-data approval=APR-MIG-2026-S02-001
whatsNewReports.days → preserve owner=platform-data approval=APR-MIG-2026-S02-001
whatsNewReports.discoveryCount → preserve owner=platform-data approval=APR-MIG-2026-S02-001
whatsNewReports.discoveryOnly → preserve owner=platform-data approval=APR-MIG-2026-S02-001
whatsNewReports.documentId → preserve owner=platform-data approval=APR-MIG-2026-S02-001
whatsNewReports.findingsCount → preserve owner=platform-data approval=APR-MIG-2026-S02-001
whatsNewReports.findingsJson → preserve owner=platform-data approval=APR-MIG-2026-S02-001
whatsNewReports.focus → preserve owner=platform-data approval=APR-MIG-2026-S02-001
whatsNewReports.periodEnd → preserve owner=platform-data approval=APR-MIG-2026-S02-001
whatsNewReports.periodStart → preserve owner=platform-data approval=APR-MIG-2026-S02-001
whatsNewReports.releaseCount → preserve owner=platform-data approval=APR-MIG-2026-S02-001
whatsNewReports.reportPath → preserve owner=platform-data approval=APR-MIG-2026-S02-001
whatsNewReports.summaryJson → preserve owner=platform-data approval=APR-MIG-2026-S02-001
whatsNewReports.toolSuggestionsJson → preserve owner=platform-data approval=APR-MIG-2026-S02-001
whatsNewReports.trendCount → preserve owner=platform-data approval=APR-MIG-2026-S02-001
whatsNewWorkflows._creationTime → preserve owner=platform-data approval=APR-MIG-2026-S02-001
whatsNewWorkflows._id → preserve owner=platform-data approval=APR-MIG-2026-S02-001
whatsNewWorkflows.completedAt → preserve owner=platform-data approval=APR-MIG-2026-S02-001
whatsNewWorkflows.days → preserve owner=platform-data approval=APR-MIG-2026-S02-001
whatsNewWorkflows.error → preserve owner=platform-data approval=APR-MIG-2026-S02-001
whatsNewWorkflows.findingsCount → preserve owner=platform-data approval=APR-MIG-2026-S02-001
whatsNewWorkflows.findingsJson → preserve owner=platform-data approval=APR-MIG-2026-S02-001
whatsNewWorkflows.force → preserve owner=platform-data approval=APR-MIG-2026-S02-001
whatsNewWorkflows.phase → preserve owner=platform-data approval=APR-MIG-2026-S02-001
whatsNewWorkflows.reportId → preserve owner=platform-data approval=APR-MIG-2026-S02-001
whatsNewWorkflows.startedAt → preserve owner=platform-data approval=APR-MIG-2026-S02-001
whatsNewWorkflows.updatedAt → preserve owner=platform-data approval=APR-MIG-2026-S02-001

## storage_refs
audioSegments.storageId → preserve owner=platform-data approval=APR-MIG-STORAGE-001 target=content_addressed_blobs
audioTranscriptJobs.audioStorageId → drop owner=platform-data approval=APR-MIG-DROP-TEMP-AUDIO-001 target=null
audioTranscripts.storageId → preserve owner=platform-data approval=APR-MIG-STORAGE-003 target=content_addressed_blobs
improvementImages.storageId → preserve owner=platform-data approval=APR-MIG-STORAGE-004 target=content_addressed_blobs
videoTranscripts.storageId → preserve owner=platform-data approval=APR-MIG-STORAGE-002 target=content_addressed_blobs
voiceSessions.audioStorageId → preserve owner=platform-data approval=APR-MIG-STORAGE-005 target=content_addressed_blobs

status: OK
