@@GATE-META step=4 cmd_sha=866ce03286bc80c45523d3470be8a087663de8a6389af57327ad0484a5b83cba run_id=20260807T113055Z git_sha=a607f2e0b4d3c46d88448d49e99a9ea4ffc6f502 source_sha=a607f2e0b4d3c46d88448d49e99a9ea4ffc6f502 started_at=2026-08-07T11:31:38Z deployed_base_url=http://127.0.0.1:44121 sourceRevision=a607f2e0b4d3c46d88448d49e99a9ea4ffc6f502@@
CMD: bun services/platform/src/cli/holo.ts cutover:enable-writes --json --base-url ${HOLO_VERIFY_BASE_URL:?set HOLO_VERIFY_BASE_URL}
{
  "ok": true,
  "already_recorded": false,
  "ponr_id": "9be3f2c3-cc83-4b6b-b834-83daf85e7489",
  "write_row_id": "249b63dd-fb70-437a-918f-9e90eb776b3d",
  "write_row_digest_sha256": "5760e34e3010b80ded1a6071ed8410d1fcc84656d0e8507005c434efb62160bb",
  "write_surface": "hono.POST /api/documents",
  "write_table": "documents",
  "fence_lifted_at": "2026-08-07T11:31:43.145Z",
  "write_committed_at": "2026-08-07T11:31:43.154Z",
  "base_url": "http://127.0.0.1:44121",
  "export_watermark_ms": 1786100161180,
  "convex_fence_audit_id": "vn750swtvq28332gb4xm67qgc98bxkst",
  "convex_documents_total": 1623,
  "convex_accepted_writes_since_watermark": 0,
  "report_path": "/Users/inference1/Projects/holocron/.tmp/D07-04/enable-writes-report.json"
}
@@GATE-EXIT=0@@
