@@GATE-META step=4 cmd_sha=3ef37feae47346fc27632880ad893cc5e00f73e0b9834f72eee46df36accdc09@@
CMD: bun services/platform/src/cli/holo.ts cutover:enable-writes --json --base-url http://127.0.0.1:44111
{
  "ok": true,
  "already_recorded": false,
  "ponr_id": "eef35e8d-1ba7-4681-91f5-2a0dbac4c1af",
  "write_row_id": "a217560c-06d6-4a97-81d9-83f3964605b2",
  "write_row_digest_sha256": "0236b5bae94193b1d3ded766f53ef212324a5240bf880831406b2728c3f425e3",
  "write_surface": "hono.POST /api/documents",
  "write_table": "documents",
  "fence_lifted_at": "2026-08-07T07:33:56.778Z",
  "write_committed_at": "2026-08-07T07:33:56.787Z",
  "base_url": "http://127.0.0.1:44111",
  "export_watermark_ms": 1786173263558,
  "convex_fence_audit_id": "vn750swtvq28332gb4xm67qgc98bxkst",
  "convex_documents_total": 1623,
  "convex_accepted_writes_since_watermark": 0,
  "report_path": "/Users/inference1/Projects/holocron/.tmp/D07-04/enable-writes-report.json"
}
@@GATE-EXIT=0@@
