@@GATE-META step=3 cmd_sha=dc8c5b9c77aeea48f57e75b732692480e86b8e7034f6a85a7369a7c47c694d0d@@
CMD: bun services/platform/src/cli/holo.ts cutover:pin-fallback-build --json; python3 - <<"PY"
import json
from pathlib import Path
p=Path(".tmp/D07-02/pinned-fallback-build-manifest.json")
d=json.loads(p.read_text())
print(json.dumps({"ok": d.get("ok"), "short_sha": d.get("short_sha"), "worktree_path": d.get("worktree_path"), "reaches_convex": d.get("reaches_convex")}, indent=2))
assert d.get("ok") is True or d.get("worktree_path")
print("STEP3_PASS")
PY
{
  "ok": true,
  "commit_sha": "25414ad1b34720c11de12323cc6609309c1023cb",
  "short_sha": "25414ad1",
  "build_digest_sha256": "45eb89dc9fc9cab1f0c4e5b7d1cc56f60efbc5262a672f900d013a8238b6992d",
  "convex_react_present_at_commit": true,
  "convex_react_present_at_head": false,
  "convex_client_source_env": "EXPO_PUBLIC_CONVEX_URL",
  "reaches_convex": true,
  "worktree_path": "/Users/inference1/Projects/holocron/.tmp/D07-02/pinned-fallback-worktree",
  "layout_path_at_commit": "app/_layout.tsx",
  "pnpm_lock_sha256": "4f1bb3c504b534b0e0cfc79cf00ce57f3ac8c2d09b76dac1456737d62f3f9e45",
  "head_sha": "49ab69e4e0daac0bc27c827e92d279cdefe4def8",
  "metro_required": false,
  "dev_client": false,
  "pinned_at_ms": 1786088034214,
  "manifest_path": "/Users/inference1/Projects/holocron/.tmp/D07-02/pinned-fallback-build-manifest.json"
}
{
  "ok": true,
  "short_sha": "25414ad1",
  "worktree_path": "/Users/inference1/Projects/holocron/.tmp/D07-02/pinned-fallback-worktree",
  "reaches_convex": true
}
STEP3_PASS
@@GATE-EXIT=0@@
