@@GATE-META step=2 task=REDHAT-FIX-S29-R2-H01 run_id=20260802T025804Z source_sha=76ec02a9045a29059c5b9683b5c6f530d1be73dc started_at=2026-08-02T03:00:06Z deployed_base_url=local-process://holo-cli@@
CMD: set -euo pipefail; mkdir -p .tmp/D06-03 .tmp/REDHAT-FIX-S29-H03; bun services/platform/src/cli/holo.ts cutover:freeze --json --output .tmp/D06-03/freeze-report.json --reason "sprint-29-human-gate" | tee .tmp/REDHAT-FIX-S29-H03/step2-freeze.json; jq -e '.ok == true and .env_value == "1" and .fence_armed_at > 0' .tmp/D06-03/freeze-report.json
---
{
  "ok": true,
  "fence_armed_at": 1785639609863,
  "confirmed_at_ms": 1785639609410,
  "cross_process_probe": {
    "rejected": true,
    "message": "migration_read_only: mutation blocked while HOLO_MIGRATION_READ_ONLY is set",
    "surface": "documents.mutations.create",
    "documentsBefore": 1605,
    "documentsAfter": 1605,
    "child_pid": 57280
  },
  "env": "HOLO_MIGRATION_READ_ONLY",
  "env_value": "1",
  "reason": "sprint-29-human-gate",
  "audit_id": "vn7fer4cptw1z21793gn88j5198bpgz8",
  "report_path": "/Users/inference1/Projects/holocron/.worktrees/sprint-29-cutover-write-freeze-etl-and-read-only-soak-flip/REDHAT-FIX-S29-R2-H01/.tmp/D06-03/freeze-report.json"
}
true
---
@@GATE-EXIT=0@@
@@GATE-ENDED=2026-08-02T03:00:10Z@@
