{
  "ac1": {
    "role": "holocron",
    "is_superuser": true,
    "table_owner": "holocron",
    "is_table_owner": true,
    "ponr_row_count_before": 1,
    "triggers_enabled_before": true,
    "disable_denied": true,
    "disable_trigger_exit": 1,
    "disable_trigger_stderr": "42501:permission denied for schema zero_0",
    "ponr_row_count_after": 1,
    "triggers_enabled_after": true,
    "rows_preserved": true,
    "triggers_restored": true
  },
  "ac2": {
    "role": "holocron",
    "is_superuser": true,
    "table_owner": "holocron",
    "is_table_owner": true,
    "ponr_row_count_before": 1,
    "triggers_enabled_before": true,
    "truncate_fail_closed": true,
    "update_fail_closed": true,
    "truncate_exit": 1,
    "update_exit": 1,
    "truncate_stderr": "42501:permission denied for table data_plane_ponr",
    "update_stderr": "42501:permission denied for table data_plane_ponr",
    "rows_preserved": true
  },
  "preflight": {
    "role": "holocron",
    "is_superuser": true,
    "table_owner": "holocron",
    "is_table_owner": true,
    "ponr_row_count_before": 1,
    "triggers_enabled_before": true
  },
  "postflight": {
    "role": "holocron",
    "is_superuser": true,
    "table_owner": "holocron",
    "is_table_owner": true,
    "ponr_row_count_before": 1,
    "triggers_enabled_before": true
  }
}
