@@GATE-META step=4 cmd_sha=866ce03286bc80c45523d3470be8a087663de8a6389af57327ad0484a5b83cba run_id=20260807T105804Z git_sha=c2a3ead77d2350c0fd4591669c591857ecf2957a source_sha=c2a3ead77d2350c0fd4591669c591857ecf2957a started_at=2026-08-07T10:58:37Z deployed_base_url=http://127.0.0.1:44121 sourceRevision=c2a3ead77d2350c0fd4591669c591857ecf2957a@@
CMD: bun services/platform/src/cli/holo.ts cutover:enable-writes --json --base-url ${HOLO_VERIFY_BASE_URL:?set HOLO_VERIFY_BASE_URL}
{
  "ok": true,
  "already_recorded": false,
  "ponr_id": "a67203c4-28fd-4ba7-bf55-9cee68bf4726",
  "write_row_id": "1a057b65-7343-4020-a60d-4f1c7e5e91c3",
  "write_row_digest_sha256": "0e5cec9b638fedf3e1a852e57f1c102698e8943169d3ee74526f4c1b034b5508",
  "write_surface": "hono.POST /api/documents",
  "write_table": "documents",
  "fence_lifted_at": "2026-08-07T10:58:40.120Z",
  "write_committed_at": "2026-08-07T10:58:40.129Z",
  "base_url": "http://127.0.0.1:44121",
  "export_watermark_ms": 1786100161180,
  "convex_fence_audit_id": "vn750swtvq28332gb4xm67qgc98bxkst",
  "convex_documents_total": 1623,
  "convex_accepted_writes_since_watermark": 0,
  "report_path": "/Users/inference1/Projects/holocron/.tmp/D07-04/enable-writes-report.json"
}
@@GATE-EXIT=0@@
