
 RUN  v4.1.0 /Users/inference1/Projects/holocron/.kb-run-sprint/worktrees/GATE-FIX-S28R3-QA26

 ✓ |integration| services/platform/tests/integration/sprint28-s28r3-qa12-gate-fix.test.ts (17 tests) 49320ms
     ✓ forged PATH aws is never executed when HOLO_TRUSTED_AWS_BIN is fixture  5430ms
     ✓ missing in-prefix object fails closed  2546ms
     ✓ failed in-prefix head fails closed  2286ms
     ✓ proof files are regular 0600 under .tmp/r2-ro-proofs (not symlink)  5454ms
     ✓ provision refuses HOLO_QA_PROOF_MUTATE=stale  4041ms
     ✓ provision refuses HOLO_QA_PROOF_MUTATE=future  4015ms
     ✓ provision refuses HOLO_QA_PROOF_MUTATE=wrong-tuple  4014ms
     ✓ provision refuses HOLO_QA_PROOF_MUTATE=malformed  4038ms
     ✓ provision refuses HOLO_QA_PROOF_MUTATE=wrong-producer  4061ms
     ✓ provision refuses HOLO_QA_PROOF_MUTATE=wrong-context  4094ms
     ✓ fire-drill refuses HOLO_QA_PROOF_MUTATE=wrong-tuple  4111ms
     ✓ aws canary_error never appears in prove logs  1132ms
     ✓ aws success path never logs canary or secrets  2685ms
     ✓ mint error path never logs canaries  693ms
 ✓ |integration| services/platform/tests/integration/sprint28-s28r3-qa18-gate-fix.test.ts (7 tests) 14087ms
     ✓ prove (harness) never emits ambient canaries on success  2686ms
     ✓ provision (harness) never emits ambient canaries  5510ms
     ✓ fire-drill (harness) never emits ambient canaries on success path  5468ms
 ✓ |integration| services/platform/tests/integration/sprint28-fire-drill-baseline-consume.test.ts (3 tests) 1740ms
     ✓ fire-drill imports recovery-baseline helpers  518ms
     ✓ runFireDrill fails closed without R2 baseline  1219ms
 ✓ |integration| services/platform/tests/integration/sprint28-s28r3-qa8-gate-fix.test.ts (11 tests) 14028ms
     ✓ RED→GREEN: same AK + distinct secret + session token is accepted (shape)  5421ms
     ✓ distinct AK still accepted without session token  5373ms
     ✓ same AK + distinct secret + session reaches live probe (not AK-only refuse)  2663ms
 ✓ |integration| services/platform/tests/integration/sprint28-s28r3-qa25-gate-fix.test.ts (15 tests) 171259ms
     ✓ reaches real fire-drill FD launcher + credentialed child; races; scans artifacts  170398ms
 ✓ |integration| services/platform/tests/integration/sprint28-s28r3-qa19-gate-fix.test.ts (26 tests) 73731ms
     ✓ provision dry-run baseline succeeds  4579ms
     ✓ fire-drill baseline reaches recorder with zero exit  4970ms
     ✓ provision mutate=stale fails at exact validator (not dependency)  3566ms
     ✓ fire-drill mutate=stale exact fail; no recorder side effects  3547ms
     ✓ provision mutate=future fails at exact validator (not dependency)  3474ms
     ✓ fire-drill mutate=future exact fail; no recorder side effects  3547ms
     ✓ provision mutate=wrong-tuple fails at exact validator (not dependency)  3609ms
     ✓ fire-drill mutate=wrong-tuple exact fail; no recorder side effects  3506ms
     ✓ provision mutate=wrong-context fails at exact validator (not dependency)  3468ms
     ✓ fire-drill mutate=wrong-context exact fail; no recorder side effects  3518ms
     ✓ provision mutate=malformed fails at exact validator (not dependency)  3505ms
     ✓ fire-drill mutate=malformed exact fail; no recorder side effects  3533ms
     ✓ provision mutate=wrong-producer fails at exact validator (not dependency)  3495ms
     ✓ fire-drill mutate=wrong-producer exact fail; no recorder side effects  3514ms
     ✓ symlink proof swap fails with no-follow/identity under correct tuple/context  2482ms
     ✓ parent-directory replacement fails FD/private-dir identity checks  2503ms
     ✓ fire-drill concurrent proof swap yields no recorder side effects  3490ms
     ✓ success + error paths for prove/provision/fire-drill leave no canaries in tree  12939ms
 ✓ |integration| services/platform/tests/integration/sprint28-s28r3-qa14-gate-fix.test.ts (28 tests) 69548ms
     ✓ forged PATH env/python3/aws never execute on harness prove (markers clean)  2354ms
     ✓ 404 out-of-prefix is refused (not treated as AccessDenied)  970ms
     ✓ broader out-of-prefix head success fails closed  1654ms
     ✓ empty env scope probe keys bind versioned/trusted keys under harness  2442ms
     ✓ successful harness proof binds scope probe keys into attestation  2409ms
     ✓ fire-drill baseline reaches recorder with zero exit  4768ms
     ✓ provision refuses mutate=stale at proof validation  3578ms
     ✓ fire-drill mutate=stale fails at proof validation (no recorder)  3609ms
     ✓ provision refuses mutate=future at proof validation  3655ms
     ✓ fire-drill mutate=future fails at proof validation (no recorder)  3619ms
     ✓ provision refuses mutate=wrong-tuple at proof validation  3596ms
     ✓ fire-drill mutate=wrong-tuple fails at proof validation (no recorder)  3605ms
     ✓ provision refuses mutate=malformed at proof validation  3734ms
     ✓ fire-drill mutate=malformed fails at proof validation (no recorder)  3880ms
     ✓ provision refuses mutate=wrong-producer at proof validation  3889ms
     ✓ fire-drill mutate=wrong-producer fails at proof validation (no recorder)  3650ms
     ✓ provision refuses mutate=wrong-context at proof validation  3620ms
     ✓ fire-drill mutate=wrong-context fails at proof validation (no recorder)  3666ms
     ✓ symlink proof path is rejected by validate  2702ms
     ✓ provider canary never appears in prove logs or proof JSON  3578ms
     ✓ proof-canary mutation is visible in proof JSON and fails validation  3739ms
 ✓ |integration| services/platform/tests/integration/sprint28-s28r3-qa13-gate-fix.test.ts (24 tests) 59258ms
     ✓ forged PATH aws never runs under production or harness (marker clean)  5089ms
     ✓ broader out-of-prefix head success fails closed at harness prove  1958ms
     ✓ provision refuses mutate=stale  3671ms
     ✓ fire-drill refuses mutate=stale  3602ms
     ✓ provision refuses mutate=future  3703ms
     ✓ fire-drill refuses mutate=future  4006ms
     ✓ provision refuses mutate=wrong-tuple  3584ms
     ✓ fire-drill refuses mutate=wrong-tuple  3405ms
     ✓ provision refuses mutate=malformed  3398ms
     ✓ fire-drill refuses mutate=malformed  3448ms
     ✓ provision refuses mutate=wrong-producer  3465ms
     ✓ fire-drill refuses mutate=wrong-producer  3413ms
     ✓ provision refuses mutate=wrong-context  3392ms
     ✓ fire-drill refuses mutate=wrong-context  3458ms
     ✓ aws canaries absent on success/error; recorder+parity clean  7936ms
     ✓ mint success/error canaries absent from logs (harness curl)  1047ms
 ✓ |integration| services/platform/tests/integration/sprint28-s28r3-qa4-gate-fix.test.ts (18 tests | 5 skipped) 50591ms
     ✓ H-1: NotAction Allow fails overall RESULT  10108ms
     ✓ H-1: NotResource Allow fails overall RESULT  9875ms
     ✓ H-1: s3:* Allow fails overall RESULT  10099ms
     ✓ H-1: separate Allow with PutObject fails overall RESULT  9766ms
     ✓ H-1: exact-only policy still PASSes r2_readonly axis  10577ms
 ✓ |integration| services/platform/tests/integration/sprint28-s28r3-qa21-gate-fix.test.ts (15 tests) 47156ms
     ✓ shadowed date/mktemp/uuidgen do not run in credential-bearing helper path  3966ms
     ✓ gate-plan consumer path with hostile PATH still uses /bin/bash fixed shell  5132ms
     ✓ provision race swap=file fails identity/no-follow; no post-validation effects  3856ms
     ✓ fire-drill race swap=file fails identity; no recorder/report/attestation effects  3873ms
     ✓ provision race swap=parent fails identity/no-follow; no post-validation effects  3874ms
     ✓ fire-drill race swap=parent fails identity; no recorder/report/attestation effects  3903ms
     ✓ requires both consumer success + failure paths and scans raw artifacts  21615ms
 ✓ |integration| services/platform/tests/integration/sprint28-s28r3-qa5-gate-fix.test.ts (15 tests | 5 skipped) 39744ms
     ✓ H-1: mixed List+GetObject with both resource classes FAILs  9936ms
     ✓ H-1: ListBucket with only object ARN FAILs  9523ms
     ✓ H-1: GetObject with only bucket ARN FAILs  9930ms
     ✓ H-1: split two-Allow exact policy still PASSes r2_readonly  10126ms
 ✓ |integration| services/platform/tests/integration/sprint28-s28r3-qa2-gate-fix.test.ts (20 tests | 6 skipped) 19281ms
     ✓ H2: prove-isolation rejects bare arn:aws:s3:::bucket/* object Resource  18929ms
     ✓ H4: inventory-restore-credentials.sh exists and emits presence/length only  335ms
 ✓ |integration| services/platform/tests/integration/sprint28-s28r3-qa3-gate-fix.test.ts (16 tests | 6 skipped) 19518ms
     ✓ H-1: prove-isolation rejects mixed exact+bare object resources (overall RESULT fail)  19504ms
 ✓ |integration| services/platform/tests/integration/sprint28-s28r3-qa10-gate-fix.test.ts (8 tests) 19125ms
     ✓ caller-forged HOLO_R2_RO_PROOF_PATH is never authoritative (fixed prover + PATH aws mock)  4580ms
     ✓ env R2_RESTORE_SESSION_TOKEN wins over file writer R2_SESSION_TOKEN and file restore token  4602ms
     ✓ file restore token used when env R2_RESTORE_SESSION_TOKEN unset (not writer R2_SESSION_TOKEN)  4410ms
     ✓ verify env restore token is not overwritten by file (env-over-file)  359ms
     ✓ canaries never appear in provision/fire-drill stdout for valid path  4752ms
 ✓ |integration| services/platform/tests/integration/sprint28-s28r3-qa24-gate-fix.test.ts (12 tests) 6694ms
     ✓ mint canary: observes real mint child argv — token never appears  1008ms
     ✓ production fire-drill / r2_ro_run_provider boundary with canaries — no exclusions scan  3367ms
     ✓ production r2_ro_validate_proof fails closed on proof-file and parent-dir symlink races  1615ms
 ✓ |integration| services/platform/tests/integration/sprint28-s28r3-qa9-gate-fix.test.ts (9 tests) 16152ms
     ✓ fire-drill: same parent AK without writer secret refused before docker  3645ms
     ✓ verify-restore-creds loads R2_RESTORE_SESSION_TOKEN from secrets and accepts CF shape  377ms
     ✓ provision REQUIRE_LIVE ignores caller-forged proof and succeeds via fixed prover + PATH aws mock  4811ms
     ✓ provision REQUIRE_LIVE fails when live prove fails (forged path cannot skip)  2256ms
     ✓ fire-drill maps session token into child (recorder must execute)  4620ms
 ✓ |integration| services/platform/tests/integration/sprint28-s28r3-qa11-gate-fix.test.ts (8 tests) 14143ms
     ✓ live path uses real prove-r2-readonly with PATH aws mock (producer fixed)  4651ms
     ✓ verify redacts token and fingerprints env restore token (not file)  359ms
     ✓ fire-drill child receives env restore token metadata only (status 0 + parity report)  4537ms
     ✓ tampered proof after prove fails context/tuple/mode checks via real consumer path  2561ms
     ✓ aws canary never appears in prove logs  971ms
     ✓ mint API error path never logs canary secrets  551ms
 ✓ |integration| services/platform/tests/integration/sprint28-s28r3-gate-bind.test.ts (8 tests) 9897ms
     ✓ AC-4: prove-isolation with REQUIRE_LIVE_R2_RO=1 + placeholders → non-zero + DEPENDENCY-S28-R2-RO  9775ms
 ✓ |integration| services/platform/tests/integration/sprint28-capability-inventory.test.ts (3 tests) 209ms
 ✓ |integration| services/platform/tests/integration/sprint28-s28r3-qa16-gate-fix.test.ts (9 tests) 4988ms
     ✓ production binds versioned keys when env probe keys are unset  1258ms
     ✓ harness still allows fixture keys under mock mode only  2280ms
 ✓ |integration| services/platform/tests/integration/sprint28-fresh-target-creds.test.ts (7 tests) 3782ms
     ✓ H3 AC-2: dry-run may write placeholders without ambient RW substitution  1264ms
     ✓ H3 AC-2b: distinct R2_RESTORE_* written when provided (dry-run)  1218ms
     ✓ H3: ALLOW_PLACEHOLDER_R2_RO=1 allows live-shape provision without R2_RESTORE_*  1223ms
 ✓ |integration| services/platform/tests/integration/sprint28-s28r3-qa23-gate-fix.test.ts (10 tests) 3373ms
     ✓ r2_ro_exec_isolated production path: canaries never appear on launcher argv  531ms
     ✓ fingerprint path: r2_ro_tuple_fp16 canaries never appear on python argv  1759ms
     ✓ fire-drill production child launch path: dynamic canary (shared exec-env-from-fd)  706ms
 ✓ |integration| services/platform/tests/integration/sprint28-s28r3-qa17-gate-fix.test.ts (13 tests) 2940ms
     ✓ harness prove succeeds with mock provider  2291ms
 ✓ |integration| services/platform/tests/integration/sprint28-s28r3-qa22-gate-fix.test.ts (8 tests) 3120ms
     ✓ executes credential-ambient gate fragment with shadow utils — no shadow markers  2308ms
 ✓ |integration| services/platform/tests/integration/sprint28-s28r3-qa26-gate-fix.test.ts (7 tests) 1882ms
     ✓ real TypeScript resolvers refuse hostile absolute overrides before credentials ambient  356ms
     ✓ consumer validates committed bundle read-only; mutations on disposable copies are rejected  428ms
     ✓ second provision+cleanup leaves zero QA26-namespace docker resources  910ms
 ✓ |integration| services/platform/tests/integration/sprint28-gate-fix-qa3.test.ts (10 tests | 1 skipped) 7ms
 ✓ |integration| services/platform/tests/integration/sprint28-s28r3-qa6-gate-fix.test.ts (13 tests | 1 skipped) 250ms
 ✓ |integration| services/platform/tests/integration/sprint28-gate-fix-qa1.test.ts (14 tests | 1 skipped) 126ms
 ✓ |integration| services/platform/tests/integration/sprint28-fresh-target-fire-drill.test.ts (5 tests | 1 skipped) 40ms
 ✓ |integration| services/platform/tests/integration/sprint28-s28r3-qa1-gate-fix.test.ts (8 tests | 1 skipped) 18ms
 ✓ |integration| services/platform/tests/integration/sprint28-fire-drill-mission-contract.test.ts (6 tests | 3 skipped) 6ms
 ✓ |integration| services/platform/tests/integration/sprint28-gate-fix-qa2.test.ts (6 tests | 3 skipped) 4ms
 ✓ |integration| services/platform/tests/integration/sprint28-recovery-baseline.test.ts (8 tests | 5 skipped) 4ms
 ↓ |integration| services/platform/tests/integration/sprint28-human-gate-oracles.test.ts (5 tests | 5 skipped)
 ↓ |integration| services/platform/tests/integration/sprint28-pitr-recovery-contract.test.ts (9 tests | 9 skipped)
 ↓ |integration| services/platform/tests/integration/sprint28-restore-fails-closed.test.ts (4 tests | 4 skipped)

 Test Files  33 passed | 3 skipped (36)
      Tests  349 passed | 56 skipped (405)
   Start at  03:13:09
   Duration  723.91s (transform 603ms, setup 2.04s, import 2.42s, tests 716.02s, environment 2ms)
