@@GATE-META step=3 task=REDHAT-FIX-S29-R3-C01 run_id=20260802T045450Z source_sha=d4570f585a5ccfdc073fcf4d55d65458386447d6 git_sha=d4570f585a5ccfdc073fcf4d55d65458386447d6 started_at=2026-08-02T04:58:58Z deployed_base_url=local-process://holo-cli identity_class=local-process@@
CMD: set -euo pipefail; mkdir -p .tmp/D06-03 .tmp/REDHAT-FIX-S29-H03; QUIET_WINDOW_SECONDS="${QUIET_WINDOW_SECONDS:-30}"; bun services/platform/src/cli/holo.ts cutover:quiet-check --json --window-seconds "$QUIET_WINDOW_SECONDS" --output .tmp/D06-03/quiet-check-report.json | tee .tmp/REDHAT-FIX-S29-H03/step3-quiet-check.json; jq -e --argjson minWindow "${QUIET_WINDOW_SECONDS:-30}" '.ok == true and .acceptedWriteCount == 0 and .rejectedWriteCount > 0 and .windowSeconds >= $minWindow' .tmp/D06-03/quiet-check-report.json
---
{
  "ok": true,
  "acceptedWriteCount": 0,
  "rejectedWriteCount": 2,
  "windowSeconds": 30,
  "sinceMs": 1785646743268,
  "untilMs": 1785646773269,
  "quietSinceMs": 1785646743268,
  "quietUntilMs": 1785646773269,
  "elapsedMs": 30001,
  "drainCompletedAtMs": 1785646742429,
  "drain": {
    "ok": true,
    "surfaces": [
      "tasks",
      "subscriptionContent"
    ],
    "completedAtMs": 1785646742429,
    "disabledEnv": "HOLO_CUTOVER_SCHEDULES_DISABLED",
    "disabledEnvValue": "1",
    "convexDrainOk": true,
    "consumersHonored": true,
    "samples": {
      "activeTasks": 0,
      "afterActiveTasks": 0,
      "afterQueuedSubscriptionContent": 0,
      "afterRunningTasks": 0,
      "batchesProcessed": 1,
      "contentSkipped": 0,
      "drainBatches": 1,
      "measuredSurfaces": [
        "tasks",
        "subscriptionContent"
      ],
      "queuedSubscriptionContent": 0,
      "runningTasks": 0,
      "surfaceResiduals": {
        "subscriptionContent": {
          "after": 0,
          "before": 0
        },
        "tasks": {
          "after": 0,
          "before": 0,
          "runningAfter": 0,
          "runningBefore": 0
        }
      },
      "tasksCancelled": 0,
      "unknownSurfaces": []
    },
    "probe": {
      "env": "HOLO_CUTOVER_SCHEDULES_DISABLED",
      "honored": true,
      "reason": "schedules_disabled: cutover:quiet-check skipped while HOLO_CUTOVER_SCHEDULES_DISABLED is set",
      "skipped": true,
      "surface": "cutover:quiet-check"
    }
  },
  "probes": [
    {
      "surface": "documents.mutations.create",
      "rejected": true,
      "message": "migration_read_only: mutation blocked while HOLO_MIGRATION_READ_ONLY is set"
    },
    {
      "surface": "subscriptions.mutations.add",
      "rejected": true,
      "message": "migration_read_only: mutation blocked while HOLO_MIGRATION_READ_ONLY is set"
    }
  ],
  "oracle": "mixed",
  "auditAcceptedWriteCount": 0,
  "auditRejectedWriteCount": 2,
  "report_path": "/Users/inference1/Projects/holocron/.tmp/D06-03/quiet-check-report.json"
}
true
---
@@GATE-EXIT=0@@
@@GATE-ENDED=2026-08-02T04:59:34Z@@
@@GATE-TIMEOUT-CAP=180s@@
