@@GATE-META step=4 cmd_sha=866ce03286bc80c45523d3470be8a087663de8a6389af57327ad0484a5b83cba run_id=20260807T115948Z git_sha=c084ed31a44467dd4178230553175d5d0bb956c8 source_sha=c084ed31a44467dd4178230553175d5d0bb956c8 started_at=2026-08-07T12:00:28Z deployed_base_url=http://127.0.0.1:44121 sourceRevision=c084ed31a44467dd4178230553175d5d0bb956c8@@
CMD: bun services/platform/src/cli/holo.ts cutover:enable-writes --json --base-url ${HOLO_VERIFY_BASE_URL:?set HOLO_VERIFY_BASE_URL}
{
  "ok": true,
  "already_recorded": false,
  "ponr_id": "5f09cc6e-d353-4a45-b0f1-229e852283f2",
  "write_row_id": "e37f2f5c-e978-40c4-86c9-880346698fe7",
  "write_row_digest_sha256": "0034d9ee97bbbe97dbb15a758c78edeecbf5fd3e2b529e273c9e30502de1030d",
  "write_surface": "hono.POST /api/documents",
  "write_table": "documents",
  "fence_lifted_at": "2026-08-07T12:00:34.160Z",
  "write_committed_at": "2026-08-07T12:00:34.171Z",
  "base_url": "http://127.0.0.1:44121",
  "export_watermark_ms": 1786190348757,
  "convex_fence_audit_id": "vn750swtvq28332gb4xm67qgc98bxkst",
  "convex_documents_total": 1623,
  "convex_accepted_writes_since_watermark": 0,
  "report_path": "/Users/inference1/Projects/holocron/.tmp/D07-04/enable-writes-report.json"
}
@@GATE-EXIT=0@@
