@@GATE-META step=step6 cmd_sha=6bd289e94efdb650639765f487093bbfe10ec756375ed1205a1794fe4038e423@@
CMD: set -euo pipefail; mkdir -p .tmp/REDHAT-FIX-S27-01 .tmp/redhat-fix-s27-04; bun services/platform/src/cli/holo.ts backup:healthy --all; bun services/platform/src/cli/holo.ts backup:induce-failure --mode config-removed --job restic_blob_mirror --json > .tmp/REDHAT-FIX-S27-01/induce-config.json; cat .tmp/REDHAT-FIX-S27-01/induce-config.json; jq -e '.ok==true and .induction.path=="production_truth" and .induction.config_removed==true and .induction.config_exists_after==false' .tmp/REDHAT-FIX-S27-01/induce-config.json >/dev/null; bun services/platform/src/cli/holo.ts backup:alert-sweep 2>&1 | tee .tmp/redhat-fix-s27-04/step6-config-sweep.txt; grep -E 'post\[restic_blob_mirror\]: reason=(failed|overdue) failure_reason=.*(config|overdue|removed)' .tmp/redhat-fix-s27-04/step6-config-sweep.txt; ! grep -E 'post\[wal_archive\]|post\[base_backup\]|post\[all-clear\]' .tmp/redhat-fix-s27-04/step6-config-sweep.txt; CAP_DIR=.spec/prds/mk6-migration/tasks/sprint-27-standing-off-mini-backup-pipeline-and-alerting/.gate-evidence/${GATE_RUN_ID:-manual}; mkdir -p "$CAP_DIR"; if [ -f .tmp/s27-gate-receiver/captures.json ]; then cp .tmp/s27-gate-receiver/captures.json "$CAP_DIR/alerts-http-captures.json"; fi; CAP="$CAP_DIR/alerts-http-captures.json"; if [ -n "${ALERT_WEBHOOK_URL:-}" ]; then test -f "$CAP"; jq -e 'length>=1 and all(.[]; .method and .url and .headers and .rawBody and .receivedAt)' "$CAP" >/dev/null; jq -e '[.[] | select(.rawBody|test("restic_blob_mirror"))] | length >= 1' "$CAP" >/dev/null; echo ALERT_HTTP_CAPTURES_OK job=restic_blob_mirror; fi
holo backup:healthy scope=all status=success last_success_at=2026-07-28 03:34:19.837-06
{
  "ok": true,
  "job_name": "restic_blob_mirror",
  "mode": "config_removed",
  "heartbeat": {
    "job_name": "restic_blob_mirror",
    "last_success_at": "2026-07-28 03:18:20.034-06",
    "last_wal_segment": null,
    "last_snapshot_id": "config-absent",
    "object_count": 0,
    "status": "success",
    "trace_id": "induce-config-removed-19fa8133984",
    "updated_at": "2026-07-28 03:34:20.055674-06"
  },
  "induction": {
    "path": "production_truth",
    "real_process_killed": false,
    "pid_killed": null,
    "production_catch": false,
    "exit_code": null,
    "real_auth_fault": false,
    "config_removed": true,
    "config_path": "/Users/inference1/Projects/holocron/services/platform/config/restic/mirror.conf",
    "config_exists_after": false,
    "binary": null,
    "failure_detail": "overdue: config removed — backup config missing for job restic_blob_mirror",
    "restored": false,
    "fault_output": "config renamed to /Users/inference1/Projects/holocron/services/platform/config/restic/mirror.conf.induced-removed",
    "heartbeat_via_production_writer": false
  }
}
holo backup:alert-sweep
  total:      11
  healthy:    10
  alerted:    1
  overdue_ms: 900000
  post[restic_blob_mirror]: reason=overdue failure_reason=overdue: config removed — backup config missing for job restic_blob_mirror overdue_by_minutes=16
  overall:    OK
  post[restic_blob_mirror]: reason=overdue failure_reason=overdue: config removed — backup config missing for job restic_blob_mirror overdue_by_minutes=16
ALERT_HTTP_CAPTURES_OK job=restic_blob_mirror
@@GATE-EXIT=0@@
