@@GATE-META step=step4 cmd_sha=194dbfa04222843e95c23ff736e8933bf87ba2be90fee2c3c2f1d4a714123dba@@
CMD: set -euo pipefail; mkdir -p .tmp/REDHAT-FIX-S27-01 .tmp/redhat-fix-s27-04; bun services/platform/src/cli/holo.ts backup:healthy --all; bun services/platform/src/cli/holo.ts backup:induce-failure --mode kill --job wal_archive --json > .tmp/REDHAT-FIX-S27-01/induce-kill.json; cat .tmp/REDHAT-FIX-S27-01/induce-kill.json; jq -e '.ok==true and .induction.path=="production_truth" and (.induction.real_process_killed==true) and (.induction.mid_archive!=true or .induction.kill_kind=="mid_archive") and .heartbeat.status=="failed"' .tmp/REDHAT-FIX-S27-01/induce-kill.json >/dev/null; ! jq -e '.induction.path=="synthetic_poison" and .induction.real_process_killed!=true' .tmp/REDHAT-FIX-S27-01/induce-kill.json >/dev/null; bun services/platform/src/cli/holo.ts backup:alert-sweep 2>&1 | tee .tmp/redhat-fix-s27-04/step4-kill-sweep.txt; grep -E 'post\[wal_archive\]: reason=(failed|overdue) failure_reason=.*(kill|killed|WAL)' .tmp/redhat-fix-s27-04/step4-kill-sweep.txt; ! grep -E 'post\[all-clear\]' .tmp/redhat-fix-s27-04/step4-kill-sweep.txt; CAP_DIR=.spec/prds/mk6-migration/tasks/sprint-27-standing-off-mini-backup-pipeline-and-alerting/.gate-evidence/${GATE_RUN_ID:-manual}; mkdir -p "$CAP_DIR"; if [ -f .tmp/s27-gate-receiver/captures.json ]; then cp .tmp/s27-gate-receiver/captures.json "$CAP_DIR/alerts-http-captures.json"; fi; CAP="$CAP_DIR/alerts-http-captures.json"; if [ -n "${ALERT_WEBHOOK_URL:-}" ]; then test -f "$CAP"; jq -e 'length>=1 and all(.[]; .method and .url and .headers and .rawBody and .receivedAt)' "$CAP" >/dev/null; jq -e '[.[] | select(.rawBody|test("wal_archive"))] | length >= 1' "$CAP" >/dev/null; echo ALERT_HTTP_CAPTURES_OK job=wal_archive; fi
holo backup:healthy scope=all status=success last_success_at=2026-07-28 03:34:17.863-06
{
  "ok": true,
  "job_name": "wal_archive",
  "mode": "kill_wal_behind",
  "heartbeat": {
    "job_name": "wal_archive",
    "last_success_at": "2026-07-28 03:34:17.863-06",
    "last_wal_segment": "killed-staged-shell",
    "last_snapshot_id": null,
    "object_count": 0,
    "status": "failed",
    "trace_id": "823e30934ab747b898ed62b16c1900bb",
    "updated_at": "2026-07-28 03:34:18.544182-06"
  },
  "induction": {
    "path": "production_truth",
    "real_process_killed": true,
    "pid_killed": 77874,
    "production_catch": false,
    "kill_kind": "staged_shell",
    "mid_archive": false,
    "exit_code": null,
    "real_auth_fault": false,
    "config_removed": false,
    "config_path": null,
    "config_exists_after": true,
    "binary": "/opt/homebrew/bin/pgbackrest",
    "failure_detail": "killed / WAL behind — archive job wal_archive stopped updating heartbeat",
    "restored": false,
    "fault_output": "killed / WAL behind — archive job stopped updating heartbeat (pid=77874 signal=SIGKILL binary=/opt/homebrew/bin/pgbackrest)",
    "heartbeat_via_production_writer": true
  }
}
holo backup:alert-sweep
  total:      11
  healthy:    10
  alerted:    1
  overdue_ms: 900000
  post[wal_archive]: reason=failed failure_reason=killed / WAL behind — archive job wal_archive stopped updating heartbeat overdue_by_minutes=0
  overall:    OK
  post[wal_archive]: reason=failed failure_reason=killed / WAL behind — archive job wal_archive stopped updating heartbeat overdue_by_minutes=0
ALERT_HTTP_CAPTURES_OK job=wal_archive
holocron-langfuse-exporter disabled: Missing Langfuse config (publicKey/secretKey/baseUrl). Set LANGFUSE_PUBLIC_KEY, LANGFUSE_SECRET_KEY, LANGFUSE_BASE_URL.
@@GATE-EXIT=0@@
