@@GATE-META step=step8 cmd_sha=92f43d1acc29115ed1ea31733c8ecc07263e05b2a99f5782ac4f55953ce8ff5e@@
CMD: set -euo pipefail; RUN_ID="${GATE_RUN_ID:-$(date -u +%Y%m%dT%H%M%SZ)}"; SPRINT_DIR=.spec/prds/mk6-migration/tasks/sprint-27-standing-off-mini-backup-pipeline-and-alerting; EVIDENCE="$SPRINT_DIR/.gate-evidence/$RUN_ID"; mkdir -p "$EVIDENCE/red-suite"; test -s "$EVIDENCE/red-suite-transcript.log"; grep -Eiq "Test Files|PASS|passed" "$EVIDENCE/red-suite-transcript.log"; echo VITEST_RED_SUITE_OK transcript=$EVIDENCE/red-suite-transcript.log; env -u BACKUP_ALERT_OVERDUE_MS bun services/platform/src/cli/holo.ts backup:healthy --all --json | tee "$EVIDENCE/red-suite/healthy-reset.json" >/dev/null; env -u BACKUP_ALERT_OVERDUE_MS bun services/platform/src/cli/holo.ts backup:alert-sweep --json | tee "$EVIDENCE/red-suite/healthy-silence-sweep.json"; jq -e ".alerted==0 and (.posts|length)==0" "$EVIDENCE/red-suite/healthy-silence-sweep.json" >/dev/null; env -u BACKUP_ALERT_OVERDUE_MS bun services/platform/src/cli/holo.ts backup:induce-failure --mode kill --job wal_archive --json | tee "$EVIDENCE/red-suite/failure-a-induce.json"; env -u BACKUP_ALERT_OVERDUE_MS bun services/platform/src/cli/holo.ts backup:alert-sweep 2>&1 | tee "$EVIDENCE/red-suite/failure-a-sweep.txt"; grep -qE "post\[wal_archive\]: reason=(failed|overdue)" "$EVIDENCE/red-suite/failure-a-sweep.txt"; env -u BACKUP_ALERT_OVERDUE_MS bun services/platform/src/cli/holo.ts backup:healthy --all --json >/dev/null; env -u BACKUP_ALERT_OVERDUE_MS bun services/platform/src/cli/holo.ts backup:induce-failure --mode credential-expired --job base_backup --json | tee "$EVIDENCE/red-suite/failure-b-induce.json"; env -u BACKUP_ALERT_OVERDUE_MS bun services/platform/src/cli/holo.ts backup:alert-sweep 2>&1 | tee "$EVIDENCE/red-suite/failure-b-sweep.txt"; grep -qE "post\[base_backup\]: reason=(failed|overdue)" "$EVIDENCE/red-suite/failure-b-sweep.txt"; env -u BACKUP_ALERT_OVERDUE_MS bun services/platform/src/cli/holo.ts backup:healthy --all --json >/dev/null; env -u BACKUP_ALERT_OVERDUE_MS bun services/platform/src/cli/holo.ts backup:induce-failure --mode config-removed --job restic_blob_mirror --json | tee "$EVIDENCE/red-suite/failure-c-induce.json"; env -u BACKUP_ALERT_OVERDUE_MS bun services/platform/src/cli/holo.ts backup:alert-sweep 2>&1 | tee "$EVIDENCE/red-suite/failure-c-sweep.txt"; grep -qE "post\[restic_blob_mirror\]: reason=(failed|overdue)" "$EVIDENCE/red-suite/failure-c-sweep.txt"; if [ -f .tmp/s27-gate-receiver/captures.json ]; then cp .tmp/s27-gate-receiver/captures.json "$EVIDENCE/alerts-http-captures.json"; fi; CAP="$EVIDENCE/alerts-http-captures.json"; test -f "$CAP"; jq -e "length>=1 and all(.[]; .method and .url and .headers and .rawBody and .receivedAt)" "$CAP" >/dev/null; jq -e "[.[] | select(.rawBody|test(\"wal_archive|base_backup|restic_blob_mirror\"))] | length >= 1" "$CAP" >/dev/null; echo ALERT_HTTP_CAPTURES_OK; echo ALERT_HTTP_JOB_BIND_OK; PRE_FIX="$SPRINT_DIR/.gate-evidence/20260728T024819Z/alerts-received.json"; if [ -f "$PRE_FIX" ]; then if jq -e ".[0].method and .[0].url and .[0].headers and .[0].rawBody and .[0].receivedAt" "$PRE_FIX" >/dev/null 2>&1; then echo "REFUSE: pre-fix alerts-received.json must remain payload-only baseline"; exit 1; fi; echo PRE_FIX_PAYLOAD_ONLY_ORACLE_OK; fi; env -u BACKUP_ALERT_OVERDUE_MS bun services/platform/src/cli/holo.ts backup:healthy --all --json >/dev/null; echo D04_01_RED_SUITE_GATE_OK ALERT_HTTP_CAPTURES_OK VITEST_RED_SUITE_OK exit=0 evidence=$EVIDENCE
VITEST_RED_SUITE_OK transcript=.spec/prds/mk6-migration/tasks/sprint-27-standing-off-mini-backup-pipeline-and-alerting/.gate-evidence/20260728T090701Z/red-suite-transcript.log
{
  "alerted": 0,
  "posts": [],
  "healthy": 11,
  "total": 11,
  "webhookUrl": "http://127.0.0.1",
  "overdueMs": 900000,
  "errors": []
}
{
  "ok": true,
  "job_name": "wal_archive",
  "mode": "kill_wal_behind",
  "heartbeat": {
    "job_name": "wal_archive",
    "last_success_at": "2026-07-28 03:34:21.06-06",
    "last_wal_segment": "killed-staged-shell",
    "last_snapshot_id": null,
    "object_count": 0,
    "status": "failed",
    "trace_id": "fdfd7cd1e0974e96ad997f2c12b76b1a",
    "updated_at": "2026-07-28 03:34:21.953932-06"
  },
  "induction": {
    "path": "production_truth",
    "real_process_killed": true,
    "pid_killed": 79204,
    "production_catch": false,
    "kill_kind": "staged_shell",
    "mid_archive": false,
    "exit_code": null,
    "real_auth_fault": false,
    "config_removed": false,
    "config_path": null,
    "config_exists_after": true,
    "binary": "/opt/homebrew/bin/pgbackrest",
    "failure_detail": "killed / WAL behind — archive job wal_archive stopped updating heartbeat",
    "restored": false,
    "fault_output": "killed / WAL behind — archive job stopped updating heartbeat (pid=79204 signal=SIGKILL binary=/opt/homebrew/bin/pgbackrest)",
    "heartbeat_via_production_writer": true
  }
}
holo backup:alert-sweep
  total:      11
  healthy:    10
  alerted:    1
  overdue_ms: 900000
  post[wal_archive]: reason=failed failure_reason=killed / WAL behind — archive job wal_archive stopped updating heartbeat overdue_by_minutes=0
  overall:    OK
{
  "ok": true,
  "job_name": "base_backup",
  "mode": "credential_expired",
  "heartbeat": {
    "job_name": "base_backup",
    "last_success_at": "2026-07-28 03:34:22.381316-06",
    "last_wal_segment": null,
    "last_snapshot_id": "auth-denied",
    "object_count": 0,
    "status": "failed",
    "trace_id": "5128b79dbea745f8ad4ad3618d681f5a",
    "updated_at": "2026-07-28 03:34:22.69168-06"
  },
  "induction": {
    "path": "production_truth",
    "real_process_killed": false,
    "pid_killed": null,
    "production_catch": true,
    "exit_code": 0,
    "real_auth_fault": true,
    "config_removed": false,
    "config_path": null,
    "config_exists_after": true,
    "binary": "pgbackrest",
    "failure_detail": "credential expired — R2 auth denied for job base_backup",
    "restored": false,
    "fault_output": "\n[{\"archive\":[],\"backup\":[],\"cipher\":\"aes-256-cbc\",\"db\":[],\"name\":\"main\",\"repo\":[{\"cipher\":\"aes-256-cbc\",\"key\":1,\"status\":{\"code\":99,\"message\":\"[ProtocolError] HTTP request failed with 400 (Bad Request):\\n*** Path/Query ***:\\nGET /holocron-backup/?delimiter=%2F&list-type=2&prefix=pgbackrest%2Fbackup%2F\\n*** Request Headers ***:\\nauthorization: <redacted>\\ncontent-length: 0\\nhost: d5110b1895ee190e145c0c8756f49879.r2.cloudflarestorage.com\\nx-amz-content-sha256: e3b0c44298fc1c149afbf4c8996fb92427ae41e4649b934ca495991b7852b855\\nx-amz-date: <redacted>\\nx-amz-security-token: <redacted>\\n*** Response Headers ***:\\ncf-ray: a222e33ffbe352c1-SLC\\nconnection: keep-alive\\ncontent-length: 149\\ncontent-type: application/xml\\ndate: Tue, 28 Jul 2026 09:34:22 GMT\\nserver: cloudflare\\n*** Response Content *",
    "heartbeat_via_production_writer": true
  }
}
holo backup:alert-sweep
  total:      11
  healthy:    10
  alerted:    1
  overdue_ms: 900000
  post[base_backup]: reason=failed failure_reason=credential expired — R2 auth denied for job base_backup overdue_by_minutes=0
  overall:    OK
{
  "ok": true,
  "job_name": "restic_blob_mirror",
  "mode": "config_removed",
  "heartbeat": {
    "job_name": "restic_blob_mirror",
    "last_success_at": "2026-07-28 03:18:23.318-06",
    "last_wal_segment": null,
    "last_snapshot_id": "config-absent",
    "object_count": 0,
    "status": "success",
    "trace_id": "induce-config-removed-19fa8134657",
    "updated_at": "2026-07-28 03:34:23.338596-06"
  },
  "induction": {
    "path": "production_truth",
    "real_process_killed": false,
    "pid_killed": null,
    "production_catch": false,
    "exit_code": null,
    "real_auth_fault": false,
    "config_removed": true,
    "config_path": "/Users/inference1/Projects/holocron/services/platform/config/restic/mirror.conf",
    "config_exists_after": false,
    "binary": null,
    "failure_detail": "overdue: config removed — backup config missing for job restic_blob_mirror",
    "restored": false,
    "fault_output": "config renamed to /Users/inference1/Projects/holocron/services/platform/config/restic/mirror.conf.induced-removed",
    "heartbeat_via_production_writer": false
  }
}
holo backup:alert-sweep
  total:      11
  healthy:    10
  alerted:    1
  overdue_ms: 900000
  post[restic_blob_mirror]: reason=overdue failure_reason=overdue: config removed — backup config missing for job restic_blob_mirror overdue_by_minutes=16
  overall:    OK
ALERT_HTTP_CAPTURES_OK
ALERT_HTTP_JOB_BIND_OK
PRE_FIX_PAYLOAD_ONLY_ORACLE_OK
D04_01_RED_SUITE_GATE_OK ALERT_HTTP_CAPTURES_OK VITEST_RED_SUITE_OK exit=0 evidence=.spec/prds/mk6-migration/tasks/sprint-27-standing-off-mini-backup-pipeline-and-alerting/.gate-evidence/20260728T090701Z
holocron-langfuse-exporter disabled: Missing Langfuse config (publicKey/secretKey/baseUrl). Set LANGFUSE_PUBLIC_KEY, LANGFUSE_SECRET_KEY, LANGFUSE_BASE_URL.
holocron-langfuse-exporter disabled: Missing Langfuse config (publicKey/secretKey/baseUrl). Set LANGFUSE_PUBLIC_KEY, LANGFUSE_SECRET_KEY, LANGFUSE_BASE_URL.
@@GATE-EXIT=0@@
