@@GATE-META step=step5 cmd_sha=4d306cbc3051ef2bc6a9a573a597459954ec6f63cf98033a444eaa50be409818@@
CMD: set -euo pipefail; mkdir -p .tmp/REDHAT-FIX-S27-01 .tmp/redhat-fix-s27-04; bun services/platform/src/cli/holo.ts backup:healthy --all; bun services/platform/src/cli/holo.ts backup:induce-failure --mode credential-expired --job base_backup --json > .tmp/REDHAT-FIX-S27-01/induce-cred.json; cat .tmp/REDHAT-FIX-S27-01/induce-cred.json; jq -e '.ok==true and .induction.path=="production_truth" and (.induction.real_auth_fault==true or .induction.production_catch==true) and .heartbeat.status=="failed"' .tmp/REDHAT-FIX-S27-01/induce-cred.json >/dev/null; bun services/platform/src/cli/holo.ts backup:alert-sweep 2>&1 | tee .tmp/redhat-fix-s27-04/step5-credential-sweep.txt; grep -E 'post\[base_backup\]: reason=(failed|overdue) failure_reason=.*(credential|expired|auth)' .tmp/redhat-fix-s27-04/step5-credential-sweep.txt; ! grep -E 'post\[wal_archive\]|post\[all-clear\]' .tmp/redhat-fix-s27-04/step5-credential-sweep.txt; CAP_DIR=.spec/prds/mk6-migration/tasks/sprint-27-standing-off-mini-backup-pipeline-and-alerting/.gate-evidence/${GATE_RUN_ID:-manual}; mkdir -p "$CAP_DIR"; if [ -f .tmp/s27-gate-receiver/captures.json ]; then cp .tmp/s27-gate-receiver/captures.json "$CAP_DIR/alerts-http-captures.json"; fi; CAP="$CAP_DIR/alerts-http-captures.json"; if [ -n "${ALERT_WEBHOOK_URL:-}" ]; then test -f "$CAP"; jq -e 'length>=1 and all(.[]; .method and .url and .headers and .rawBody and .receivedAt)' "$CAP" >/dev/null; jq -e '[.[] | select(.rawBody|test("base_backup"))] | length >= 1' "$CAP" >/dev/null; echo ALERT_HTTP_CAPTURES_OK job=base_backup; fi
holo backup:healthy scope=all status=success last_success_at=2026-07-28 03:34:19.036-06
{
  "ok": true,
  "job_name": "base_backup",
  "mode": "credential_expired",
  "heartbeat": {
    "job_name": "base_backup",
    "last_success_at": "2026-07-28 03:34:19.033978-06",
    "last_wal_segment": null,
    "last_snapshot_id": "auth-denied",
    "object_count": 0,
    "status": "failed",
    "trace_id": "b89ecf2e42594968b4f233919935685b",
    "updated_at": "2026-07-28 03:34:19.347622-06"
  },
  "induction": {
    "path": "production_truth",
    "real_process_killed": false,
    "pid_killed": null,
    "production_catch": true,
    "exit_code": 0,
    "real_auth_fault": true,
    "config_removed": false,
    "config_path": null,
    "config_exists_after": true,
    "binary": "pgbackrest",
    "failure_detail": "credential expired — R2 auth denied for job base_backup",
    "restored": false,
    "fault_output": "\n[{\"archive\":[],\"backup\":[],\"cipher\":\"aes-256-cbc\",\"db\":[],\"name\":\"main\",\"repo\":[{\"cipher\":\"aes-256-cbc\",\"key\":1,\"status\":{\"code\":99,\"message\":\"[ProtocolError] HTTP request failed with 400 (Bad Request):\\n*** Path/Query ***:\\nGET /holocron-backup/?delimiter=%2F&list-type=2&prefix=pgbackrest%2Fbackup%2F\\n*** Request Headers ***:\\nauthorization: <redacted>\\ncontent-length: 0\\nhost: d5110b1895ee190e145c0c8756f49879.r2.cloudflarestorage.com\\nx-amz-content-sha256: e3b0c44298fc1c149afbf4c8996fb92427ae41e4649b934ca495991b7852b855\\nx-amz-date: <redacted>\\nx-amz-security-token: <redacted>\\n*** Response Headers ***:\\ncf-ray: a222e32b097299e4-SLC\\nconnection: keep-alive\\ncontent-length: 149\\ncontent-type: application/xml\\ndate: Tue, 28 Jul 2026 09:34:19 GMT\\nserver: cloudflare\\n*** Response Content *",
    "heartbeat_via_production_writer": true
  }
}
holo backup:alert-sweep
  total:      11
  healthy:    10
  alerted:    1
  overdue_ms: 900000
  post[base_backup]: reason=failed failure_reason=credential expired — R2 auth denied for job base_backup overdue_by_minutes=0
  overall:    OK
  post[base_backup]: reason=failed failure_reason=credential expired — R2 auth denied for job base_backup overdue_by_minutes=0
ALERT_HTTP_CAPTURES_OK job=base_backup
holocron-langfuse-exporter disabled: Missing Langfuse config (publicKey/secretKey/baseUrl). Set LANGFUSE_PUBLIC_KEY, LANGFUSE_SECRET_KEY, LANGFUSE_BASE_URL.
@@GATE-EXIT=0@@
