@@GATE-META step=5 cmd_sha=657ddd3ec6b8eb29d8fe7bf165a0a9e139eeda98c7fbec9fcf1ad1853c2b199a run_id=20260809T012338Z-final-dd0ea4c1 git_sha=dd0ea4c1e8a512ea2634952d6d8fff933705f7f3 source_sha=dd0ea4c1e8a512ea2634952d6d8fff933705f7f3 started_at=2026-08-09T01:24:25Z deployed_base_url=http://127.0.0.1:44121 sourceRevision=dd0ea4c1e8a512ea2634952d6d8fff933705f7f3@@
CMD: bun services/platform/src/cli/holo.ts cutover:rollback-repoint --json --base-url ${HOLO_VERIFY_BASE_URL:?set HOLO_VERIFY_BASE_URL}
{
  "ok": false,
  "repointed": false,
  "target": "convex-frozen",
  "target_kind": "convex",
  "data_plane": "convex",
  "engaged_at": "",
  "engaged_at_ms": 0,
  "configured_target": "/Users/inference1/Projects/holocron/services/platform/config/secrets.yaml",
  "config": {
    "path": "/Users/inference1/Projects/holocron/.tmp/D06-05/data-plane-config.json",
    "digest_sha256": "",
    "prior_target": "convex-frozen"
  },
  "acknowledgements": [],
  "report_path": "/Users/inference1/Projects/holocron/.tmp/D06-05/rollback-repoint-report.json",
  "database_target": {
    "host": "127.0.0.1",
    "effective_port": 5432,
    "database": "holocron",
    "fingerprint": "b452e37f4a20cb39eef4d644ff2c627447154fc6d5d58b4e2aa17aa5fdb6eef6"
  },
  "precondition": {
    "ok": false,
    "accepted_post_export_writes": 1,
    "export_watermark_ms": 1786190348757,
    "audit_path": "/Users/inference1/Projects/holocron/.tmp/D06-05/post-export-write-audit.json",
    "ponr_recorded": false,
    "ponr_id": null,
    "ponr_recorded_at": null
  },
  "error": {
    "code": "POST_EXPORT_WRITE_ACCEPTED",
    "message": "cutover:rollback-repoint refuses: 1 accepted post-export production write(s) (point of no return / UC-SYNC-04). Convex re-point is ineligible; recover from Postgres/blob backups."
  }
}
@@GATE-EXIT=2@@
