
 RUN  v4.1.0 /Users/inference1/Projects/holocron/.kb-run-sprint/worktrees/GATE-FIX-S28R3-QA24

 ↓ |integration| services/platform/tests/integration/sprint28-pitr-recovery-contract.test.ts (9 tests | 9 skipped)
 ↓ |integration| services/platform/tests/integration/sprint28-restore-fails-closed.test.ts (4 tests | 4 skipped)
 ↓ |integration| services/platform/tests/integration/sprint28-human-gate-oracles.test.ts (5 tests | 5 skipped)
 ✓ |integration| services/platform/tests/integration/sprint28-fire-drill-mission-contract.test.ts (6 tests | 3 skipped) 8ms
 ✓ |integration| services/platform/tests/integration/sprint28-gate-fix-qa1.test.ts (14 tests | 1 skipped) 196ms
 ✓ |integration| services/platform/tests/integration/sprint28-recovery-baseline.test.ts (8 tests | 5 skipped) 4ms
 ✓ |integration| services/platform/tests/integration/sprint28-s28r3-qa23-gate-fix.test.ts (10 tests) 3381ms
     ✓ r2_ro_exec_isolated production path: canaries never appear on launcher argv  550ms
     ✓ fingerprint path: r2_ro_tuple_fp16 canaries never appear on python argv  1952ms
     ✓ fire-drill production child launch path: dynamic canary (shared exec-env-from-fd)  459ms
 ✓ |integration| services/platform/tests/integration/sprint28-s28r3-qa22-gate-fix.test.ts (8 tests) 2861ms
     ✓ executes credential-ambient gate fragment with shadow utils — no shadow markers  1970ms
 ✓ |integration| services/platform/tests/integration/sprint28-s28r3-qa6-gate-fix.test.ts (13 tests | 1 skipped) 293ms
 ✓ |integration| services/platform/tests/integration/sprint28-s28r3-qa24-gate-fix.test.ts (12 tests) 6622ms
     ✓ mint canary: observes real mint child argv — token never appears  1110ms
     ✓ production fire-drill / r2_ro_run_provider boundary with canaries — no exclusions scan  3460ms
     ✓ production r2_ro_validate_proof fails closed on proof-file and parent-dir symlink races  1606ms
 ✓ |integration| services/platform/tests/integration/sprint28-s28r3-qa1-gate-fix.test.ts (8 tests | 1 skipped) 29ms
 ✓ |integration| services/platform/tests/integration/sprint28-s28r3-qa11-gate-fix.test.ts (8 tests) 11761ms
     ✓ live path uses real prove-r2-readonly with PATH aws mock (producer fixed)  3160ms
     ✓ verify redacts token and fingerprints env restore token (not file)  402ms
     ✓ fire-drill child receives env restore token metadata only (status 0 + parity report)  3982ms
     ✓ tampered proof after prove fails context/tuple/mode checks via real consumer path  2127ms
     ✓ aws canary never appears in prove logs  939ms
     ✓ mint API error path never logs canary secrets  541ms
 ✓ |integration| services/platform/tests/integration/sprint28-s28r3-qa9-gate-fix.test.ts (9 tests) 9823ms
     ✓ verify-restore-creds loads R2_RESTORE_SESSION_TOKEN from secrets and accepts CF shape  417ms
     ✓ provision REQUIRE_LIVE ignores caller-forged proof and succeeds via fixed prover + PATH aws mock  3153ms
     ✓ provision REQUIRE_LIVE fails when live prove fails (forged path cannot skip)  2065ms
     ✓ fire-drill maps session token into child (recorder must execute)  3744ms
 ✓ |integration| services/platform/tests/integration/sprint28-gate-fix-qa3.test.ts (10 tests | 1 skipped) 9ms
 ✓ |integration| services/platform/tests/integration/sprint28-s28r3-gate-bind.test.ts (8 tests) 9913ms
     ✓ AC-4: prove-isolation with REQUIRE_LIVE_R2_RO=1 + placeholders → non-zero + DEPENDENCY-S28-R2-RO  9840ms
 ✓ |integration| services/platform/tests/integration/sprint28-capability-inventory.test.ts (3 tests) 186ms
 ✓ |integration| services/platform/tests/integration/sprint28-s28r3-qa10-gate-fix.test.ts (8 tests) 15061ms
     ✓ caller-forged HOLO_R2_RO_PROOF_PATH is never authoritative (fixed prover + PATH aws mock)  3143ms
     ✓ env R2_RESTORE_SESSION_TOKEN wins over file writer R2_SESSION_TOKEN and file restore token  3897ms
     ✓ file restore token used when env R2_RESTORE_SESSION_TOKEN unset (not writer R2_SESSION_TOKEN)  3839ms
     ✓ verify env restore token is not overwritten by file (env-over-file)  410ms
     ✓ canaries never appear in provision/fire-drill stdout for valid path  3293ms
 ✓ |integration| services/platform/tests/integration/sprint28-s28r3-qa17-gate-fix.test.ts (13 tests) 2739ms
     ✓ harness prove succeeds with mock provider  2034ms
 ✓ |integration| services/platform/tests/integration/sprint28-fresh-target-fire-drill.test.ts (5 tests | 1 skipped) 33ms
 ✓ |integration| services/platform/tests/integration/sprint28-fresh-target-creds.test.ts (7 tests) 493ms
 ✓ |integration| services/platform/tests/integration/sprint28-gate-fix-qa2.test.ts (6 tests | 3 skipped) 5ms
 ✓ |integration| services/platform/tests/integration/sprint28-s28r3-qa2-gate-fix.test.ts (20 tests | 6 skipped) 19786ms
     ✓ H2: prove-isolation rejects bare arn:aws:s3:::bucket/* object Resource  19710ms
 ✓ |integration| services/platform/tests/integration/sprint28-fire-drill-baseline-consume.test.ts (3 tests) 1485ms
     ✓ fire-drill imports recovery-baseline helpers  409ms
     ✓ runFireDrill fails closed without R2 baseline  1073ms
 ✓ |integration| services/platform/tests/integration/sprint28-s28r3-qa3-gate-fix.test.ts (16 tests | 6 skipped) 20175ms
     ✓ H-1: prove-isolation rejects mixed exact+bare object resources (overall RESULT fail)  20149ms
 ✓ |integration| services/platform/tests/integration/sprint28-s28r3-qa16-gate-fix.test.ts (9 tests) 5252ms
     ✓ production refuses env override of versioned in_key (RED→GREEN kill)  312ms
     ✓ production refuses env override of versioned out_key  310ms
     ✓ production binds versioned keys when env probe keys are unset  1357ms
     ✓ malformed versioned artifact fails closed (isolated tree — never mutates tracked probes)  318ms
     ✓ harness still allows fixture keys under mock mode only  2058ms
 ✓ |integration| services/platform/tests/integration/sprint28-s28r3-qa8-gate-fix.test.ts (11 tests) 9297ms
     ✓ RED→GREEN: same AK + distinct secret + session token is accepted (shape)  3311ms
     ✓ distinct AK still accepted without session token  3437ms
     ✓ same AK + distinct secret + session reaches live probe (not AK-only refuse)  2021ms
 ✓ |integration| services/platform/tests/integration/sprint28-s28r3-qa18-gate-fix.test.ts (7 tests) 9598ms
     ✓ prove (harness) never emits ambient canaries on success  2044ms
     ✓ provision (harness) never emits ambient canaries  3461ms
     ✓ fire-drill (harness) never emits ambient canaries on success path  3725ms
 ✓ |integration| services/platform/tests/integration/sprint28-s28r3-qa21-gate-fix.test.ts (15 tests) 34511ms
     ✓ shadowed date/mktemp/uuidgen do not run in credential-bearing helper path  2019ms
     ✓ gate-plan consumer path with hostile PATH still uses /bin/bash fixed shell  3094ms
     ✓ provision race swap=file fails identity/no-follow; no post-validation effects  3141ms
     ✓ fire-drill race swap=file fails identity; no recorder/report/attestation effects  3118ms
     ✓ provision race swap=parent fails identity/no-follow; no post-validation effects  3320ms
     ✓ fire-drill race swap=parent fails identity; no recorder/report/attestation effects  3443ms
     ✓ requires both consumer success + failure paths and scans raw artifacts  15737ms
 ✓ |integration| services/platform/tests/integration/sprint28-s28r3-qa5-gate-fix.test.ts (15 tests | 5 skipped) 38237ms
     ✓ H-1: mixed List+GetObject with both resource classes FAILs  9662ms
     ✓ H-1: ListBucket with only object ARN FAILs  9680ms
     ✓ H-1: GetObject with only bucket ARN FAILs  9383ms
     ✓ H-1: split two-Allow exact policy still PASSes r2_readonly  9368ms
 ✓ |integration| services/platform/tests/integration/sprint28-s28r3-qa12-gate-fix.test.ts (17 tests) 35464ms
     ✓ forged PATH aws is never executed when HOLO_TRUSTED_AWS_BIN is fixture  3072ms
     ✓ missing in-prefix object fails closed  2099ms
     ✓ failed in-prefix head fails closed  2053ms
     ✓ proof files are regular 0600 under .tmp/r2-ro-proofs (not symlink)  3339ms
     ✓ provision refuses HOLO_QA_PROOF_MUTATE=stale  3338ms
     ✓ provision refuses HOLO_QA_PROOF_MUTATE=future  2989ms
     ✓ provision refuses HOLO_QA_PROOF_MUTATE=wrong-tuple  2977ms
     ✓ provision refuses HOLO_QA_PROOF_MUTATE=malformed  2929ms
     ✓ provision refuses HOLO_QA_PROOF_MUTATE=wrong-producer  2961ms
     ✓ provision refuses HOLO_QA_PROOF_MUTATE=wrong-context  2906ms
     ✓ fire-drill refuses HOLO_QA_PROOF_MUTATE=wrong-tuple  2936ms
     ✓ aws canary_error never appears in prove logs  876ms
     ✓ aws success path never logs canary or secrets  1814ms
     ✓ mint error path never logs canaries  491ms
 ✓ |integration| services/platform/tests/integration/sprint28-s28r3-qa4-gate-fix.test.ts (18 tests | 5 skipped) 48413ms
     ✓ H-1: NotAction Allow fails overall RESULT  10097ms
     ✓ H-1: NotResource Allow fails overall RESULT  9905ms
     ✓ H-1: s3:* Allow fails overall RESULT  9394ms
     ✓ H-1: separate Allow with PutObject fails overall RESULT  9372ms
     ✓ H-1: exact-only policy still PASSes r2_readonly axis  9577ms
 ✓ |integration| services/platform/tests/integration/sprint28-s28r3-qa13-gate-fix.test.ts (24 tests) 48855ms
     ✓ forged PATH aws never runs under production or harness (marker clean)  3113ms
     ✓ broader out-of-prefix head success fails closed at harness prove  1384ms
     ✓ provision refuses mutate=stale  3078ms
     ✓ fire-drill refuses mutate=stale  3106ms
     ✓ provision refuses mutate=future  3245ms
     ✓ fire-drill refuses mutate=future  3387ms
     ✓ provision refuses mutate=wrong-tuple  3136ms
     ✓ fire-drill refuses mutate=wrong-tuple  2965ms
     ✓ provision refuses mutate=malformed  2952ms
     ✓ fire-drill refuses mutate=malformed  2918ms
     ✓ provision refuses mutate=wrong-producer  2954ms
     ✓ fire-drill refuses mutate=wrong-producer  2906ms
     ✓ provision refuses mutate=wrong-context  2906ms
     ✓ fire-drill refuses mutate=wrong-context  2881ms
     ✓ aws canaries absent on success/error; recorder+parity clean  6290ms
     ✓ mint success/error canaries absent from logs (harness curl)  973ms
 ✓ |integration| services/platform/tests/integration/sprint28-s28r3-qa14-gate-fix.test.ts (28 tests) 56447ms
     ✓ forged PATH env/python3/aws never execute on harness prove (markers clean)  2005ms
     ✓ 404 out-of-prefix is refused (not treated as AccessDenied)  948ms
     ✓ broader out-of-prefix head success fails closed  1392ms
     ✓ empty env scope probe keys bind versioned/trusted keys under harness  1919ms
     ✓ production path refuses non-control-plane scope probe keys  323ms
     ✓ successful harness proof binds scope probe keys into attestation  1907ms
     ✓ fire-drill baseline reaches recorder with zero exit  3826ms
     ✓ provision refuses mutate=stale at proof validation  3265ms
     ✓ fire-drill mutate=stale fails at proof validation (no recorder)  3402ms
     ✓ provision refuses mutate=future at proof validation  3129ms
     ✓ fire-drill mutate=future fails at proof validation (no recorder)  2985ms
     ✓ provision refuses mutate=wrong-tuple at proof validation  2943ms
     ✓ fire-drill mutate=wrong-tuple fails at proof validation (no recorder)  2912ms
     ✓ provision refuses mutate=malformed at proof validation  2962ms
     ✓ fire-drill mutate=malformed fails at proof validation (no recorder)  2899ms
     ✓ provision refuses mutate=wrong-producer at proof validation  2921ms
     ✓ fire-drill mutate=wrong-producer fails at proof validation (no recorder)  2889ms
     ✓ provision refuses mutate=wrong-context at proof validation  2861ms
     ✓ fire-drill mutate=wrong-context fails at proof validation (no recorder)  2864ms
     ✓ symlink proof path is rejected by validate  1951ms
     ✓ provider canary never appears in prove logs or proof JSON  2635ms
     ✓ proof-canary mutation is visible in proof JSON and fails validation  2805ms
 ✓ |integration| services/platform/tests/integration/sprint28-s28r3-qa19-gate-fix.test.ts (26 tests) 59869ms
     ✓ provision dry-run baseline succeeds  3188ms
     ✓ fire-drill baseline reaches recorder with zero exit  3878ms
     ✓ provision mutate=stale fails at exact validator (not dependency)  3050ms
     ✓ fire-drill mutate=stale exact fail; no recorder side effects  3148ms
     ✓ provision mutate=future fails at exact validator (not dependency)  3260ms
     ✓ fire-drill mutate=future exact fail; no recorder side effects  3408ms
     ✓ provision mutate=wrong-tuple fails at exact validator (not dependency)  3029ms
     ✓ fire-drill mutate=wrong-tuple exact fail; no recorder side effects  2984ms
     ✓ provision mutate=wrong-context fails at exact validator (not dependency)  2911ms
     ✓ fire-drill mutate=wrong-context exact fail; no recorder side effects  2931ms
     ✓ provision mutate=malformed fails at exact validator (not dependency)  2912ms
     ✓ fire-drill mutate=malformed exact fail; no recorder side effects  2908ms
     ✓ provision mutate=wrong-producer fails at exact validator (not dependency)  2906ms
     ✓ fire-drill mutate=wrong-producer exact fail; no recorder side effects  2858ms
     ✓ symlink proof swap fails with no-follow/identity under correct tuple/context  1957ms
     ✓ parent-directory replacement fails FD/private-dir identity checks  1954ms
     ✓ fire-drill concurrent proof swap yields no recorder side effects  2827ms
     ✓ success + error paths for prove/provision/fire-drill leave no canaries in tree  9119ms

 Test Files  31 passed | 3 skipped (34)
      Tests  327 passed | 56 skipped (383)
   Start at  20:30:28
   Duration  60.24s (transform 2.13s, setup 3.10s, import 4.29s, tests 450.80s, environment 2ms)

