@@GATE-META step=4 cmd_sha=866ce03286bc80c45523d3470be8a087663de8a6389af57327ad0484a5b83cba run_id=20260807T084505Z git_sha=cd87bf033b156cb68ca26a82c305ad6dd3017775 source_sha=cd87bf033b156cb68ca26a82c305ad6dd3017775 started_at=2026-08-07T08:45:36Z deployed_base_url=http://127.0.0.1:44121 sourceRevision=cd87bf033b156cb68ca26a82c305ad6dd3017775@@
CMD: bun services/platform/src/cli/holo.ts cutover:enable-writes --json --base-url ${HOLO_VERIFY_BASE_URL:?set HOLO_VERIFY_BASE_URL}
{
  "ok": true,
  "already_recorded": false,
  "ponr_id": "3924736b-43a1-4487-9334-39d67c82d8ac",
  "write_row_id": "89a3c6cb-5796-48bb-b2f5-e173196163d9",
  "write_row_digest_sha256": "5734dd770d08bebcab4ab1b2f60b6bd85c4cfd83d039545fa0cf558182fe3cab",
  "write_surface": "hono.POST /api/documents",
  "write_table": "documents",
  "fence_lifted_at": "2026-08-07T08:45:39.201Z",
  "write_committed_at": "2026-08-07T08:45:39.212Z",
  "base_url": "http://127.0.0.1:44121",
  "export_watermark_ms": 1786092242610,
  "convex_fence_audit_id": "vn750swtvq28332gb4xm67qgc98bxkst",
  "convex_documents_total": 1623,
  "convex_accepted_writes_since_watermark": 0,
  "report_path": "/Users/inference1/Projects/holocron/.tmp/D07-04/enable-writes-report.json"
}
@@GATE-EXIT=0@@
