
 RUN  v4.1.0 /Users/inference1/Projects/holocron/.kb-run-sprint/worktrees/GATE-FIX-S28R3-QA27

 ✓ |integration| services/platform/tests/integration/sprint28-s28r3-qa25-gate-fix.test.ts (15 tests) 194571ms
     ✓ reaches real fire-drill FD launcher + credentialed child; races; scans artifacts  193768ms
 ✓ |integration| services/platform/tests/integration/sprint28-s28r3-qa19-gate-fix.test.ts (26 tests) 71388ms
     ✓ provision dry-run baseline succeeds  4512ms
     ✓ fire-drill baseline reaches recorder with zero exit  4629ms
     ✓ provision mutate=stale fails at exact validator (not dependency)  3333ms
     ✓ fire-drill mutate=stale exact fail; no recorder side effects  3383ms
     ✓ provision mutate=future fails at exact validator (not dependency)  3436ms
     ✓ fire-drill mutate=future exact fail; no recorder side effects  3806ms
     ✓ provision mutate=wrong-tuple fails at exact validator (not dependency)  3605ms
     ✓ fire-drill mutate=wrong-tuple exact fail; no recorder side effects  3404ms
     ✓ provision mutate=wrong-context fails at exact validator (not dependency)  3387ms
     ✓ fire-drill mutate=wrong-context exact fail; no recorder side effects  3388ms
     ✓ provision mutate=malformed fails at exact validator (not dependency)  3342ms
     ✓ fire-drill mutate=malformed exact fail; no recorder side effects  3392ms
     ✓ provision mutate=wrong-producer fails at exact validator (not dependency)  3359ms
     ✓ fire-drill mutate=wrong-producer exact fail; no recorder side effects  3400ms
     ✓ symlink proof swap fails with no-follow/identity under correct tuple/context  2403ms
     ✓ parent-directory replacement fails FD/private-dir identity checks  2408ms
     ✓ fire-drill concurrent proof swap yields no recorder side effects  3357ms
     ✓ success + error paths for prove/provision/fire-drill leave no canaries in tree  12376ms
 ✓ |integration| services/platform/tests/integration/sprint28-s28r3-qa14-gate-fix.test.ts (28 tests) 63985ms
     ✓ forged PATH env/python3/aws never execute on harness prove (markers clean)  2235ms
     ✓ 404 out-of-prefix is refused (not treated as AccessDenied)  951ms
     ✓ broader out-of-prefix head success fails closed  1539ms
     ✓ empty env scope probe keys bind versioned/trusted keys under harness  2250ms
     ✓ successful harness proof binds scope probe keys into attestation  2239ms
     ✓ fire-drill baseline reaches recorder with zero exit  4542ms
     ✓ provision refuses mutate=stale at proof validation  3356ms
     ✓ fire-drill mutate=stale fails at proof validation (no recorder)  3395ms
     ✓ provision refuses mutate=future at proof validation  3360ms
     ✓ fire-drill mutate=future fails at proof validation (no recorder)  3385ms
     ✓ provision refuses mutate=wrong-tuple at proof validation  3359ms
     ✓ fire-drill mutate=wrong-tuple fails at proof validation (no recorder)  3398ms
     ✓ provision refuses mutate=malformed at proof validation  3360ms
     ✓ fire-drill mutate=malformed fails at proof validation (no recorder)  3405ms
     ✓ provision refuses mutate=wrong-producer at proof validation  3358ms
     ✓ fire-drill mutate=wrong-producer fails at proof validation (no recorder)  3406ms
     ✓ provision refuses mutate=wrong-context at proof validation  3349ms
     ✓ fire-drill mutate=wrong-context fails at proof validation (no recorder)  3395ms
     ✓ symlink proof path is rejected by validate  2392ms
     ✓ provider canary never appears in prove logs or proof JSON  3173ms
     ✓ proof-canary mutation is visible in proof JSON and fails validation  3378ms
 ✓ |integration| services/platform/tests/integration/sprint28-s28r3-qa13-gate-fix.test.ts (24 tests) 56313ms
     ✓ forged PATH aws never runs under production or harness (marker clean)  4575ms
     ✓ broader out-of-prefix head success fails closed at harness prove  1543ms
     ✓ provision refuses mutate=stale  3360ms
     ✓ fire-drill refuses mutate=stale  3408ms
     ✓ provision refuses mutate=future  3357ms
     ✓ fire-drill refuses mutate=future  3395ms
     ✓ provision refuses mutate=wrong-tuple  3352ms
     ✓ fire-drill refuses mutate=wrong-tuple  3398ms
     ✓ provision refuses mutate=malformed  3377ms
     ✓ fire-drill refuses mutate=malformed  3400ms
     ✓ provision refuses mutate=wrong-producer  3371ms
     ✓ fire-drill refuses mutate=wrong-producer  3386ms
     ✓ provision refuses mutate=wrong-context  3341ms
     ✓ fire-drill refuses mutate=wrong-context  3383ms
     ✓ aws canaries absent on success/error; recorder+parity clean  7847ms
     ✓ mint success/error canaries absent from logs (harness curl)  1237ms
 ✓ |integration| services/platform/tests/integration/sprint28-s28r3-qa4-gate-fix.test.ts (18 tests | 5 skipped) 47749ms
     ✓ H-1: NotAction Allow fails overall RESULT  9489ms
     ✓ H-1: NotResource Allow fails overall RESULT  9481ms
     ✓ H-1: s3:* Allow fails overall RESULT  9281ms
     ✓ H-1: separate Allow with PutObject fails overall RESULT  9690ms
     ✓ H-1: exact-only policy still PASSes r2_readonly axis  9680ms
 ✓ |integration| services/platform/tests/integration/sprint28-s28r3-qa12-gate-fix.test.ts (17 tests) 41120ms
     ✓ forged PATH aws is never executed when HOLO_TRUSTED_AWS_BIN is fixture  4549ms
     ✓ missing in-prefix object fails closed  2128ms
     ✓ failed in-prefix head fails closed  1913ms
     ✓ proof files are regular 0600 under .tmp/r2-ro-proofs (not symlink)  4580ms
     ✓ provision refuses HOLO_QA_PROOF_MUTATE=stale  3387ms
     ✓ provision refuses HOLO_QA_PROOF_MUTATE=future  3393ms
     ✓ provision refuses HOLO_QA_PROOF_MUTATE=wrong-tuple  3382ms
     ✓ provision refuses HOLO_QA_PROOF_MUTATE=malformed  3374ms
     ✓ provision refuses HOLO_QA_PROOF_MUTATE=wrong-producer  3356ms
     ✓ provision refuses HOLO_QA_PROOF_MUTATE=wrong-context  3361ms
     ✓ fire-drill refuses HOLO_QA_PROOF_MUTATE=wrong-tuple  3392ms
     ✓ aws canary_error never appears in prove logs  946ms
     ✓ aws success path never logs canary or secrets  2248ms
     ✓ mint error path never logs canaries  532ms
 ✓ |integration| services/platform/tests/integration/sprint28-s28r3-qa21-gate-fix.test.ts (15 tests) 40296ms
     ✓ shadowed date/mktemp/uuidgen do not run in credential-bearing helper path  2256ms
     ✓ gate-plan consumer path with hostile PATH still uses /bin/bash fixed shell  4564ms
     ✓ provision race swap=file fails identity/no-follow; no post-validation effects  3448ms
     ✓ fire-drill race swap=file fails identity; no recorder/report/attestation effects  3453ms
     ✓ provision race swap=parent fails identity/no-follow; no post-validation effects  3443ms
     ✓ fire-drill race swap=parent fails identity; no recorder/report/attestation effects  3487ms
     ✓ requires both consumer success + failure paths and scans raw artifacts  19178ms
 ✓ |integration| services/platform/tests/integration/sprint28-s28r3-qa5-gate-fix.test.ts (15 tests | 5 skipped) 38278ms
     ✓ H-1: mixed List+GetObject with both resource classes FAILs  9485ms
     ✓ H-1: ListBucket with only object ARN FAILs  9686ms
     ✓ H-1: GetObject with only bucket ARN FAILs  9266ms
     ✓ H-1: split two-Allow exact policy still PASSes r2_readonly  9671ms
 ✓ |integration| services/platform/tests/integration/sprint28-s28r3-qa27-gate-fix.test.ts (6 tests) 22641ms
     ✓ mutation commits after bound SHA are rejected; only exact evidence layout accepted  3656ms
     ✓ invokes real provision+fire-drill; failed provision with paths.txt is non-zero (no soft-pass)  10078ms
     ✓ runs real production provision cleanup path twice; zero QA27 namespace residue each time  7692ms
     ✓ consumer rejects missing/replaced/mismatched baseline, identities, and manifest links  1189ms
 ✓ |integration| services/platform/tests/integration/sprint28-s28r3-qa2-gate-fix.test.ts (20 tests | 6 skipped) 19619ms
     ✓ H2: prove-isolation rejects bare arn:aws:s3:::bucket/* object Resource  19573ms
 ✓ |integration| services/platform/tests/integration/sprint28-s28r3-qa3-gate-fix.test.ts (16 tests | 6 skipped) 19173ms
     ✓ H-1: prove-isolation rejects mixed exact+bare object resources (overall RESULT fail)  19163ms
 ✓ |integration| services/platform/tests/integration/sprint28-s28r3-qa10-gate-fix.test.ts (8 tests) 19597ms
     ✓ caller-forged HOLO_R2_RO_PROOF_PATH is never authoritative (fixed prover + PATH aws mock)  4707ms
     ✓ env R2_RESTORE_SESSION_TOKEN wins over file writer R2_SESSION_TOKEN and file restore token  4801ms
     ✓ file restore token used when env R2_RESTORE_SESSION_TOKEN unset (not writer R2_SESSION_TOKEN)  4693ms
     ✓ verify env restore token is not overwritten by file (env-over-file)  333ms
     ✓ canaries never appear in provision/fire-drill stdout for valid path  4644ms
 ✓ |integration| services/platform/tests/integration/sprint28-s28r3-qa9-gate-fix.test.ts (9 tests) 15361ms
     ✓ fire-drill: same parent AK without writer secret refused before docker  3387ms
     ✓ verify-restore-creds loads R2_RESTORE_SESSION_TOKEN from secrets and accepts CF shape  323ms
     ✓ provision REQUIRE_LIVE ignores caller-forged proof and succeeds via fixed prover + PATH aws mock  4561ms
     ✓ provision REQUIRE_LIVE fails when live prove fails (forged path cannot skip)  2130ms
     ✓ fire-drill maps session token into child (recorder must execute)  4547ms
 ✓ |integration| services/platform/tests/integration/sprint28-s28r3-qa11-gate-fix.test.ts (8 tests) 14045ms
     ✓ live path uses real prove-r2-readonly with PATH aws mock (producer fixed)  4564ms
     ✓ verify redacts token and fingerprints env restore token (not file)  321ms
     ✓ fire-drill child receives env restore token metadata only (status 0 + parity report)  4610ms
     ✓ tampered proof after prove fails context/tuple/mode checks via real consumer path  2464ms
     ✓ aws canary never appears in prove logs  953ms
     ✓ mint API error path never logs canary secrets  649ms
 ✓ |integration| services/platform/tests/integration/sprint28-s28r3-qa8-gate-fix.test.ts (11 tests) 11778ms
     ✓ RED→GREEN: same AK + distinct secret + session token is accepted (shape)  4559ms
     ✓ distinct AK still accepted without session token  4521ms
     ✓ same AK + distinct secret + session reaches live probe (not AK-only refuse)  2240ms
 ✓ |integration| services/platform/tests/integration/sprint28-s28r3-qa18-gate-fix.test.ts (7 tests) 11722ms
     ✓ prove (harness) never emits ambient canaries on success  2256ms
     ✓ provision (harness) never emits ambient canaries  4548ms
     ✓ fire-drill (harness) never emits ambient canaries on success path  4584ms
 ✓ |integration| services/platform/tests/integration/sprint28-s28r3-gate-bind.test.ts (8 tests) 9727ms
     ✓ AC-4: prove-isolation with REQUIRE_LIVE_R2_RO=1 + placeholders → non-zero + DEPENDENCY-S28-R2-RO  9673ms
 ✓ |integration| services/platform/tests/integration/sprint28-s28r3-qa24-gate-fix.test.ts (12 tests) 6236ms
     ✓ mint canary: observes real mint child argv — token never appears  885ms
     ✓ production fire-drill / r2_ro_run_provider boundary with canaries — no exclusions scan  3128ms
     ✓ production r2_ro_validate_proof fails closed on proof-file and parent-dir symlink races  1565ms
 ✓ |integration| services/platform/tests/integration/sprint28-s28r3-qa16-gate-fix.test.ts (9 tests) 4850ms
     ✓ production binds versioned keys when env probe keys are unset  1185ms
     ✓ harness still allows fixture keys under mock mode only  2243ms
 ✓ |integration| services/platform/tests/integration/sprint28-fresh-target-creds.test.ts (7 tests) 3742ms
     ✓ H3 AC-2: dry-run may write placeholders without ambient RW substitution  1242ms
     ✓ H3 AC-2b: distinct R2_RESTORE_* written when provided (dry-run)  1246ms
     ✓ H3: ALLOW_PLACEHOLDER_R2_RO=1 allows live-shape provision without R2_RESTORE_*  1236ms
 ✓ |integration| services/platform/tests/integration/sprint28-s28r3-qa23-gate-fix.test.ts (10 tests) 3293ms
     ✓ r2_ro_exec_isolated production path: canaries never appear on launcher argv  509ms
     ✓ fingerprint path: r2_ro_tuple_fp16 canaries never appear on python argv  1738ms
     ✓ fire-drill production child launch path: dynamic canary (shared exec-env-from-fd)  678ms
 ✓ |integration| services/platform/tests/integration/sprint28-s28r3-qa22-gate-fix.test.ts (8 tests) 3056ms
     ✓ executes credential-ambient gate fragment with shadow utils — no shadow markers  2276ms
 ✓ |integration| services/platform/tests/integration/sprint28-s28r3-qa17-gate-fix.test.ts (13 tests) 2868ms
     ✓ harness prove succeeds with mock provider  2255ms
 ✓ |integration| services/platform/tests/integration/sprint28-s28r3-qa26-gate-fix.test.ts (7 tests) 1879ms
     ✓ real TypeScript resolvers refuse hostile absolute overrides before credentials ambient  398ms
     ✓ consumer validates committed bundle read-only; mutations on disposable copies are rejected  440ms
     ✓ second provision+cleanup leaves zero QA26-namespace docker resources  864ms
 ✓ |integration| services/platform/tests/integration/sprint28-fire-drill-baseline-consume.test.ts (3 tests) 1276ms
     ✓ runFireDrill fails closed without R2 baseline  975ms
 ✓ |integration| services/platform/tests/integration/sprint28-s28r3-qa6-gate-fix.test.ts (13 tests | 1 skipped) 115ms
 ✓ |integration| services/platform/tests/integration/sprint28-capability-inventory.test.ts (3 tests) 288ms
 ✓ |integration| services/platform/tests/integration/sprint28-gate-fix-qa1.test.ts (14 tests | 1 skipped) 106ms
 ✓ |integration| services/platform/tests/integration/sprint28-fresh-target-fire-drill.test.ts (5 tests | 1 skipped) 33ms
 ✓ |integration| services/platform/tests/integration/sprint28-s28r3-qa1-gate-fix.test.ts (8 tests | 1 skipped) 12ms
 ✓ |integration| services/platform/tests/integration/sprint28-gate-fix-qa3.test.ts (10 tests | 1 skipped) 13ms
 ✓ |integration| services/platform/tests/integration/sprint28-fire-drill-mission-contract.test.ts (6 tests | 3 skipped) 5ms
 ✓ |integration| services/platform/tests/integration/sprint28-gate-fix-qa2.test.ts (6 tests | 3 skipped) 4ms
 ✓ |integration| services/platform/tests/integration/sprint28-recovery-baseline.test.ts (8 tests | 5 skipped) 4ms
 ↓ |integration| services/platform/tests/integration/sprint28-human-gate-oracles.test.ts (5 tests | 5 skipped)
 ↓ |integration| services/platform/tests/integration/sprint28-pitr-recovery-contract.test.ts (9 tests | 9 skipped)
 ↓ |integration| services/platform/tests/integration/sprint28-restore-fails-closed.test.ts (4 tests | 4 skipped)

 Test Files  34 passed | 3 skipped (37)
      Tests  355 passed | 56 skipped (411)
   Start at  10:20:39
   Duration  732.55s (transform 583ms, setup 1.73s, import 2.45s, tests 725.14s, environment 1ms)
