
 RUN  v4.1.0 /Users/inference1/Projects/holocron/.kb-run-sprint/worktrees/GATE-FIX-S28R3-QA27

 ✓ |integration| services/platform/tests/integration/sprint28-s28r3-qa25-gate-fix.test.ts (15 tests) 192028ms
     ✓ reaches real fire-drill FD launcher + credentialed child; races; scans artifacts  191213ms
 ✓ |integration| services/platform/tests/integration/sprint28-s28r3-qa19-gate-fix.test.ts (26 tests) 70866ms
     ✓ provision dry-run baseline succeeds  4545ms
     ✓ fire-drill baseline reaches recorder with zero exit  4738ms
     ✓ provision mutate=stale fails at exact validator (not dependency)  3351ms
     ✓ fire-drill mutate=stale exact fail; no recorder side effects  3397ms
     ✓ provision mutate=future fails at exact validator (not dependency)  3352ms
     ✓ fire-drill mutate=future exact fail; no recorder side effects  3388ms
     ✓ provision mutate=wrong-tuple fails at exact validator (not dependency)  3358ms
     ✓ fire-drill mutate=wrong-tuple exact fail; no recorder side effects  3385ms
     ✓ provision mutate=wrong-context fails at exact validator (not dependency)  3355ms
     ✓ fire-drill mutate=wrong-context exact fail; no recorder side effects  3399ms
     ✓ provision mutate=malformed fails at exact validator (not dependency)  3365ms
     ✓ fire-drill mutate=malformed exact fail; no recorder side effects  3384ms
     ✓ provision mutate=wrong-producer fails at exact validator (not dependency)  3360ms
     ✓ fire-drill mutate=wrong-producer exact fail; no recorder side effects  3399ms
     ✓ symlink proof swap fails with no-follow/identity under correct tuple/context  2396ms
     ✓ parent-directory replacement fails FD/private-dir identity checks  2397ms
     ✓ fire-drill concurrent proof swap yields no recorder side effects  3376ms
     ✓ success + error paths for prove/provision/fire-drill leave no canaries in tree  12434ms
 ✓ |integration| services/platform/tests/integration/sprint28-s28r3-qa14-gate-fix.test.ts (28 tests) 64101ms
     ✓ forged PATH env/python3/aws never execute on harness prove (markers clean)  2243ms
     ✓ 404 out-of-prefix is refused (not treated as AccessDenied)  943ms
     ✓ broader out-of-prefix head success fails closed  1542ms
     ✓ empty env scope probe keys bind versioned/trusted keys under harness  2260ms
     ✓ successful harness proof binds scope probe keys into attestation  2250ms
     ✓ fire-drill baseline reaches recorder with zero exit  4533ms
     ✓ provision refuses mutate=stale at proof validation  3384ms
     ✓ fire-drill mutate=stale fails at proof validation (no recorder)  3434ms
     ✓ provision refuses mutate=future at proof validation  3367ms
     ✓ fire-drill mutate=future fails at proof validation (no recorder)  3417ms
     ✓ provision refuses mutate=wrong-tuple at proof validation  3353ms
     ✓ fire-drill mutate=wrong-tuple fails at proof validation (no recorder)  3387ms
     ✓ provision refuses mutate=malformed at proof validation  3349ms
     ✓ fire-drill mutate=malformed fails at proof validation (no recorder)  3393ms
     ✓ provision refuses mutate=wrong-producer at proof validation  3371ms
     ✓ fire-drill mutate=wrong-producer fails at proof validation (no recorder)  3395ms
     ✓ provision refuses mutate=wrong-context at proof validation  3373ms
     ✓ fire-drill mutate=wrong-context fails at proof validation (no recorder)  3391ms
     ✓ symlink proof path is rejected by validate  2411ms
     ✓ provider canary never appears in prove logs or proof JSON  3178ms
     ✓ proof-canary mutation is visible in proof JSON and fails validation  3369ms
 ✓ |integration| services/platform/tests/integration/sprint28-s28r3-qa13-gate-fix.test.ts (24 tests) 56131ms
     ✓ forged PATH aws never runs under production or harness (marker clean)  4577ms
     ✓ broader out-of-prefix head success fails closed at harness prove  1548ms
     ✓ provision refuses mutate=stale  3365ms
     ✓ fire-drill refuses mutate=stale  3410ms
     ✓ provision refuses mutate=future  3373ms
     ✓ fire-drill refuses mutate=future  3405ms
     ✓ provision refuses mutate=wrong-tuple  3391ms
     ✓ fire-drill refuses mutate=wrong-tuple  3392ms
     ✓ provision refuses mutate=malformed  3358ms
     ✓ fire-drill refuses mutate=malformed  3378ms
     ✓ provision refuses mutate=wrong-producer  3357ms
     ✓ fire-drill refuses mutate=wrong-producer  3395ms
     ✓ provision refuses mutate=wrong-context  3355ms
     ✓ fire-drill refuses mutate=wrong-context  3403ms
     ✓ aws canaries absent on success/error; recorder+parity clean  7698ms
     ✓ mint success/error canaries absent from logs (harness curl)  1132ms
 ✓ |integration| services/platform/tests/integration/sprint28-s28r3-qa4-gate-fix.test.ts (18 tests | 5 skipped) 47736ms
     ✓ H-1: NotAction Allow fails overall RESULT  9468ms
     ✓ H-1: NotResource Allow fails overall RESULT  9461ms
     ✓ H-1: s3:* Allow fails overall RESULT  9738ms
     ✓ H-1: separate Allow with PutObject fails overall RESULT  9466ms
     ✓ H-1: exact-only policy still PASSes r2_readonly axis  9475ms
 ✓ |integration| services/platform/tests/integration/sprint28-s28r3-qa12-gate-fix.test.ts (17 tests) 42042ms
     ✓ forged PATH aws is never executed when HOLO_TRUSTED_AWS_BIN is fixture  4595ms
     ✓ missing in-prefix object fails closed  2153ms
     ✓ failed in-prefix head fails closed  1912ms
     ✓ proof files are regular 0600 under .tmp/r2-ro-proofs (not symlink)  4964ms
     ✓ provision refuses HOLO_QA_PROOF_MUTATE=stale  3783ms
     ✓ provision refuses HOLO_QA_PROOF_MUTATE=future  3407ms
     ✓ provision refuses HOLO_QA_PROOF_MUTATE=wrong-tuple  3368ms
     ✓ provision refuses HOLO_QA_PROOF_MUTATE=malformed  3368ms
     ✓ provision refuses HOLO_QA_PROOF_MUTATE=wrong-producer  3368ms
     ✓ provision refuses HOLO_QA_PROOF_MUTATE=wrong-context  3357ms
     ✓ fire-drill refuses HOLO_QA_PROOF_MUTATE=wrong-tuple  3439ms
     ✓ aws canary_error never appears in prove logs  939ms
     ✓ aws success path never logs canary or secrets  2246ms
     ✓ mint error path never logs canaries  558ms
 ✓ |integration| services/platform/tests/integration/sprint28-s28r3-qa21-gate-fix.test.ts (15 tests) 40268ms
     ✓ shadowed date/mktemp/uuidgen do not run in credential-bearing helper path  2235ms
     ✓ gate-plan consumer path with hostile PATH still uses /bin/bash fixed shell  4549ms
     ✓ provision race swap=file fails identity/no-follow; no post-validation effects  3420ms
     ✓ fire-drill race swap=file fails identity; no recorder/report/attestation effects  3450ms
     ✓ provision race swap=parent fails identity/no-follow; no post-validation effects  3439ms
     ✓ fire-drill race swap=parent fails identity; no recorder/report/attestation effects  3492ms
     ✓ requires both consumer success + failure paths and scans raw artifacts  19220ms
 ✓ |integration| services/platform/tests/integration/sprint28-s28r3-qa5-gate-fix.test.ts (15 tests | 5 skipped) 38964ms
     ✓ H-1: mixed List+GetObject with both resource classes FAILs  9267ms
     ✓ H-1: ListBucket with only object ARN FAILs  9873ms
     ✓ H-1: GetObject with only bucket ARN FAILs  10153ms
     ✓ H-1: split two-Allow exact policy still PASSes r2_readonly  9503ms
 ✓ |integration| services/platform/tests/integration/sprint28-s28r3-qa27-gate-fix.test.ts (6 tests) 21847ms
     ✓ mutation commits after bound SHA are rejected; only exact evidence layout accepted  3115ms
     ✓ invokes real provision+fire-drill; failed provision with paths.txt is non-zero (no soft-pass)  9836ms
     ✓ runs real production provision cleanup path twice; zero QA27 namespace residue each time  7676ms
     ✓ consumer rejects missing/replaced/mismatched baseline, identities, and manifest links  1194ms
 ✓ |integration| services/platform/tests/integration/sprint28-s28r3-qa2-gate-fix.test.ts (20 tests | 6 skipped) 19070ms
     ✓ H2: prove-isolation rejects bare arn:aws:s3:::bucket/* object Resource  19024ms
 ✓ |integration| services/platform/tests/integration/sprint28-s28r3-qa10-gate-fix.test.ts (8 tests) 18779ms
     ✓ caller-forged HOLO_R2_RO_PROOF_PATH is never authoritative (fixed prover + PATH aws mock)  4544ms
     ✓ env R2_RESTORE_SESSION_TOKEN wins over file writer R2_SESSION_TOKEN and file restore token  4551ms
     ✓ file restore token used when env R2_RESTORE_SESSION_TOKEN unset (not writer R2_SESSION_TOKEN)  4394ms
     ✓ verify env restore token is not overwritten by file (env-over-file)  324ms
     ✓ canaries never appear in provision/fire-drill stdout for valid path  4570ms
 ✓ |integration| services/platform/tests/integration/sprint28-s28r3-qa3-gate-fix.test.ts (16 tests | 6 skipped) 19174ms
     ✓ H-1: prove-isolation rejects mixed exact+bare object resources (overall RESULT fail)  19164ms
 ✓ |integration| services/platform/tests/integration/sprint28-s28r3-qa9-gate-fix.test.ts (9 tests) 15306ms
     ✓ fire-drill: same parent AK without writer secret refused before docker  3391ms
     ✓ verify-restore-creds loads R2_RESTORE_SESSION_TOKEN from secrets and accepts CF shape  321ms
     ✓ provision REQUIRE_LIVE ignores caller-forged proof and succeeds via fixed prover + PATH aws mock  4571ms
     ✓ provision REQUIRE_LIVE fails when live prove fails (forged path cannot skip)  2142ms
     ✓ fire-drill maps session token into child (recorder must execute)  4472ms
 ✓ |integration| services/platform/tests/integration/sprint28-s28r3-qa11-gate-fix.test.ts (8 tests) 13759ms
     ✓ live path uses real prove-r2-readonly with PATH aws mock (producer fixed)  4559ms
     ✓ verify redacts token and fingerprints env restore token (not file)  326ms
     ✓ fire-drill child receives env restore token metadata only (status 0 + parity report)  4387ms
     ✓ tampered proof after prove fails context/tuple/mode checks via real consumer path  2451ms
     ✓ aws canary never appears in prove logs  939ms
     ✓ mint API error path never logs canary secrets  594ms
 ✓ |integration| services/platform/tests/integration/sprint28-s28r3-qa8-gate-fix.test.ts (11 tests) 11778ms
     ✓ RED→GREEN: same AK + distinct secret + session token is accepted (shape)  4555ms
     ✓ distinct AK still accepted without session token  4517ms
     ✓ same AK + distinct secret + session reaches live probe (not AK-only refuse)  2251ms
 ✓ |integration| services/platform/tests/integration/sprint28-s28r3-qa18-gate-fix.test.ts (7 tests) 11592ms
     ✓ prove (harness) never emits ambient canaries on success  2243ms
     ✓ provision (harness) never emits ambient canaries  4589ms
     ✓ fire-drill (harness) never emits ambient canaries on success path  4426ms
 ✓ |integration| services/platform/tests/integration/sprint28-s28r3-gate-bind.test.ts (8 tests) 9326ms
     ✓ AC-4: prove-isolation with REQUIRE_LIVE_R2_RO=1 + placeholders → non-zero + DEPENDENCY-S28-R2-RO  9276ms
 ✓ |integration| services/platform/tests/integration/sprint28-s28r3-qa24-gate-fix.test.ts (12 tests) 6188ms
     ✓ mint canary: observes real mint child argv — token never appears  892ms
     ✓ production fire-drill / r2_ro_run_provider boundary with canaries — no exclusions scan  3115ms
     ✓ production r2_ro_validate_proof fails closed on proof-file and parent-dir symlink races  1551ms
 ✓ |integration| services/platform/tests/integration/sprint28-s28r3-qa16-gate-fix.test.ts (9 tests) 4972ms
     ✓ production binds versioned keys when env probe keys are unset  1282ms
     ✓ harness still allows fixture keys under mock mode only  2248ms
 ✓ |integration| services/platform/tests/integration/sprint28-fresh-target-creds.test.ts (7 tests) 3773ms
     ✓ H3 AC-2: dry-run may write placeholders without ambient RW substitution  1244ms
     ✓ H3 AC-2b: distinct R2_RESTORE_* written when provided (dry-run)  1267ms
     ✓ H3: ALLOW_PLACEHOLDER_R2_RO=1 allows live-shape provision without R2_RESTORE_*  1245ms
 ✓ |integration| services/platform/tests/integration/sprint28-s28r3-qa23-gate-fix.test.ts (10 tests) 3323ms
     ✓ r2_ro_exec_isolated production path: canaries never appear on launcher argv  521ms
     ✓ fingerprint path: r2_ro_tuple_fp16 canaries never appear on python argv  1756ms
     ✓ fire-drill production child launch path: dynamic canary (shared exec-env-from-fd)  682ms
 ✓ |integration| services/platform/tests/integration/sprint28-s28r3-qa22-gate-fix.test.ts (8 tests) 3031ms
     ✓ executes credential-ambient gate fragment with shadow utils — no shadow markers  2250ms
 ✓ |integration| services/platform/tests/integration/sprint28-s28r3-qa17-gate-fix.test.ts (13 tests) 2853ms
     ✓ harness prove succeeds with mock provider  2245ms
 ✓ |integration| services/platform/tests/integration/sprint28-s28r3-qa26-gate-fix.test.ts (7 tests) 1686ms
     ✓ real TypeScript resolvers refuse hostile absolute overrides before credentials ambient  330ms
     ✓ consumer validates committed bundle read-only; mutations on disposable copies are rejected  421ms
     ✓ second provision+cleanup leaves zero QA26-namespace docker resources  786ms
 ✓ |integration| services/platform/tests/integration/sprint28-fire-drill-baseline-consume.test.ts (3 tests) 1174ms
     ✓ runFireDrill fails closed without R2 baseline  879ms
 ✓ |integration| services/platform/tests/integration/sprint28-capability-inventory.test.ts (3 tests) 144ms
 ✓ |integration| services/platform/tests/integration/sprint28-s28r3-qa6-gate-fix.test.ts (13 tests | 1 skipped) 115ms
 ✓ |integration| services/platform/tests/integration/sprint28-gate-fix-qa1.test.ts (14 tests | 1 skipped) 107ms
 ✓ |integration| services/platform/tests/integration/sprint28-fresh-target-fire-drill.test.ts (5 tests | 1 skipped) 32ms
 ✓ |integration| services/platform/tests/integration/sprint28-gate-fix-qa3.test.ts (10 tests | 1 skipped) 6ms
 ✓ |integration| services/platform/tests/integration/sprint28-s28r3-qa1-gate-fix.test.ts (8 tests | 1 skipped) 12ms
 ✓ |integration| services/platform/tests/integration/sprint28-fire-drill-mission-contract.test.ts (6 tests | 3 skipped) 5ms
 ✓ |integration| services/platform/tests/integration/sprint28-gate-fix-qa2.test.ts (6 tests | 3 skipped) 4ms
 ✓ |integration| services/platform/tests/integration/sprint28-recovery-baseline.test.ts (8 tests | 5 skipped) 3ms
 ↓ |integration| services/platform/tests/integration/sprint28-human-gate-oracles.test.ts (5 tests | 5 skipped)
 ↓ |integration| services/platform/tests/integration/sprint28-pitr-recovery-contract.test.ts (9 tests | 9 skipped)
 ↓ |integration| services/platform/tests/integration/sprint28-restore-fails-closed.test.ts (4 tests | 4 skipped)

 Test Files  34 passed | 3 skipped (37)
      Tests  355 passed | 56 skipped (411)
   Start at  10:32:56
   Duration  727.29s (transform 553ms, setup 1.65s, import 2.26s, tests 720.19s, environment 2ms)
