Starting Mastra service on :4111
Listening on :4111
  health:  http://127.0.0.1:4111/health
  storage: PostgresStore → postgres://mortal_context:mortal_context_dev@localhost:5432/mortal_context
  mastra:  single composition root (agents/workflows deferred to later tasks)
Storage init failed; will retry on next storage call {
  error: 125 |     const error = originalError ? getErrorFromUnknown(originalError, {
126 |       serializeStack: false,
127 |       fallbackMessage: "Unknown error"
128 |     }) : void 0;
129 |     const message = errorDefinition.text ?? error?.message ?? "Unknown error";
130 |     super(message, { cause: error });
          ^
error: role "mortal_context" does not exist
       id: "MASTRA_STORAGE_PG_INIT_FAILED",
   domain: "STORAGE",
 category: "THIRD_PARTY",
  details: [Object ...],

      at new MastraBaseError (/Users/justinrich/Projects/holocron/.kb-run-sprint/worktrees/service-3/services/platform/node_modules/@mastra/core/dist/chunk-M7RBQNFP.js:130:5)
      at new MastraError (1:23)
      at #runPinnedInit (/Users/justinrich/Projects/holocron/.kb-run-sprint/worktrees/service-3/services/platform/node_modules/@mastra/pg/dist/index.js:20288:13)

40 |     res = resolve
41 |     rej = reject
42 |   }).catch((err) => {
43 |     // replace the stack trace that leads to `TCP.onStreamRead` with one that leads back to the
44 |     // application that created the query
45 |     Error.captureStackTrace(err)
               ^
error: role "mortal_context" does not exist
     length: 106,
   severity: "FATAL",
     detail: undefined,
       hint: undefined,
   position: undefined,
 internalPosition: undefined,
 internalQuery: undefined,
      where: undefined,
     schema: undefined,
      table: undefined,
   dataType: undefined,
 constraint: undefined,
       file: "miscinit.c",
    routine: "InitializeSessionUserId",
       code: "28000"

      at <anonymous> (/Users/justinrich/Projects/holocron/.kb-run-sprint/worktrees/service-3/services/platform/node_modules/pg-pool/index.js:45:11)
,
}
[mastra-service] storage/async error (server stays up for /health): role "mortal_context" does not exist
[mastra-service] storage/async error (server stays up for /health): role "mortal_context" does not exist
[mastra-service] storage/async error (server stays up for /health): role "mortal_context" does not exist
