@@GATE-META step=4 cmd_sha=866ce03286bc80c45523d3470be8a087663de8a6389af57327ad0484a5b83cba run_id=20260807T113518Z git_sha=74c3846c3f0ca335ec4bd8ebdf8691f4d0517bc8 source_sha=74c3846c3f0ca335ec4bd8ebdf8691f4d0517bc8 started_at=2026-08-07T11:35:53Z deployed_base_url=http://127.0.0.1:44121 sourceRevision=74c3846c3f0ca335ec4bd8ebdf8691f4d0517bc8@@
CMD: bun services/platform/src/cli/holo.ts cutover:enable-writes --json --base-url ${HOLO_VERIFY_BASE_URL:?set HOLO_VERIFY_BASE_URL}
{
  "ok": true,
  "already_recorded": false,
  "ponr_id": "894409c7-0949-4688-9e6e-f18e2a345563",
  "write_row_id": "74f605bf-be0b-4035-8eb8-ca3324863533",
  "write_row_digest_sha256": "028ec57e66bb874f9281ffd945961da3c31fa28f5acb361491faed6f72ceee7d",
  "write_surface": "hono.POST /api/documents",
  "write_table": "documents",
  "fence_lifted_at": "2026-08-07T11:35:59.546Z",
  "write_committed_at": "2026-08-07T11:35:59.554Z",
  "base_url": "http://127.0.0.1:44121",
  "export_watermark_ms": 1786100161180,
  "convex_fence_audit_id": "vn750swtvq28332gb4xm67qgc98bxkst",
  "convex_documents_total": 1623,
  "convex_accepted_writes_since_watermark": 0,
  "report_path": "/Users/inference1/Projects/holocron/.tmp/D07-04/enable-writes-report.json"
}
@@GATE-EXIT=0@@
