@@GATE-META step=3 cmd_sha=7f93a72ada86382b0567a6ab24cca9c6480a48ecae7d906757b7d2770b97d38b@@
CMD: bun services/platform/src/cli/holo.ts backup:mirror
holo backup:mirror — restic blob mirror + SHA-256 parity (D04-04)
  ok:              true
  bucket:          holocron-backup
  restic_prefix:   restic (pgbackrest=pgbackrest, separate=true)
  repository:      s3:https://d5110b1895ee190e145c0c8756f49879.r2.cloudflarestorage.com/holocron-backup/restic
  encrypted:       true (plaintext=false)
  blob_root:       /Users/inference1/Projects/holocron/.tmp/holocron-blobs
  backup_exit:     0
  check_exit:      0 (restic check --read-data)
  snapshots:       9
  snapshot_id:     a528291892d8b91d6ea206bddbba3398f429f7e1e042535163bd916b94129d55
  object_count:    11
  parity:          PASS (local=11 remote=11)
  heartbeat:       upserted
  span:            backup:restic_blob_mirror trace_id=9e366e0012fd004b…
  RESTIC_PASSWORD: in secrets store
  duration_ms:     8030
@@GATE-EXIT=0@@
