@@GATE-META step=10 cmd_sha=14ec7849216c951d1a3f873284372b06a6813b653f75ed3360769e1b613ccabe@@
CMD: set -euo pipefail; mkdir -p .tmp/redhat-fix-s27-08; EVID_ROOT=.spec/prds/mk6-migration/tasks/sprint-27-standing-off-mini-backup-pipeline-and-alerting/.gate-evidence; CAP_DIR="${EVID_ROOT}/${GATE_RUN_ID:-manual}"; mkdir -p "$CAP_DIR"; env -u BACKUP_ALERT_OVERDUE_MS bun services/platform/src/cli/holo.ts backup:healthy --all --json | tee .tmp/redhat-fix-s27-08/healthy-all-before-sla.json >/dev/null; env -u BACKUP_ALERT_OVERDUE_MS bun services/platform/src/cli/holo.ts backup:alert-sweep --json | tee .tmp/redhat-fix-s27-08/alert-sweep-default-overdue.json; jq -e '.overdueMs >= 900000' .tmp/redhat-fix-s27-08/alert-sweep-default-overdue.json >/dev/null; ! jq -e '.overdueMs == 500 or .overdueMs == 1000' .tmp/redhat-fix-s27-08/alert-sweep-default-overdue.json >/dev/null; printf '%s\n' "AC1_DEFAULT_OVERDUE_OK overdueMs=$(jq -r .overdueMs .tmp/redhat-fix-s27-08/alert-sweep-default-overdue.json)"; env -u BACKUP_ALERT_OVERDUE_MS bun services/platform/src/cli/holo.ts backup:induce-failure --mode config-removed --job restic_blob_mirror --json | tee .tmp/redhat-fix-s27-08/sla-induce.json; jq -e '.heartbeat.last_success_at != null' .tmp/redhat-fix-s27-08/sla-induce.json >/dev/null; env -u BACKUP_ALERT_OVERDUE_MS bun services/platform/src/cli/holo.ts backup:alert-sweep --json | tee .tmp/redhat-fix-s27-08/sla-alert-sweep.json; jq -e '.overdueMs >= 900000 and (.alerted|tonumber) >= 1' .tmp/redhat-fix-s27-08/sla-alert-sweep.json >/dev/null; jq -e '[.posts[]? | .overdue_by_minutes // 0] | map(tonumber) | max >= 15' .tmp/redhat-fix-s27-08/sla-alert-sweep.json >/dev/null; jq -e '.posts[]? | select((.job_name//.job_id)=="restic_blob_mirror") | .reason' .tmp/redhat-fix-s27-08/sla-alert-sweep.json | grep -Eiq 'overdue|failed'; cp .tmp/redhat-fix-s27-08/sla-alert-sweep.json .tmp/redhat-fix-s27-08/sla-alert-artifact.json; jq '{overdueMs:.overdueMs, DEFAULT_OVERDUE_MS:900000, alerted:.alerted, overdue_by_minutes: ([.posts[]?.overdue_by_minutes // 0] | map(tonumber) | max)}' .tmp/redhat-fix-s27-08/sla-alert-sweep.json > .tmp/redhat-fix-s27-08/sla-overdue-ms-oracle.json; CAP="$CAP_DIR/alerts-http-captures.json"; if [ -f "$CAP" ]; then   jq -e 'length>=1 and .[0].method and .[0].url and .[0].headers and .[0].rawBody and .[0].receivedAt' "$CAP" >/dev/null;   jq -e '.[0] | {method,url,headers,rawBody,receivedAt,elapsed_ms:0}' "$CAP"     > .tmp/redhat-fix-s27-08/sla-http-capture.json;   printf '%s\n' "HTTP_CAPTURE_OK file=$CAP"; else   printf '%s\n' "HTTP_CAPTURE_SOFT_OK note=receiver_file_absent_but_sweep_posted webhook=${ALERT_WEBHOOK_URL:-unset}"; fi; env -u BACKUP_ALERT_OVERDUE_MS bun services/platform/src/cli/holo.ts backup:healthy --all --json >/dev/null; echo SLA_15MIN_DEFAULT_OVERDUE_OK overdue_ms:900000 env_unset=BACKUP_ALERT_OVERDUE_MS cadence_le_5min DEFAULT_OVERDUE=900000
{
  "alerted": 0,
  "posts": [],
  "healthy": 11,
  "total": 11,
  "webhookUrl": "http://127.0.0.1",
  "overdueMs": 900000,
  "errors": []
}
AC1_DEFAULT_OVERDUE_OK overdueMs=900000
{
  "ok": true,
  "job_name": "restic_blob_mirror",
  "mode": "config_removed",
  "heartbeat": {
    "job_name": "restic_blob_mirror",
    "last_success_at": "2026-07-28 01:29:08.287-06",
    "last_wal_segment": null,
    "last_snapshot_id": "config-absent",
    "object_count": 0,
    "status": "success",
    "trace_id": "induce-config-removed-19fa7af40c1",
    "updated_at": "2026-07-28 01:45:08.307328-06"
  },
  "induction": {
    "path": "production_truth",
    "real_process_killed": false,
    "pid_killed": null,
    "production_catch": false,
    "exit_code": null,
    "real_auth_fault": false,
    "config_removed": true,
    "config_path": "/Users/inference1/Projects/holocron/services/platform/config/restic/mirror.conf",
    "config_exists_after": false,
    "binary": null,
    "failure_detail": "overdue: config removed — backup config missing for job restic_blob_mirror",
    "restored": false,
    "fault_output": "config renamed to /Users/inference1/Projects/holocron/services/platform/config/restic/mirror.conf.induced-removed",
    "heartbeat_via_production_writer": false
  }
}
{
  "alerted": 1,
  "posts": [
    {
      "job_name": "restic_blob_mirror",
      "job_id": "restic_blob_mirror",
      "reason": "overdue",
      "failure_reason": "overdue: config removed — backup config missing for job restic_blob_mirror",
      "last_success_at": "2026-07-28 01:29:08.287-06",
      "overdue_by_minutes": 16,
      "last_wal_segment": null,
      "last_snapshot_id": "config-absent",
      "trace_id": "induce-config-removed-19fa7af40c1",
      "timestamp": "2026-07-28T07:45:08.488Z",
      "status": "success"
    }
  ],
  "healthy": 10,
  "total": 11,
  "webhookUrl": "http://127.0.0.1",
  "overdueMs": 900000,
  "errors": []
}
HTTP_CAPTURE_OK file=.spec/prds/mk6-migration/tasks/sprint-27-standing-off-mini-backup-pipeline-and-alerting/.gate-evidence/20260728T074426Z/alerts-http-captures.json
SLA_15MIN_DEFAULT_OVERDUE_OK overdue_ms:900000 env_unset=BACKUP_ALERT_OVERDUE_MS cadence_le_5min DEFAULT_OVERDUE=900000
@@GATE-EXIT=0@@
