
 RUN  v4.1.0 /Users/inference1/Projects/holocron

 ❯ tests/integration/s-reactive-01-resumable-sse.test.ts (31 tests | 1 failed | 30 skipped) 42ms
       × GATE-FIX-02: two-conversation module handoff isolation keeps conv-B idle and preserves conv-A handoff 41ms

⎯⎯⎯⎯⎯⎯⎯ Failed Tests 1 ⎯⎯⎯⎯⎯⎯⎯

 FAIL  tests/integration/s-reactive-01-resumable-sse.test.ts > S-REACTIVE-01 resumable SSE client contracts > pure token assembly — zero duplicates (AC-2 / AC-4) > GATE-FIX-02: two-conversation module handoff isolation keeps conv-B idle and preserves conv-A handoff
AssertionError: expected undefined to be 'conv-A' // Object.is equality

- Expected:
"conv-A"

+ Received:
undefined

 ❯ tests/integration/s-reactive-01-resumable-sse.test.ts:427:39
    425|       } & ReturnType<typeof mod.getModuleStreamHandoff>) | null;
    426|       expect(storedA).not.toBeNull();
    427|       expect(storedA?.conversationId).toBe('conv-A');
       |                                       ^
    428|       expect(storedA?.text).toContain('REPLY-FROM-A');
    429|

⎯⎯⎯⎯⎯⎯⎯⎯⎯⎯⎯⎯⎯⎯⎯⎯⎯⎯⎯⎯⎯⎯⎯⎯[1/1]⎯


 Test Files  1 failed (1)
      Tests  1 failed | 30 skipped (31)
   Start at  09:23:56
   Duration  295ms (transform 80ms, setup 144ms, import 9ms, tests 42ms, environment 0ms)
