
 RUN  v4.1.0 /Users/inference1/Projects/holocron/.kb-run-sprint/worktrees/REDHAT-FIX-02

 ❯ services/platform/tests/integration/redhat-fix-02-research-iteration-writer.test.ts (5 tests | 5 failed) 26ms
       × advances seeded session 1→2→3 via production module (not advance-server.py) 3ms
       × path.json records A or B 0ms
       × PATH-A production write site count >= 1 for current_iteration 17ms
       × unknown session yields structured error (ok:false) 3ms
       × over-max iteration yields bounds/iteration error 1ms

⎯⎯⎯⎯⎯⎯⎯ Failed Tests 5 ⎯⎯⎯⎯⎯⎯⎯

 FAIL  services/platform/tests/integration/redhat-fix-02-research-iteration-writer.test.ts > REDHAT-FIX-02 research_sessions.current_iteration production writer > AC-1: PATH-A production writer advances 1→3 > advances seeded session 1→2→3 via production module (not advance-server.py)
AssertionError: PATH-A requires services/platform/src/research/progress.ts: expected false to be true // Object.is equality

- Expected
+ Received

- true
+ false

 ❯ services/platform/tests/integration/redhat-fix-02-research-iteration-writer.test.ts:175:9
    173|         existsSync(PROGRESS_SRC),
    174|         'PATH-A requires services/platform/src/research/progress.ts'
    175|       ).toBe(true);
       |         ^
    176|
    177|       // Dynamic import so RED fails cleanly when module is missing

⎯⎯⎯⎯⎯⎯⎯⎯⎯⎯⎯⎯⎯⎯⎯⎯⎯⎯⎯⎯⎯⎯⎯⎯[1/5]⎯

 FAIL  services/platform/tests/integration/redhat-fix-02-research-iteration-writer.test.ts > REDHAT-FIX-02 research_sessions.current_iteration production writer > AC-1: PATH-A production writer advances 1→3 > path.json records A or B
AssertionError: .tmp/sprint-25/redhat-fix-02-path.json must exist: expected false to be true // Object.is equality

- Expected
+ Received

- true
+ false

 ❯ services/platform/tests/integration/redhat-fix-02-research-iteration-writer.test.ts:238:90
    236|     it('path.json records A or B', () => {
    237|       // On RED (before path.json), this also fails — PATH-A test writ…
    238|       expect(existsSync(PATH_JSON), `.tmp/sprint-25/redhat-fix-02-path…
       |                                                                                          ^
    239|         true
    240|       );

⎯⎯⎯⎯⎯⎯⎯⎯⎯⎯⎯⎯⎯⎯⎯⎯⎯⎯⎯⎯⎯⎯⎯⎯[2/5]⎯

 FAIL  services/platform/tests/integration/redhat-fix-02-research-iteration-writer.test.ts > REDHAT-FIX-02 research_sessions.current_iteration production writer > AC-3: source audit — production writer sites > PATH-A production write site count >= 1 for current_iteration
AssertionError: expected greppable production current_iteration writer under services/platform/src; got:
: expected 0 to be greater than or equal to 1
 ❯ services/platform/tests/integration/redhat-fix-02-research-iteration-writer.test.ts:257:9
    255|         count,
    256|         `expected greppable production current_iteration writer under …
    257|       ).toBeGreaterThanOrEqual(1);
       |         ^
    258|
    259|       // progress.ts itself must be one of the sites

⎯⎯⎯⎯⎯⎯⎯⎯⎯⎯⎯⎯⎯⎯⎯⎯⎯⎯⎯⎯⎯⎯⎯⎯[3/5]⎯

 FAIL  services/platform/tests/integration/redhat-fix-02-research-iteration-writer.test.ts > REDHAT-FIX-02 research_sessions.current_iteration production writer > AC-4: PATH-A fail-closed > unknown session yields structured error (ok:false)
Error: Cannot find module '/services/platform/src/research/progress.ts' imported from /Users/inference1/Projects/holocron/.kb-run-sprint/worktrees/REDHAT-FIX-02/services/platform/tests/integration/redhat-fix-02-research-iteration-writer.test.ts
 ❯ services/platform/tests/integration/redhat-fix-02-research-iteration-writer.test.ts:273:19
    271|   describe('AC-4: PATH-A fail-closed', () => {
    272|     itLive('unknown session yields structured error (ok:false)', async…
    273|       const mod = await import('../../src/research/progress.ts');
       |                   ^
    274|       const unknownId = '00000000-0000-4000-8000-deadbeef0001';
    275|       const result = await mod.advanceResearchSessionIteration({

⎯⎯⎯⎯⎯⎯⎯⎯⎯⎯⎯⎯⎯⎯⎯⎯⎯⎯⎯⎯⎯⎯⎯⎯[4/5]⎯

 FAIL  services/platform/tests/integration/redhat-fix-02-research-iteration-writer.test.ts > REDHAT-FIX-02 research_sessions.current_iteration production writer > AC-4: PATH-A fail-closed > over-max iteration yields bounds/iteration error
Error: Cannot find module '/services/platform/src/research/progress.ts' imported from /Users/inference1/Projects/holocron/.kb-run-sprint/worktrees/REDHAT-FIX-02/services/platform/tests/integration/redhat-fix-02-research-iteration-writer.test.ts
 ❯ services/platform/tests/integration/redhat-fix-02-research-iteration-writer.test.ts:288:19
    286|
    287|     itLive('over-max iteration yields bounds/iteration error', async (…
    288|       const mod = await import('../../src/research/progress.ts');
       |                   ^
    289|       // Session already past max (current=9, max=5) — advance must fa…
    290|       await ensureSeededSessionAt(9, 5);

⎯⎯⎯⎯⎯⎯⎯⎯⎯⎯⎯⎯⎯⎯⎯⎯⎯⎯⎯⎯⎯⎯⎯⎯[5/5]⎯


 Test Files  1 failed (1)
      Tests  5 failed (5)
   Start at  11:26:08
   Duration  554ms (transform 126ms, setup 129ms, import 295ms, tests 26ms, environment 0ms)

EXIT:1
