# REDHAT-FIX-10 site-A / site-B / dual-site mutation probe 2026-08-05T19:53:28.117Z
repo_root=/Users/inference1/Projects/holocron
base_head=a688bb1782370877f406a0e45aff2923171ebd3a
correct site=A mode=unmutated exit=0 failures=0 exit_ok=true
single-site-A mode=assemblyRef-reset-siteA-only suite=AC-1-site-A exit=1 failures=1 exit_nonzero=true
single-site-A KILLED (suite exit non-zero under site-A-only wipe; failures>=1)
 Test Files  1 failed (1)
      Tests  1 failed | 4 skipped (5)
   Start at  13:53:28
   Duration  338ms (transform 82ms, setup 106ms, import 44ms, tests 99ms, environment 0ms)


⎯⎯⎯⎯⎯⎯⎯ Failed Tests 1 ⎯⎯⎯⎯⎯⎯⎯

 FAIL  |integration| tests/integration/redhat-fix-04-production-hook-reconnect.test.ts > REDHAT-FIX-04 production-hook SSE reconnect > AC-1-site-A: XHR onError reconnect without setOnline sends Last-Event-ID=3 and unique assembly
AssertionError: expected null to be '3' // Object.is equality

- Expected:
"3"

+ Received:
null

 ❯ tests/integration/redhat-fix-04-production-hook-reconnect.test.ts:637:43
    635|
    636|       // Header observed on REAL site-A onError reconnect request
    637|       expect(result.reconnectLastEventId).toBe('3');
       |                                           ^
    638|
    639|       const snap = result.snapshot;
 ❯ withSseStub tests/integration/redhat-fix-04-production-hook-reconnect.test.ts:247:5
 ❯ tests/integration/redhat-fix-04-production-hook-reconnect.test.ts:624:5

⎯⎯⎯⎯⎯⎯⎯⎯⎯⎯⎯⎯⎯⎯⎯⎯⎯⎯⎯⎯⎯⎯⎯⎯[1/1]⎯


production file restored after single-site-A probe
single-site-B mode=assemblyRef-reset-siteB-only suite=AC-1 exit=1 failures=1 exit_nonzero=true
single-site-B KILLED (site-B AC-1 exit non-zero under site-B-only wipe)
production file restored after single-site-B probe
dual-site mode=assemblyRef-reset-A+B suite=AC-1-site-A exit=1 failures=1 exit_nonzero=true
dual-site KILLED (suite exit non-zero under dual wipe)
production file restored after dual-site probe
